Archive member included to satisfy reference by file (symbol)

/usr/bin/../lib/gcc/arm-none-eabi/6.3.1/../../../../arm-none-eabi/lib/thumb/v7e-m/libg.a(lib_a-errno.o)
                              lib_build/syscalls.o (__errno)
/usr/bin/../lib/gcc/arm-none-eabi/6.3.1/../../../../arm-none-eabi/lib/thumb/v7e-m/libg.a(lib_a-impure.o)
                              /usr/bin/../lib/gcc/arm-none-eabi/6.3.1/../../../../arm-none-eabi/lib/thumb/v7e-m/libg.a(lib_a-errno.o) (_impure_ptr)
/usr/bin/../lib/gcc/arm-none-eabi/6.3.1/../../../../arm-none-eabi/lib/thumb/v7e-m/libg.a(lib_a-init.o)
                              lib_build/startup_XMC4500.o (__libc_init_array)
/usr/bin/../lib/gcc/arm-none-eabi/6.3.1/../../../../arm-none-eabi/lib/thumb/v7e-m/libg.a(lib_a-sprintf.o)
                              build/ga53keb_PartB.o (sprintf)
/usr/bin/../lib/gcc/arm-none-eabi/6.3.1/../../../../arm-none-eabi/lib/thumb/v7e-m/libg.a(lib_a-svfprintf.o)
                              /usr/bin/../lib/gcc/arm-none-eabi/6.3.1/../../../../arm-none-eabi/lib/thumb/v7e-m/libg.a(lib_a-sprintf.o) (_svfprintf_r)
/usr/bin/../lib/gcc/arm-none-eabi/6.3.1/../../../../arm-none-eabi/lib/thumb/v7e-m/libg.a(lib_a-dtoa.o)
                              /usr/bin/../lib/gcc/arm-none-eabi/6.3.1/../../../../arm-none-eabi/lib/thumb/v7e-m/libg.a(lib_a-svfprintf.o) (_dtoa_r)
/usr/bin/../lib/gcc/arm-none-eabi/6.3.1/../../../../arm-none-eabi/lib/thumb/v7e-m/libg.a(lib_a-localeconv.o)
                              /usr/bin/../lib/gcc/arm-none-eabi/6.3.1/../../../../arm-none-eabi/lib/thumb/v7e-m/libg.a(lib_a-svfprintf.o) (_localeconv_r)
/usr/bin/../lib/gcc/arm-none-eabi/6.3.1/../../../../arm-none-eabi/lib/thumb/v7e-m/libg.a(lib_a-mallocr.o)
                              /usr/bin/../lib/gcc/arm-none-eabi/6.3.1/../../../../arm-none-eabi/lib/thumb/v7e-m/libg.a(lib_a-svfprintf.o) (_malloc_r)
/usr/bin/../lib/gcc/arm-none-eabi/6.3.1/../../../../arm-none-eabi/lib/thumb/v7e-m/libg.a(lib_a-memchr.o)
                              /usr/bin/../lib/gcc/arm-none-eabi/6.3.1/../../../../arm-none-eabi/lib/thumb/v7e-m/libg.a(lib_a-svfprintf.o) (memchr)
/usr/bin/../lib/gcc/arm-none-eabi/6.3.1/../../../../arm-none-eabi/lib/thumb/v7e-m/libg.a(lib_a-memcpy.o)
                              /usr/bin/../lib/gcc/arm-none-eabi/6.3.1/../../../../arm-none-eabi/lib/thumb/v7e-m/libg.a(lib_a-dtoa.o) (memcpy)
/usr/bin/../lib/gcc/arm-none-eabi/6.3.1/../../../../arm-none-eabi/lib/thumb/v7e-m/libg.a(lib_a-mlock.o)
                              /usr/bin/../lib/gcc/arm-none-eabi/6.3.1/../../../../arm-none-eabi/lib/thumb/v7e-m/libg.a(lib_a-mallocr.o) (__malloc_lock)
/usr/bin/../lib/gcc/arm-none-eabi/6.3.1/../../../../arm-none-eabi/lib/thumb/v7e-m/libg.a(lib_a-mprec.o)
                              /usr/bin/../lib/gcc/arm-none-eabi/6.3.1/../../../../arm-none-eabi/lib/thumb/v7e-m/libg.a(lib_a-dtoa.o) (_Balloc)
/usr/bin/../lib/gcc/arm-none-eabi/6.3.1/../../../../arm-none-eabi/lib/thumb/v7e-m/libg.a(lib_a-sbrkr.o)
                              /usr/bin/../lib/gcc/arm-none-eabi/6.3.1/../../../../arm-none-eabi/lib/thumb/v7e-m/libg.a(lib_a-mallocr.o) (_sbrk_r)
/usr/bin/../lib/gcc/arm-none-eabi/6.3.1/../../../../arm-none-eabi/lib/thumb/v7e-m/libg.a(lib_a-strlen.o)
                              /usr/bin/../lib/gcc/arm-none-eabi/6.3.1/../../../../arm-none-eabi/lib/thumb/v7e-m/libg.a(lib_a-svfprintf.o) (strlen)
/usr/bin/../lib/gcc/arm-none-eabi/6.3.1/../../../../arm-none-eabi/lib/thumb/v7e-m/libg.a(lib_a-svfiprintf.o)
                              /usr/bin/../lib/gcc/arm-none-eabi/6.3.1/../../../../arm-none-eabi/lib/thumb/v7e-m/libg.a(lib_a-svfprintf.o) (__ssprint_r)
/usr/bin/../lib/gcc/arm-none-eabi/6.3.1/../../../../arm-none-eabi/lib/thumb/v7e-m/libg.a(lib_a-callocr.o)
                              /usr/bin/../lib/gcc/arm-none-eabi/6.3.1/../../../../arm-none-eabi/lib/thumb/v7e-m/libg.a(lib_a-mprec.o) (_calloc_r)
/usr/bin/../lib/gcc/arm-none-eabi/6.3.1/../../../../arm-none-eabi/lib/thumb/v7e-m/libg.a(lib_a-freer.o)
                              /usr/bin/../lib/gcc/arm-none-eabi/6.3.1/../../../../arm-none-eabi/lib/thumb/v7e-m/libg.a(lib_a-mallocr.o) (_free_r)
/usr/bin/../lib/gcc/arm-none-eabi/6.3.1/../../../../arm-none-eabi/lib/thumb/v7e-m/libg.a(lib_a-locale.o)
                              /usr/bin/../lib/gcc/arm-none-eabi/6.3.1/../../../../arm-none-eabi/lib/thumb/v7e-m/libg.a(lib_a-localeconv.o) (__global_locale)
/usr/bin/../lib/gcc/arm-none-eabi/6.3.1/../../../../arm-none-eabi/lib/thumb/v7e-m/libg.a(lib_a-lock.o)
                              /usr/bin/../lib/gcc/arm-none-eabi/6.3.1/../../../../arm-none-eabi/lib/thumb/v7e-m/libg.a(lib_a-mlock.o) (__retarget_lock_acquire_recursive)
/usr/bin/../lib/gcc/arm-none-eabi/6.3.1/../../../../arm-none-eabi/lib/thumb/v7e-m/libg.a(lib_a-mbtowc_r.o)
                              /usr/bin/../lib/gcc/arm-none-eabi/6.3.1/../../../../arm-none-eabi/lib/thumb/v7e-m/libg.a(lib_a-locale.o) (__ascii_mbtowc)
[...]
Memory Configuration

Name             Origin             Length             Attributes
FLASH_1_cached   0x0000000008000000 0x0000000000100000 xr
FLASH_1_uncached 0x000000000c000000 0x0000000000100000 xr
PSRAM_1          0x0000000010000000 0x0000000000010000 !xr
DSRAM_1_system   0x0000000020000000 0x0000000000010000 !xr
DSRAM_2_comm     0x0000000030000000 0x0000000000008000 !xr
*default*        0x0000000000000000 0xffffffffffffffff

Linker script and memory map

LOAD build/ga53keb_PartB.o
LOAD lib_build/xmc_gpio.o
LOAD lib_build/xmc4_gpio.o
LOAD lib_build/startup_XMC4500.o
LOAD lib_build/system_XMC4500.o
LOAD lib_build/syscalls.o
START GROUP
LOAD /usr/bin/../lib/gcc/arm-none-eabi/6.3.1/thumb/v7e-m/libgcc.a
LOAD /usr/bin/../lib/gcc/arm-none-eabi/6.3.1/../../../../arm-none-eabi/lib/thumb/v7e-m/libg.a
LOAD /usr/bin/../lib/gcc/arm-none-eabi/6.3.1/../../../../arm-none-eabi/lib/thumb/v7e-m/libc.a
END GROUP
START GROUP
LOAD /usr/bin/../lib/gcc/arm-none-eabi/6.3.1/thumb/v7e-m/libgcc.a
LOAD /usr/bin/../lib/gcc/arm-none-eabi/6.3.1/../../../../arm-none-eabi/lib/thumb/v7e-m/libc.a
LOAD /usr/bin/../lib/gcc/arm-none-eabi/6.3.1/../../../../arm-none-eabi/lib/thumb/v7e-m/libnosys.a
END GROUP
                0x0000000000000800                stack_size = DEFINED (stack_size)?stack_size:0x800
                0x0000000000000040                no_init_size = 0x40

.text           0x0000000008000000     0x6bc8 load address 0x000000000c000000
                0x0000000008000000                sText = .
 *(.reset)
 .reset         0x0000000008000000      0x2b2 lib_build/startup_XMC4500.o
                0x0000000008000000                __Vectors
                0x0000000008000200                Reset_Handler
                0x00000000080002b0                VADC0_C0_3_IRQHandler
                0x00000000080002b0                DSD0_7_IRQHandler
                0x00000000080002b0                DebugMon_Handler
                0x00000000080002b0                VADC0_C0_0_IRQHandler
                0x00000000080002b0                CAN0_4_IRQHandler
                0x00000000080002b0                VADC0_G2_0_IRQHandler
                0x00000000080002b0                USIC0_5_IRQHandler
                0x00000000080002b0                POSIF0_0_IRQHandler
                0x00000000080002b0                POSIF1_0_IRQHandler
                0x00000000080002b0                HardFault_Handler
                0x00000000080002b0                VADC0_G1_1_IRQHandler
                0x00000000080002b0                PendSV_Handler
                0x00000000080002b0                NMI_Handler
                0x00000000080002b0                USIC1_3_IRQHandler
                0x00000000080002b0                CCU40_2_IRQHandler
                0x00000000080002b0                SCU_0_IRQHandler
                0x00000000080002b0                ERU0_0_IRQHandler
                0x00000000080002b0                CCU41_0_IRQHandler
                0x00000000080002b0                USIC1_5_IRQHandler
                0x00000000080002b0                DSD0_4_IRQHandler
                0x00000000080002b0                CCU80_1_IRQHandler
                0x00000000080002b0                CCU81_0_IRQHandler
                0x00000000080002b0                UsageFault_Handler
                0x00000000080002b0                USIC0_0_IRQHandler
                0x00000000080002b0                POSIF1_1_IRQHandler
                0x00000000080002b0                ERU0_2_IRQHandler
                0x00000000080002b0                CCU81_1_IRQHandler
                0x00000000080002b0                ERU1_1_IRQHandler
                0x00000000080002b0                VADC0_G2_3_IRQHandler
                0x00000000080002b0                VADC0_G2_2_IRQHandler
                0x00000000080002b0                CCU42_3_IRQHandler
                0x00000000080002b0                ERU0_3_IRQHandler
                0x00000000080002b0                DSD0_5_IRQHandler
                0x00000000080002b0                CAN0_6_IRQHandler
                0x00000000080002b0                CCU43_0_IRQHandler
                0x00000000080002b0                VADC0_G0_1_IRQHandler
                0x00000000080002b0                CCU81_2_IRQHandler
                0x00000000080002b0                USIC2_4_IRQHandler
                0x00000000080002b0                CCU81_3_IRQHandler
                0x00000000080002b0                CCU42_1_IRQHandler
                0x00000000080002b0                USIC1_1_IRQHandler
                0x00000000080002b0                USIC2_5_IRQHandler
                0x00000000080002b0                CCU40_0_IRQHandler
                0x00000000080002b0                CAN0_0_IRQHandler
                0x00000000080002b0                ERU1_0_IRQHandler
                0x00000000080002b0                CCU42_2_IRQHandler
                0x00000000080002b0                Default_Handler
                0x00000000080002b0                USIC1_4_IRQHandler
                0x00000000080002b0                ERU1_3_IRQHandler
                0x00000000080002b0                USIC1_0_IRQHandler
                0x00000000080002b0                POSIF0_1_IRQHandler
                0x00000000080002b0                VADC0_G0_0_IRQHandler
                0x00000000080002b0                DSD0_2_IRQHandler
                0x00000000080002b0                CCU80_3_IRQHandler
                0x00000000080002b0                CCU41_3_IRQHandler
                0x00000000080002b0                CCU80_2_IRQHandler
                0x00000000080002b0                VADC0_G1_3_IRQHandler
                0x00000000080002b0                VADC0_G0_3_IRQHandler
                0x00000000080002b0                GPDMA0_0_IRQHandler
                0x00000000080002b0                PMU0_0_IRQHandler
                0x00000000080002b0                CAN0_7_IRQHandler
                0x00000000080002b0                DSD0_1_IRQHandler
                0x00000000080002b0                CCU41_2_IRQHandler
                0x00000000080002b0                VADC0_C0_1_IRQHandler
                0x00000000080002b0                CCU43_2_IRQHandler
                0x00000000080002b0                USIC2_2_IRQHandler
                0x00000000080002b0                MemManage_Handler
                0x00000000080002b0                VADC0_G3_1_IRQHandler
                0x00000000080002b0                DAC0_0_IRQHandler
                0x00000000080002b0                SVC_Handler
                0x00000000080002b0                VADC0_G3_3_IRQHandler
                0x00000000080002b0                ERU1_2_IRQHandler
                0x00000000080002b0                CCU41_1_IRQHandler
                0x00000000080002b0                DSD0_6_IRQHandler
                0x00000000080002b0                CCU43_1_IRQHandler
                0x00000000080002b0                VADC0_G1_2_IRQHandler
                0x00000000080002b0                USIC2_3_IRQHandler
                0x00000000080002b0                CAN0_2_IRQHandler
                0x00000000080002b0                USIC2_0_IRQHandler
                0x00000000080002b0                VADC0_G0_2_IRQHandler
                0x00000000080002b0                VADC0_G2_1_IRQHandler
                0x00000000080002b0                CAN0_3_IRQHandler
                0x00000000080002b0                ETH0_0_IRQHandler
                0x00000000080002b0                USIC0_3_IRQHandler
                0x00000000080002b0                DSD0_0_IRQHandler
                0x00000000080002b0                VADC0_C0_2_IRQHandler
                0x00000000080002b0                CCU42_0_IRQHandler
                0x00000000080002b0                FCE0_0_IRQHandler
                0x00000000080002b0                VADC0_G1_0_IRQHandler
                0x00000000080002b0                USB0_0_IRQHandler
                0x00000000080002b0                CAN0_5_IRQHandler
                0x00000000080002b0                CCU80_0_IRQHandler
                0x00000000080002b0                CCU40_1_IRQHandler
                0x00000000080002b0                USIC2_1_IRQHandler
                0x00000000080002b0                USIC0_1_IRQHandler
                0x00000000080002b0                VADC0_G3_2_IRQHandler
                0x00000000080002b0                CCU40_3_IRQHandler
                0x00000000080002b0                BusFault_Handler
                0x00000000080002b0                LEDTS0_0_IRQHandler
                0x00000000080002b0                USIC0_4_IRQHandler
                0x00000000080002b0                CCU43_3_IRQHandler
                0x00000000080002b0                ERU0_1_IRQHandler
                0x00000000080002b0                VADC0_G3_0_IRQHandler
                0x00000000080002b0                USIC1_2_IRQHandler
                0x00000000080002b0                DSD0_3_IRQHandler
                0x00000000080002b0                SDMMC0_0_IRQHandler
                0x00000000080002b0                CAN0_1_IRQHandler
                0x00000000080002b0                USIC0_2_IRQHandler
                0x00000000080002b0                DAC0_1_IRQHandler
                0x00000000080002b0                GPDMA1_0_IRQHandler
 *(.text .text.* .gnu.linkonce.t.*)
 .text          0x00000000080002b2        0x0 build/ga53keb_PartB.o
 *fill*         0x00000000080002b2        0x2 
 .text.__NVIC_SetPriority
                0x00000000080002b4       0x54 build/ga53keb_PartB.o
 .text.SysTick_Config
                0x0000000008000308       0x44 build/ga53keb_PartB.o
 .text.XMC_GPIO_SetOutputHigh
                0x000000000800034c       0x22 build/ga53keb_PartB.o
 .text.XMC_GPIO_SetOutputLow
                0x000000000800036e       0x24 build/ga53keb_PartB.o
 .text.XMC_GPIO_GetInput
                0x0000000008000392       0x26 build/ga53keb_PartB.o
 .text.displayThis
                0x00000000080003b8      0x1a8 build/ga53keb_PartB.o
                0x00000000080003b8                displayThis
 .text.flashLED
                0x0000000008000560       0x70 build/ga53keb_PartB.o
                0x0000000008000560                flashLED
 .text.SysTick_Handler
                0x00000000080005d0       0x1c build/ga53keb_PartB.o
                0x00000000080005d0                SysTick_Handler
 .text.millis   0x00000000080005ec       0x18 build/ga53keb_PartB.o
 .text.delay    0x0000000008000604       0x5c build/ga53keb_PartB.o
                0x0000000008000604                delay
 .text.main     0x0000000008000660       0xb8 build/ga53keb_PartB.o
                0x0000000008000660                main
 .text          0x0000000008000718        0x0 lib_build/xmc_gpio.o
 .text.XMC_GPIO_SetMode
                0x0000000008000718       0x82 lib_build/xmc_gpio.o
                0x0000000008000718                XMC_GPIO_SetMode
 .text.XMC_GPIO_SetHardwareControl
                0x000000000800079a       0x46 lib_build/xmc_gpio.o
                0x000000000800079a                XMC_GPIO_SetHardwareControl
 .text          0x00000000080007e0        0x0 lib_build/xmc4_gpio.o
 .text.XMC_GPIO_Init
                0x00000000080007e0      0x144 lib_build/xmc4_gpio.o
                0x00000000080007e0                XMC_GPIO_Init
 .text.XMC_GPIO_SetOutputStrength
                0x0000000008000924       0x86 lib_build/xmc4_gpio.o
                0x0000000008000924                XMC_GPIO_SetOutputStrength
 .text          0x00000000080009aa        0x0 lib_build/startup_XMC4500.o
 .text          0x00000000080009aa        0x0 lib_build/system_XMC4500.o
 .text.delay    0x00000000080009aa       0x2a lib_build/system_XMC4500.o
 .text.SystemInit
                0x00000000080009d4       0x24 lib_build/system_XMC4500.o
                0x00000000080009d4                SystemInit
 .text.SystemCoreSetup
                0x00000000080009f8       0x70 lib_build/system_XMC4500.o
                0x00000000080009f8                SystemCoreSetup
 .text.SystemCoreClockSetup
                0x0000000008000a68      0x208 lib_build/system_XMC4500.o
                0x0000000008000a68                SystemCoreClockSetup
 .text.SystemCoreClockUpdate
                0x0000000008000c70       0xd4 lib_build/system_XMC4500.o
                0x0000000008000c70                SystemCoreClockUpdate
 .text.OSCHP_GetFrequency
                0x0000000008000d44       0x14 lib_build/system_XMC4500.o
                0x0000000008000d44                OSCHP_GetFrequency
 .text          0x0000000008000d58        0x0 lib_build/syscalls.o
 .text._sbrk    0x0000000008000d58       0x68 lib_build/syscalls.o
                0x0000000008000d58                _sbrk
 .text._init    0x0000000008000dc0        0xe lib_build/syscalls.o
                0x0000000008000dc0                _init
 .text          0x0000000008000dce        0x0 /usr/bin/../lib/gcc/arm-none-eabi/6.3.1/../../../../arm-none-eabi/lib/thumb/v7e-m/libg.a(lib_a-errno.o)
 *fill*         0x0000000008000dce        0x2 
 .text.__errno  0x0000000008000dd0        0xc /usr/bin/../lib/gcc/arm-none-eabi/6.3.1/../../../../arm-none-eabi/lib/thumb/v7e-m/libg.a(lib_a-errno.o)
                0x0000000008000dd0                __errno
 .text          0x0000000008000ddc        0x0 /usr/bin/../lib/gcc/arm-none-eabi/6.3.1/../../../../arm-none-eabi/lib/thumb/v7e-m/libg.a(lib_a-impure.o)
 .text          0x0000000008000ddc        0x0 /usr/bin/../lib/gcc/arm-none-eabi/6.3.1/../../../../arm-none-eabi/lib/thumb/v7e-m/libg.a(lib_a-init.o)
 .text.__libc_init_array
                0x0000000008000ddc       0x50 /usr/bin/../lib/gcc/arm-none-eabi/6.3.1/../../../../arm-none-eabi/lib/thumb/v7e-m/libg.a(lib_a-init.o)
                0x0000000008000ddc                __libc_init_array
 .text          0x0000000008000e2c        0x0 /usr/bin/../lib/gcc/arm-none-eabi/6.3.1/../../../../arm-none-eabi/lib/thumb/v7e-m/libg.a(lib_a-sprintf.o)
 .text._sprintf_r
                0x0000000008000e2c       0x44 /usr/bin/../lib/gcc/arm-none-eabi/6.3.1/../../../../arm-none-eabi/lib/thumb/v7e-m/libg.a(lib_a-sprintf.o)
                0x0000000008000e2c                _sprintf_r
 .text.sprintf  0x0000000008000e70       0x4c /usr/bin/../lib/gcc/arm-none-eabi/6.3.1/../../../../arm-none-eabi/lib/thumb/v7e-m/libg.a(lib_a-sprintf.o)
                0x0000000008000e70                sprintf
 .text          0x0000000008000ebc        0x0 /usr/bin/../lib/gcc/arm-none-eabi/6.3.1/../../../../arm-none-eabi/lib/thumb/v7e-m/libg.a(lib_a-svfprintf.o)
 .text._svfprintf_r
                0x0000000008000ebc     0x145c /usr/bin/../lib/gcc/arm-none-eabi/6.3.1/../../../../arm-none-eabi/lib/thumb/v7e-m/libg.a(lib_a-svfprintf.o)
                0x0000000008000ebc                _svfprintf_r
 .text          0x0000000008002318        0x0 /usr/bin/../lib/gcc/arm-none-eabi/6.3.1/../../../../arm-none-eabi/lib/thumb/v7e-m/libg.a(lib_a-dtoa.o)
 .text.quorem   0x0000000008002318      0x128 /usr/bin/../lib/gcc/arm-none-eabi/6.3.1/../../../../arm-none-eabi/lib/thumb/v7e-m/libg.a(lib_a-dtoa.o)
 .text._dtoa_r  0x0000000008002440      0xe54 /usr/bin/../lib/gcc/arm-none-eabi/6.3.1/../../../../arm-none-eabi/lib/thumb/v7e-m/libg.a(lib_a-dtoa.o)
                0x0000000008002440                _dtoa_r
 .text          0x0000000008003294        0x0 /usr/bin/../lib/gcc/arm-none-eabi/6.3.1/../../../../arm-none-eabi/lib/thumb/v7e-m/libg.a(lib_a-localeconv.o)
 .text.__localeconv_l
                0x0000000008003294        0x4 /usr/bin/../lib/gcc/arm-none-eabi/6.3.1/../../../../arm-none-eabi/lib/thumb/v7e-m/libg.a(lib_a-localeconv.o)
                0x0000000008003294                __localeconv_l
 .text._localeconv_r
                0x0000000008003298       0x1c /usr/bin/../lib/gcc/arm-none-eabi/6.3.1/../../../../arm-none-eabi/lib/thumb/v7e-m/libg.a(lib_a-localeconv.o)
                0x0000000008003298                _localeconv_r
 .text.localeconv
                0x00000000080032b4       0x1c /usr/bin/../lib/gcc/arm-none-eabi/6.3.1/../../../../arm-none-eabi/lib/thumb/v7e-m/libg.a(lib_a-localeconv.o)
                0x00000000080032b4                localeconv
 .text          0x00000000080032d0        0x0 /usr/bin/../lib/gcc/arm-none-eabi/6.3.1/../../../../arm-none-eabi/lib/thumb/v7e-m/libg.a(lib_a-mallocr.o)
 .text._malloc_r
                0x00000000080032d0      0x560 /usr/bin/../lib/gcc/arm-none-eabi/6.3.1/../../../../arm-none-eabi/lib/thumb/v7e-m/libg.a(lib_a-mallocr.o)
                0x00000000080032d0                _malloc_r
 .text          0x0000000008003830       0xa0 /usr/bin/../lib/gcc/arm-none-eabi/6.3.1/../../../../arm-none-eabi/lib/thumb/v7e-m/libg.a(lib_a-memchr.o)
                0x0000000008003830                memchr
 .text          0x00000000080038d0      0x134 /usr/bin/../lib/gcc/arm-none-eabi/6.3.1/../../../../arm-none-eabi/lib/thumb/v7e-m/libg.a(lib_a-memcpy.o)
                0x00000000080038d0                memcpy
 .text          0x0000000008003a04        0x0 /usr/bin/../lib/gcc/arm-none-eabi/6.3.1/../../../../arm-none-eabi/lib/thumb/v7e-m/libg.a(lib_a-mlock.o)
 .text.__malloc_lock
                0x0000000008003a04        0xc /usr/bin/../lib/gcc/arm-none-eabi/6.3.1/../../../../arm-none-eabi/lib/thumb/v7e-m/libg.a(lib_a-mlock.o)
                0x0000000008003a04                __malloc_lock
 .text.__malloc_unlock
                0x0000000008003a10        0xc /usr/bin/../lib/gcc/arm-none-eabi/6.3.1/../../../../arm-none-eabi/lib/thumb/v7e-m/libg.a(lib_a-mlock.o)
                0x0000000008003a10                __malloc_unlock
 .text          0x0000000008003a1c        0x0 /usr/bin/../lib/gcc/arm-none-eabi/6.3.1/../../../../arm-none-eabi/lib/thumb/v7e-m/libg.a(lib_a-mprec.o)
 .text._Balloc  0x0000000008003a1c       0x4c /usr/bin/../lib/gcc/arm-none-eabi/6.3.1/../../../../arm-none-eabi/lib/thumb/v7e-m/libg.a(lib_a-mprec.o)
                0x0000000008003a1c                _Balloc
 .text._Bfree   0x0000000008003a68       0x14 /usr/bin/../lib/gcc/arm-none-eabi/6.3.1/../../../../arm-none-eabi/lib/thumb/v7e-m/libg.a(lib_a-mprec.o)
                0x0000000008003a68                _Bfree
 .text.__multadd
                0x0000000008003a7c       0x80 /usr/bin/../lib/gcc/arm-none-eabi/6.3.1/../../../../arm-none-eabi/lib/thumb/v7e-m/libg.a(lib_a-mprec.o)
                0x0000000008003a7c                __multadd
 .text.__s2b    0x0000000008003afc       0x9c /usr/bin/../lib/gcc/arm-none-eabi/6.3.1/../../../../arm-none-eabi/lib/thumb/v7e-m/libg.a(lib_a-mprec.o)
                0x0000000008003afc                __s2b
 .text.__hi0bits
                0x0000000008003b98       0x40 /usr/bin/../lib/gcc/arm-none-eabi/6.3.1/../../../../arm-none-eabi/lib/thumb/v7e-m/libg.a(lib_a-mprec.o)
                0x0000000008003b98                __hi0bits
 .text.__lo0bits
                0x0000000008003bd8       0x60 /usr/bin/../lib/gcc/arm-none-eabi/6.3.1/../../../../arm-none-eabi/lib/thumb/v7e-m/libg.a(lib_a-mprec.o)
                0x0000000008003bd8                __lo0bits
 .text.__i2b    0x0000000008003c38       0x14 /usr/bin/../lib/gcc/arm-none-eabi/6.3.1/../../../../arm-none-eabi/lib/thumb/v7e-m/libg.a(lib_a-mprec.o)
                0x0000000008003c38                __i2b
 .text.__multiply
                0x0000000008003c4c      0x124 /usr/bin/../lib/gcc/arm-none-eabi/6.3.1/../../../../arm-none-eabi/lib/thumb/v7e-m/libg.a(lib_a-mprec.o)
                0x0000000008003c4c                __multiply
 .text.__pow5mult
                0x0000000008003d70       0xa0 /usr/bin/../lib/gcc/arm-none-eabi/6.3.1/../../../../arm-none-eabi/lib/thumb/v7e-m/libg.a(lib_a-mprec.o)
                0x0000000008003d70                __pow5mult
 .text.__lshift
                0x0000000008003e10       0xa4 /usr/bin/../lib/gcc/arm-none-eabi/6.3.1/../../../../arm-none-eabi/lib/thumb/v7e-m/libg.a(lib_a-mprec.o)
                0x0000000008003e10                __lshift
 .text.__mcmp   0x0000000008003eb4       0x38 /usr/bin/../lib/gcc/arm-none-eabi/6.3.1/../../../../arm-none-eabi/lib/thumb/v7e-m/libg.a(lib_a-mprec.o)
                0x0000000008003eb4                __mcmp
 .text.__mdiff  0x0000000008003eec      0x108 /usr/bin/../lib/gcc/arm-none-eabi/6.3.1/../../../../arm-none-eabi/lib/thumb/v7e-m/libg.a(lib_a-mprec.o)
                0x0000000008003eec                __mdiff
 .text.__ulp    0x0000000008003ff4       0x44 /usr/bin/../lib/gcc/arm-none-eabi/6.3.1/../../../../arm-none-eabi/lib/thumb/v7e-m/libg.a(lib_a-mprec.o)
                0x0000000008003ff4                __ulp
 .text.__b2d    0x0000000008004038       0xd0 /usr/bin/../lib/gcc/arm-none-eabi/6.3.1/../../../../arm-none-eabi/lib/thumb/v7e-m/libg.a(lib_a-mprec.o)
                0x0000000008004038                __b2d
 .text.__d2b    0x0000000008004108       0xb8 /usr/bin/../lib/gcc/arm-none-eabi/6.3.1/../../../../arm-none-eabi/lib/thumb/v7e-m/libg.a(lib_a-mprec.o)
                0x0000000008004108                __d2b
 .text.__ratio  0x00000000080041c0       0x58 /usr/bin/../lib/gcc/arm-none-eabi/6.3.1/../../../../arm-none-eabi/lib/thumb/v7e-m/libg.a(lib_a-mprec.o)
                0x00000000080041c0                __ratio
 .text._mprec_log10
                0x0000000008004218       0x38 /usr/bin/../lib/gcc/arm-none-eabi/6.3.1/../../../../arm-none-eabi/lib/thumb/v7e-m/libg.a(lib_a-mprec.o)
                0x0000000008004218                _mprec_log10
 .text.__copybits
                0x0000000008004250       0x48 /usr/bin/../lib/gcc/arm-none-eabi/6.3.1/../../../../arm-none-eabi/lib/thumb/v7e-m/libg.a(lib_a-mprec.o)
                0x0000000008004250                __copybits
 .text.__any_on
                0x0000000008004298       0x5c /usr/bin/../lib/gcc/arm-none-eabi/6.3.1/../../../../arm-none-eabi/lib/thumb/v7e-m/libg.a(lib_a-mprec.o)
                0x0000000008004298                __any_on
 .text          0x00000000080042f4        0x0 /usr/bin/../lib/gcc/arm-none-eabi/6.3.1/../../../../arm-none-eabi/lib/thumb/v7e-m/libg.a(lib_a-sbrkr.o)
 .text._sbrk_r  0x00000000080042f4       0x24 /usr/bin/../lib/gcc/arm-none-eabi/6.3.1/../../../../arm-none-eabi/lib/thumb/v7e-m/libg.a(lib_a-sbrkr.o)
                0x00000000080042f4                _sbrk_r
 *fill*         0x0000000008004318       0x28 
 .text          0x0000000008004340       0xdc /usr/bin/../lib/gcc/arm-none-eabi/6.3.1/../../../../arm-none-eabi/lib/thumb/v7e-m/libg.a(lib_a-strlen.o)
                0x0000000008004340                strlen
 .text          0x000000000800441c        0x0 /usr/bin/../lib/gcc/arm-none-eabi/6.3.1/../../../../arm-none-eabi/lib/thumb/v7e-m/libg.a(lib_a-svfiprintf.o)
 .text.__ssprint_r
                0x000000000800441c       0xfc /usr/bin/../lib/gcc/arm-none-eabi/6.3.1/../../../../arm-none-eabi/lib/thumb/v7e-m/libg.a(lib_a-svfiprintf.o)
                0x000000000800441c                __ssprint_r
 .text._svfiprintf_r
                0x0000000008004518      0xa54 /usr/bin/../lib/gcc/arm-none-eabi/6.3.1/../../../../arm-none-eabi/lib/thumb/v7e-m/libg.a(lib_a-svfiprintf.o)
                0x0000000008004518                _svfiprintf_r
 .text          0x0000000008004f6c        0x0 /usr/bin/../lib/gcc/arm-none-eabi/6.3.1/../../../../arm-none-eabi/lib/thumb/v7e-m/libg.a(lib_a-callocr.o)
 .text._calloc_r
                0x0000000008004f6c       0x60 /usr/bin/../lib/gcc/arm-none-eabi/6.3.1/../../../../arm-none-eabi/lib/thumb/v7e-m/libg.a(lib_a-callocr.o)
                0x0000000008004f6c                _calloc_r
 .text          0x0000000008004fcc        0x0 /usr/bin/../lib/gcc/arm-none-eabi/6.3.1/../../../../arm-none-eabi/lib/thumb/v7e-m/libg.a(lib_a-freer.o)
 .text._malloc_trim_r
                0x0000000008004fcc       0xa0 /usr/bin/../lib/gcc/arm-none-eabi/6.3.1/../../../../arm-none-eabi/lib/thumb/v7e-m/libg.a(lib_a-freer.o)
                0x0000000008004fcc                _malloc_trim_r
 .text._free_r  0x000000000800506c      0x1cc /usr/bin/../lib/gcc/arm-none-eabi/6.3.1/../../../../arm-none-eabi/lib/thumb/v7e-m/libg.a(lib_a-freer.o)
                0x000000000800506c                _free_r
 .text          0x0000000008005238        0x0 /usr/bin/../lib/gcc/arm-none-eabi/6.3.1/../../../../arm-none-eabi/lib/thumb/v7e-m/libg.a(lib_a-locale.o)
 .text._setlocale_r
                0x0000000008005238       0x40 /usr/bin/../lib/gcc/arm-none-eabi/6.3.1/../../../../arm-none-eabi/lib/thumb/v7e-m/libg.a(lib_a-locale.o)
                0x0000000008005238                _setlocale_r
 .text.__locale_mb_cur_max
                0x0000000008005278       0x1c /usr/bin/../lib/gcc/arm-none-eabi/6.3.1/../../../../arm-none-eabi/lib/thumb/v7e-m/libg.a(lib_a-locale.o)
                0x0000000008005278                __locale_mb_cur_max
 .text.__locale_ctype_ptr_l
                0x0000000008005294        0x8 /usr/bin/../lib/gcc/arm-none-eabi/6.3.1/../../../../arm-none-eabi/lib/thumb/v7e-m/libg.a(lib_a-locale.o)
                0x0000000008005294                __locale_ctype_ptr_l
 .text.__locale_ctype_ptr
                0x000000000800529c       0x1c /usr/bin/../lib/gcc/arm-none-eabi/6.3.1/../../../../arm-none-eabi/lib/thumb/v7e-m/libg.a(lib_a-locale.o)
                0x000000000800529c                __locale_ctype_ptr
 .text.setlocale
                0x00000000080052b8       0x10 /usr/bin/../lib/gcc/arm-none-eabi/6.3.1/../../../../arm-none-eabi/lib/thumb/v7e-m/libg.a(lib_a-locale.o)
                0x00000000080052b8                setlocale
 .text          0x00000000080052c8        0x0 /usr/bin/../lib/gcc/arm-none-eabi/6.3.1/../../../../arm-none-eabi/lib/thumb/v7e-m/libg.a(lib_a-lock.o)
 .text.__retarget_lock_init
                0x00000000080052c8        0x4 /usr/bin/../lib/gcc/arm-none-eabi/6.3.1/../../../../arm-none-eabi/lib/thumb/v7e-m/libg.a(lib_a-lock.o)
                0x00000000080052c8                __retarget_lock_init
 .text.__retarget_lock_init_recursive
                0x00000000080052cc        0x4 /usr/bin/../lib/gcc/arm-none-eabi/6.3.1/../../../../arm-none-eabi/lib/thumb/v7e-m/libg.a(lib_a-lock.o)
                0x00000000080052cc                __retarget_lock_init_recursive
 .text.__retarget_lock_close
                0x00000000080052d0        0x4 /usr/bin/../lib/gcc/arm-none-eabi/6.3.1/../../../../arm-none-eabi/lib/thumb/v7e-m/libg.a(lib_a-lock.o)
                0x00000000080052d0                __retarget_lock_close
 .text.__retarget_lock_close_recursive
                0x00000000080052d4        0x4 /usr/bin/../lib/gcc/arm-none-eabi/6.3.1/../../../../arm-none-eabi/lib/thumb/v7e-m/libg.a(lib_a-lock.o)
                0x00000000080052d4                __retarget_lock_close_recursive
 .text.__retarget_lock_acquire
                0x00000000080052d8        0x4 /usr/bin/../lib/gcc/arm-none-eabi/6.3.1/../../../../arm-none-eabi/lib/thumb/v7e-m/libg.a(lib_a-lock.o)
                0x00000000080052d8                __retarget_lock_acquire
 .text.__retarget_lock_acquire_recursive
                0x00000000080052dc        0x4 /usr/bin/../lib/gcc/arm-none-eabi/6.3.1/../../../../arm-none-eabi/lib/thumb/v7e-m/libg.a(lib_a-lock.o)
                0x00000000080052dc                __retarget_lock_acquire_recursive
 .text.__retarget_lock_try_acquire
                0x00000000080052e0        0x4 /usr/bin/../lib/gcc/arm-none-eabi/6.3.1/../../../../arm-none-eabi/lib/thumb/v7e-m/libg.a(lib_a-lock.o)
                0x00000000080052e0                __retarget_lock_try_acquire
 .text.__retarget_lock_try_acquire_recursive
                0x00000000080052e4        0x4 /usr/bin/../lib/gcc/arm-none-eabi/6.3.1/../../../../arm-none-eabi/lib/thumb/v7e-m/libg.a(lib_a-lock.o)
                0x00000000080052e4                __retarget_lock_try_acquire_recursive
 .text.__retarget_lock_release
                0x00000000080052e8        0x4 /usr/bin/../lib/gcc/arm-none-eabi/6.3.1/../../../../arm-none-eabi/lib/thumb/v7e-m/libg.a(lib_a-lock.o)
                0x00000000080052e8                __retarget_lock_release
 .text.__retarget_lock_release_recursive
                0x00000000080052ec        0x4 /usr/bin/../lib/gcc/arm-none-eabi/6.3.1/../../../../arm-none-eabi/lib/thumb/v7e-m/libg.a(lib_a-lock.o)
                0x00000000080052ec                __retarget_lock_release_recursive
 .text          0x00000000080052f0        0x0 /usr/bin/../lib/gcc/arm-none-eabi/6.3.1/../../../../arm-none-eabi/lib/thumb/v7e-m/libg.a(lib_a-mbtowc_r.o)
 .text._mbtowc_r
                0x00000000080052f0       0x24 /usr/bin/../lib/gcc/arm-none-eabi/6.3.1/../../../../arm-none-eabi/lib/thumb/v7e-m/libg.a(lib_a-mbtowc_r.o)
                0x00000000080052f0                _mbtowc_r
 .text.__ascii_mbtowc
                0x0000000008005314       0x2c /usr/bin/../lib/gcc/arm-none-eabi/6.3.1/../../../../arm-none-eabi/lib/thumb/v7e-m/libg.a(lib_a-mbtowc_r.o)
                0x0000000008005314                __ascii_mbtowc
 .text          0x0000000008005340        0x0 /usr/bin/../lib/gcc/arm-none-eabi/6.3.1/../../../../arm-none-eabi/lib/thumb/v7e-m/libg.a(lib_a-memmove.o)
 .text.memmove  0x0000000008005340       0xc8 /usr/bin/../lib/gcc/arm-none-eabi/6.3.1/../../../../arm-none-eabi/lib/thumb/v7e-m/libg.a(lib_a-memmove.o)
                0x0000000008005340                memmove
 .text          0x0000000008005408        0x0 /usr/bin/../lib/gcc/arm-none-eabi/6.3.1/../../../../arm-none-eabi/lib/thumb/v7e-m/libg.a(lib_a-memset.o)
 .text.memset   0x0000000008005408       0x9c /usr/bin/../lib/gcc/arm-none-eabi/6.3.1/../../../../arm-none-eabi/lib/thumb/v7e-m/libg.a(lib_a-memset.o)
                0x0000000008005408                memset
 .text          0x00000000080054a4        0x0 /usr/bin/../lib/gcc/arm-none-eabi/6.3.1/../../../../arm-none-eabi/lib/thumb/v7e-m/libg.a(lib_a-reallocr.o)
 .text._realloc_r
                0x00000000080054a4      0x34c /usr/bin/../lib/gcc/arm-none-eabi/6.3.1/../../../../arm-none-eabi/lib/thumb/v7e-m/libg.a(lib_a-reallocr.o)
                0x00000000080054a4                _realloc_r
 .text          0x00000000080057f0        0x0 /usr/bin/../lib/gcc/arm-none-eabi/6.3.1/../../../../arm-none-eabi/lib/thumb/v7e-m/libg.a(lib_a-reent.o)
 .text.cleanup_glue
                0x00000000080057f0       0x1c /usr/bin/../lib/gcc/arm-none-eabi/6.3.1/../../../../arm-none-eabi/lib/thumb/v7e-m/libg.a(lib_a-reent.o)
                0x00000000080057f0                cleanup_glue
 .text._reclaim_reent
                0x000000000800580c       0x88 /usr/bin/../lib/gcc/arm-none-eabi/6.3.1/../../../../arm-none-eabi/lib/thumb/v7e-m/libg.a(lib_a-reent.o)
                0x000000000800580c                _reclaim_reent
 *fill*         0x0000000008005894        0xc 
 .text          0x00000000080058a0      0x2dc /usr/bin/../lib/gcc/arm-none-eabi/6.3.1/../../../../arm-none-eabi/lib/thumb/v7e-m/libg.a(lib_a-strcmp.o)
                0x00000000080058a8                strcmp
 .text          0x0000000008005b7c        0x0 /usr/bin/../lib/gcc/arm-none-eabi/6.3.1/../../../../arm-none-eabi/lib/thumb/v7e-m/libg.a(lib_a-wctomb_r.o)
 .text._wctomb_r
                0x0000000008005b7c       0x24 /usr/bin/../lib/gcc/arm-none-eabi/6.3.1/../../../../arm-none-eabi/lib/thumb/v7e-m/libg.a(lib_a-wctomb_r.o)
                0x0000000008005b7c                _wctomb_r
 .text.__ascii_wctomb
                0x0000000008005ba0       0x1c /usr/bin/../lib/gcc/arm-none-eabi/6.3.1/../../../../arm-none-eabi/lib/thumb/v7e-m/libg.a(lib_a-wctomb_r.o)
                0x0000000008005ba0                __ascii_wctomb
 .text          0x0000000008005bbc        0x0 /usr/bin/../lib/gcc/arm-none-eabi/6.3.1/../../../../arm-none-eabi/lib/thumb/v7e-m/libg.a(lib_a-ctype_.o)
 .text          0x0000000008005bbc      0x370 /usr/bin/../lib/gcc/arm-none-eabi/6.3.1/thumb/v7e-m/libgcc.a(_arm_addsubdf3.o)
                0x0000000008005bbc                __aeabi_drsub
                0x0000000008005bc4                __aeabi_dsub
                0x0000000008005bc4                __subdf3
                0x0000000008005bc8                __adddf3
                0x0000000008005bc8                __aeabi_dadd
                0x0000000008005e40                __aeabi_ui2d
                0x0000000008005e40                __floatunsidf
                0x0000000008005e60                __floatsidf
                0x0000000008005e60                __aeabi_i2d
                0x0000000008005e84                __extendsfdf2
                0x0000000008005e84                __aeabi_f2d
                0x0000000008005ec0                __aeabi_ul2d
                0x0000000008005ec0                __floatundidf
                0x0000000008005ed0                __floatdidf
                0x0000000008005ed0                __aeabi_l2d
 .text          0x0000000008005f2c      0x424 /usr/bin/../lib/gcc/arm-none-eabi/6.3.1/thumb/v7e-m/libgcc.a(_arm_muldivdf3.o)
                0x0000000008005f2c                __aeabi_dmul
                0x0000000008005f2c                __muldf3
                0x0000000008006180                __aeabi_ddiv
                0x0000000008006180                __divdf3
 .text          0x0000000008006350      0x110 /usr/bin/../lib/gcc/arm-none-eabi/6.3.1/thumb/v7e-m/libgcc.a(_arm_cmpdf2.o)
                0x0000000008006350                __gtdf2
                0x0000000008006350                __gedf2
                0x0000000008006358                __ltdf2
                0x0000000008006358                __ledf2
                0x0000000008006360                __cmpdf2
                0x0000000008006360                __eqdf2
                0x0000000008006360                __nedf2
                0x00000000080063dc                __aeabi_cdrcmple
                0x00000000080063ec                __aeabi_cdcmple
                0x00000000080063ec                __aeabi_cdcmpeq
                0x00000000080063fc                __aeabi_dcmpeq
                0x0000000008006410                __aeabi_dcmplt
                0x0000000008006424                __aeabi_dcmple
                0x0000000008006438                __aeabi_dcmpge
                0x000000000800644c                __aeabi_dcmpgt
 .text          0x0000000008006460       0x2c /usr/bin/../lib/gcc/arm-none-eabi/6.3.1/thumb/v7e-m/libgcc.a(_arm_unorddf2.o)
                0x0000000008006460                __aeabi_dcmpun
                0x0000000008006460                __unorddf2
 .text          0x000000000800648c       0x50 /usr/bin/../lib/gcc/arm-none-eabi/6.3.1/thumb/v7e-m/libgcc.a(_arm_fixdfsi.o)
                0x000000000800648c                __fixdfsi
                0x000000000800648c                __aeabi_d2iz
 .text          0x00000000080064dc       0x30 /usr/bin/../lib/gcc/arm-none-eabi/6.3.1/thumb/v7e-m/libgcc.a(_aeabi_uldivmod.o)
                0x00000000080064dc                __aeabi_uldivmod
 .text          0x000000000800650c      0x2dc /usr/bin/../lib/gcc/arm-none-eabi/6.3.1/thumb/v7e-m/libgcc.a(_udivmoddi4.o)
                0x000000000800650c                __udivmoddi4
 .text          0x00000000080067e8        0x4 /usr/bin/../lib/gcc/arm-none-eabi/6.3.1/thumb/v7e-m/libgcc.a(_dvmd_tls.o)
                0x00000000080067e8                __aeabi_ldiv0
                0x00000000080067e8                __aeabi_idiv0
 *(.init)
 *(.fini)
 *crtbegin.o(.ctors)
 *crtbegin?.o(.ctors)
 *(EXCLUDE_FILE(*crtend.o *crtend?.o) .ctors)
 *(SORT(.ctors.*))
 *(.ctors)
 *crtbegin.o(.dtors)
 *crtbegin?.o(.dtors)
 *(EXCLUDE_FILE(*crtend.o *crtend?.o) .dtors)
 *(SORT(.dtors.*))
 *(.dtors)
 *(.rodata .rodata.*)
 .rodata        0x00000000080067ec      0x108 build/ga53keb_PartB.o
 .rodata._global_impure_ptr
                0x00000000080068f4        0x4 /usr/bin/../lib/gcc/arm-none-eabi/6.3.1/../../../../arm-none-eabi/lib/thumb/v7e-m/libg.a(lib_a-impure.o)
                0x00000000080068f4                _global_impure_ptr
 .rodata._svfprintf_r.str1.4
                0x00000000080068f8       0x42 /usr/bin/../lib/gcc/arm-none-eabi/6.3.1/../../../../arm-none-eabi/lib/thumb/v7e-m/libg.a(lib_a-svfprintf.o)
 *fill*         0x000000000800693a        0x2 
 .rodata.blanks.7223
                0x000000000800693c       0x10 /usr/bin/../lib/gcc/arm-none-eabi/6.3.1/../../../../arm-none-eabi/lib/thumb/v7e-m/libg.a(lib_a-svfprintf.o)
 .rodata.zeroes.7224
                0x000000000800694c       0x10 /usr/bin/../lib/gcc/arm-none-eabi/6.3.1/../../../../arm-none-eabi/lib/thumb/v7e-m/libg.a(lib_a-svfprintf.o)
 .rodata._dtoa_r.str1.4
                0x000000000800695c       0x10 /usr/bin/../lib/gcc/arm-none-eabi/6.3.1/../../../../arm-none-eabi/lib/thumb/v7e-m/libg.a(lib_a-dtoa.o)
                                         0x12 (size before relaxing)
 *fill*         0x000000000800696c        0x4 
 .rodata.__mprec_bigtens
                0x0000000008006970       0x28 /usr/bin/../lib/gcc/arm-none-eabi/6.3.1/../../../../arm-none-eabi/lib/thumb/v7e-m/libg.a(lib_a-mprec.o)
                0x0000000008006970                __mprec_bigtens
 .rodata.__mprec_tens
                0x0000000008006998       0xc8 /usr/bin/../lib/gcc/arm-none-eabi/6.3.1/../../../../arm-none-eabi/lib/thumb/v7e-m/libg.a(lib_a-mprec.o)
                0x0000000008006998                __mprec_tens
 .rodata.__mprec_tinytens
                0x0000000008006a60       0x28 /usr/bin/../lib/gcc/arm-none-eabi/6.3.1/../../../../arm-none-eabi/lib/thumb/v7e-m/libg.a(lib_a-mprec.o)
                0x0000000008006a60                __mprec_tinytens
 .rodata.p05.6055
                0x0000000008006a88        0xc /usr/bin/../lib/gcc/arm-none-eabi/6.3.1/../../../../arm-none-eabi/lib/thumb/v7e-m/libg.a(lib_a-mprec.o)
 .rodata._svfiprintf_r.str1.4
                0x0000000008006a94       0x2f /usr/bin/../lib/gcc/arm-none-eabi/6.3.1/../../../../arm-none-eabi/lib/thumb/v7e-m/libg.a(lib_a-svfiprintf.o)
 .rodata.blanks.7203
                0x0000000008006a94       0x10 /usr/bin/../lib/gcc/arm-none-eabi/6.3.1/../../../../arm-none-eabi/lib/thumb/v7e-m/libg.a(lib_a-svfiprintf.o)
 .rodata.zeroes.7204
                0x0000000008006aa4       0x10 /usr/bin/../lib/gcc/arm-none-eabi/6.3.1/../../../../arm-none-eabi/lib/thumb/v7e-m/libg.a(lib_a-svfiprintf.o)
 .rodata._setlocale_r.str1.4
                0x0000000008006ab4        0xa /usr/bin/../lib/gcc/arm-none-eabi/6.3.1/../../../../arm-none-eabi/lib/thumb/v7e-m/libg.a(lib_a-locale.o)
                                          0xd (size before relaxing)
 *fill*         0x0000000008006abe        0x2 
 .rodata.str1.4
                0x0000000008006ac0        0x4 /usr/bin/../lib/gcc/arm-none-eabi/6.3.1/../../../../arm-none-eabi/lib/thumb/v7e-m/libg.a(lib_a-locale.o)
                                          0x2 (size before relaxing)
 .rodata._ctype_
                0x0000000008006ac4      0x101 /usr/bin/../lib/gcc/arm-none-eabi/6.3.1/../../../../arm-none-eabi/lib/thumb/v7e-m/libg.a(lib_a-ctype_.o)
                0x0000000008006ac4                _ctype_
 *(.gnu.linkonce.r*)
 *(vtable)
                0x0000000008006bc8                . = ALIGN (0x4)
 *fill*         0x0000000008006bc5        0x3 

.glue_7         0x0000000008006bc8        0x0 load address 0x000000000c006bc8
 .glue_7        0x0000000008006bc8        0x0 linker stubs

.glue_7t        0x0000000008006bc8        0x0 load address 0x000000000c006bc8
 .glue_7t       0x0000000008006bc8        0x0 linker stubs

.vfp11_veneer   0x0000000008006bc8        0x0 load address 0x000000000c006bc8
 .vfp11_veneer  0x0000000008006bc8        0x0 linker stubs

.v4_bx          0x0000000008006bc8        0x0 load address 0x000000000c006bc8
 .v4_bx         0x0000000008006bc8        0x0 linker stubs

.iplt           0x0000000008006bc8        0x0 load address 0x000000000c006bc8
 .iplt          0x0000000008006bc8        0x0 build/ga53keb_PartB.o

.eh_frame_hdr
 *(.eh_frame_hdr)

.eh_frame
 *(.eh_frame)

.ARM.extab      0x0000000008006bc8        0x0 load address 0x000000000c006bc8
 *(.ARM.extab* .gnu.linkonce.armextab.*)
 .ARM.extab     0x0000000008006bc8        0x0 /usr/bin/../lib/gcc/arm-none-eabi/6.3.1/thumb/v7e-m/libgcc.a(_udivmoddi4.o)
                0x0000000008006bc8                . = ALIGN (0x4)
                0x0000000008006bc8                __exidx_start = .

.ARM.exidx      0x0000000008006bc8        0x8 load address 0x000000000c006bc8
 *(.ARM.exidx* .gnu.linkonce.armexidx.*)
 .ARM.exidx     0x0000000008006bc8        0x8 /usr/bin/../lib/gcc/arm-none-eabi/6.3.1/thumb/v7e-m/libgcc.a(_udivmoddi4.o)
                0x0000000008006bd0                __exidx_end = .

.rel.dyn        0x0000000008006bd0        0x0 load address 0x000000000c006bd0
 .rel.iplt      0x0000000008006bd0        0x0 build/ga53keb_PartB.o
                0x0000000008006bd0                . = ALIGN (0x4)

Stack           0x0000000010000000      0x800
                0x0000000010000000                __stack_start = .
                0x0000000010000800                . = (. + stack_size)
 *fill*         0x0000000010000000      0x800 
                0x0000000010000800                __stack_end = .
                0x0000000010000800                __initial_sp = .

.ram_code       0x0000000010000800        0x0 load address 0x000000000c006bd0
                0x0000000010000800                . = ALIGN (0x4)
                0x0000000010000800                __ram_code_start = .
 *(.ram_code)
                0x0000000010000800                . = ALIGN (0x4)
                0x0000000010000800                __ram_code_end = .
                0x000000000c006bd0                __ram_code_load = LOADADDR (.ram_code)
                0x0000000000000000                __ram_code_size = (__ram_code_end - __ram_code_start)

PSRAM_DATA      0x0000000010000800        0x0 load address 0x000000000c006bd0
                0x0000000010000800                . = ALIGN (0x4)
                0x0000000010000800                __data3_start = .
 *(PSRAM_DATA)
                0x0000000010000800                . = ALIGN (0x4)
                0x0000000010000800                __data3_end = .
                0x000000000c006bd0                __data3_load = LOADADDR (PSRAM_DATA)
                0x0000000000000000                __data3_size = (__data3_end - __data3_start)

PSRAM_BSS       0x0000000010000800        0x0 load address 0x000000000c006bd0
                0x0000000010000800                . = ALIGN (0x4)
                0x0000000010000800                __bss3_start = .
 *(PSRAM_BSS)
                0x0000000010000800                . = ALIGN (0x4)
                0x0000000010000800                __bss3_end = .
                0x0000000010000800                . = ALIGN (0x8)
                0x0000000010000800                Heap_Bank3_Start = .
                0x0000000000000000                __bss3_size = (__bss3_end - __bss3_start)

.data           0x0000000020000000      0xa44 load address 0x000000000c006bd0
                0x0000000020000000                . = ALIGN (0x4)
                0x0000000020000000                __data_start = .
 *(.data)
 .data          0x0000000020000000       0x98 build/ga53keb_PartB.o
                0x0000000020000000                dotsNdashes
 .data          0x0000000020000098        0x0 lib_build/xmc_gpio.o
 .data          0x0000000020000098        0x0 lib_build/xmc4_gpio.o
 .data          0x0000000020000098        0x0 lib_build/startup_XMC4500.o
 .data          0x0000000020000098        0x0 lib_build/system_XMC4500.o
 .data          0x0000000020000098        0x0 lib_build/syscalls.o
 .data          0x0000000020000098        0x0 /usr/bin/../lib/gcc/arm-none-eabi/6.3.1/../../../../arm-none-eabi/lib/thumb/v7e-m/libg.a(lib_a-errno.o)
 .data          0x0000000020000098        0x0 /usr/bin/../lib/gcc/arm-none-eabi/6.3.1/../../../../arm-none-eabi/lib/thumb/v7e-m/libg.a(lib_a-impure.o)
 .data          0x0000000020000098        0x0 /usr/bin/../lib/gcc/arm-none-eabi/6.3.1/../../../../arm-none-eabi/lib/thumb/v7e-m/libg.a(lib_a-init.o)
 .data          0x0000000020000098        0x0 /usr/bin/../lib/gcc/arm-none-eabi/6.3.1/../../../../arm-none-eabi/lib/thumb/v7e-m/libg.a(lib_a-sprintf.o)
 .data          0x0000000020000098        0x0 /usr/bin/../lib/gcc/arm-none-eabi/6.3.1/../../../../arm-none-eabi/lib/thumb/v7e-m/libg.a(lib_a-svfprintf.o)
 .data          0x0000000020000098        0x0 /usr/bin/../lib/gcc/arm-none-eabi/6.3.1/../../../../arm-none-eabi/lib/thumb/v7e-m/libg.a(lib_a-dtoa.o)
 .data          0x0000000020000098        0x0 /usr/bin/../lib/gcc/arm-none-eabi/6.3.1/../../../../arm-none-eabi/lib/thumb/v7e-m/libg.a(lib_a-localeconv.o)
 .data          0x0000000020000098        0x0 /usr/bin/../lib/gcc/arm-none-eabi/6.3.1/../../../../arm-none-eabi/lib/thumb/v7e-m/libg.a(lib_a-mallocr.o)
 .data          0x0000000020000098        0x0 /usr/bin/../lib/gcc/arm-none-eabi/6.3.1/../../../../arm-none-eabi/lib/thumb/v7e-m/libg.a(lib_a-memchr.o)
 .data          0x0000000020000098        0x0 /usr/bin/../lib/gcc/arm-none-eabi/6.3.1/../../../../arm-none-eabi/lib/thumb/v7e-m/libg.a(lib_a-memcpy.o)
 .data          0x0000000020000098        0x0 /usr/bin/../lib/gcc/arm-none-eabi/6.3.1/../../../../arm-none-eabi/lib/thumb/v7e-m/libg.a(lib_a-mlock.o)
 .data          0x0000000020000098        0x0 /usr/bin/../lib/gcc/arm-none-eabi/6.3.1/../../../../arm-none-eabi/lib/thumb/v7e-m/libg.a(lib_a-mprec.o)
 .data          0x0000000020000098        0x0 /usr/bin/../lib/gcc/arm-none-eabi/6.3.1/../../../../arm-none-eabi/lib/thumb/v7e-m/libg.a(lib_a-sbrkr.o)
 .data          0x0000000020000098        0x0 /usr/bin/../lib/gcc/arm-none-eabi/6.3.1/../../../../arm-none-eabi/lib/thumb/v7e-m/libg.a(lib_a-strlen.o)
 .data          0x0000000020000098        0x0 /usr/bin/../lib/gcc/arm-none-eabi/6.3.1/../../../../arm-none-eabi/lib/thumb/v7e-m/libg.a(lib_a-svfiprintf.o)
 .data          0x0000000020000098        0x0 /usr/bin/../lib/gcc/arm-none-eabi/6.3.1/../../../../arm-none-eabi/lib/thumb/v7e-m/libg.a(lib_a-callocr.o)
 .data          0x0000000020000098        0x0 /usr/bin/../lib/gcc/arm-none-eabi/6.3.1/../../../../arm-none-eabi/lib/thumb/v7e-m/libg.a(lib_a-freer.o)
 .data          0x0000000020000098        0x0 /usr/bin/../lib/gcc/arm-none-eabi/6.3.1/../../../../arm-none-eabi/lib/thumb/v7e-m/libg.a(lib_a-locale.o)
 .data          0x0000000020000098        0x0 /usr/bin/../lib/gcc/arm-none-eabi/6.3.1/../../../../arm-none-eabi/lib/thumb/v7e-m/libg.a(lib_a-lock.o)
 .data          0x0000000020000098        0x0 /usr/bin/../lib/gcc/arm-none-eabi/6.3.1/../../../../arm-none-eabi/lib/thumb/v7e-m/libg.a(lib_a-mbtowc_r.o)
 .data          0x0000000020000098        0x0 /usr/bin/../lib/gcc/arm-none-eabi/6.3.1/../../../../arm-none-eabi/lib/thumb/v7e-m/libg.a(lib_a-memmove.o)
 .data          0x0000000020000098        0x0 /usr/bin/../lib/gcc/arm-none-eabi/6.3.1/../../../../arm-none-eabi/lib/thumb/v7e-m/libg.a(lib_a-memset.o)
 .data          0x0000000020000098        0x0 /usr/bin/../lib/gcc/arm-none-eabi/6.3.1/../../../../arm-none-eabi/lib/thumb/v7e-m/libg.a(lib_a-reallocr.o)
 .data          0x0000000020000098        0x0 /usr/bin/../lib/gcc/arm-none-eabi/6.3.1/../../../../arm-none-eabi/lib/thumb/v7e-m/libg.a(lib_a-reent.o)
 .data          0x0000000020000098        0x0 /usr/bin/../lib/gcc/arm-none-eabi/6.3.1/../../../../arm-none-eabi/lib/thumb/v7e-m/libg.a(lib_a-strcmp.o)
 .data          0x0000000020000098        0x0 /usr/bin/../lib/gcc/arm-none-eabi/6.3.1/../../../../arm-none-eabi/lib/thumb/v7e-m/libg.a(lib_a-wctomb_r.o)
 .data          0x0000000020000098        0x0 /usr/bin/../lib/gcc/arm-none-eabi/6.3.1/../../../../arm-none-eabi/lib/thumb/v7e-m/libg.a(lib_a-ctype_.o)
 .data          0x0000000020000098        0x0 /usr/bin/../lib/gcc/arm-none-eabi/6.3.1/thumb/v7e-m/libgcc.a(_arm_addsubdf3.o)
 .data          0x0000000020000098        0x0 /usr/bin/../lib/gcc/arm-none-eabi/6.3.1/thumb/v7e-m/libgcc.a(_arm_muldivdf3.o)
 .data          0x0000000020000098        0x0 /usr/bin/../lib/gcc/arm-none-eabi/6.3.1/thumb/v7e-m/libgcc.a(_arm_cmpdf2.o)
 .data          0x0000000020000098        0x0 /usr/bin/../lib/gcc/arm-none-eabi/6.3.1/thumb/v7e-m/libgcc.a(_arm_unorddf2.o)
 .data          0x0000000020000098        0x0 /usr/bin/../lib/gcc/arm-none-eabi/6.3.1/thumb/v7e-m/libgcc.a(_arm_fixdfsi.o)
 .data          0x0000000020000098        0x0 /usr/bin/../lib/gcc/arm-none-eabi/6.3.1/thumb/v7e-m/libgcc.a(_aeabi_uldivmod.o)
 .data          0x0000000020000098        0x0 /usr/bin/../lib/gcc/arm-none-eabi/6.3.1/thumb/v7e-m/libgcc.a(_udivmoddi4.o)
 .data          0x0000000020000098        0x0 /usr/bin/../lib/gcc/arm-none-eabi/6.3.1/thumb/v7e-m/libgcc.a(_dvmd_tls.o)
 *(.data*)
 .data._impure_ptr
                0x0000000020000098        0x4 /usr/bin/../lib/gcc/arm-none-eabi/6.3.1/../../../../arm-none-eabi/lib/thumb/v7e-m/libg.a(lib_a-impure.o)
                0x0000000020000098                _impure_ptr
 *fill*         0x000000002000009c        0x4 
 .data.impure_data
                0x00000000200000a0      0x428 /usr/bin/../lib/gcc/arm-none-eabi/6.3.1/../../../../arm-none-eabi/lib/thumb/v7e-m/libg.a(lib_a-impure.o)
 .data.__malloc_av_
                0x00000000200004c8      0x408 /usr/bin/../lib/gcc/arm-none-eabi/6.3.1/../../../../arm-none-eabi/lib/thumb/v7e-m/libg.a(lib_a-mallocr.o)
                0x00000000200004c8                __malloc_av_
 .data.__malloc_sbrk_base
                0x00000000200008d0        0x4 /usr/bin/../lib/gcc/arm-none-eabi/6.3.1/../../../../arm-none-eabi/lib/thumb/v7e-m/libg.a(lib_a-mallocr.o)
                0x00000000200008d0                __malloc_sbrk_base
 .data.__malloc_trim_threshold
                0x00000000200008d4        0x4 /usr/bin/../lib/gcc/arm-none-eabi/6.3.1/../../../../arm-none-eabi/lib/thumb/v7e-m/libg.a(lib_a-mallocr.o)
                0x00000000200008d4                __malloc_trim_threshold
 .data.__global_locale
                0x00000000200008d8      0x16c /usr/bin/../lib/gcc/arm-none-eabi/6.3.1/../../../../arm-none-eabi/lib/thumb/v7e-m/libg.a(lib_a-locale.o)
                0x00000000200008d8                __global_locale
 *(*.data)
 *(.gnu.linkonce.d*)
                0x0000000020000a44                . = ALIGN (0x4)
                0x0000000020000a44                PROVIDE (__preinit_array_start, .)
 *(.preinit_array)
                0x0000000020000a44                PROVIDE (__preinit_array_end, .)
                0x0000000020000a44                . = ALIGN (0x4)
                0x0000000020000a44                PROVIDE (__init_array_start, .)
 *(SORT(.init_array.*))
 *(.init_array)
                0x0000000020000a44                PROVIDE (__init_array_end, .)
                0x0000000020000a44                . = ALIGN (0x4)
                [!provide]                        PROVIDE (__fini_array_start, .)
 *(SORT(.fini_array.*))
 *(.fini_array)
                [!provide]                        PROVIDE (__fini_array_end, .)
                0x0000000020000a44                . = ALIGN (0x4)
                0x0000000020000a44                __data_end = .
                0x000000000c006bd0                __data_load = LOADADDR (.data)
                0x0000000000000a44                __data_size = (__data_end - __data_start)

.igot.plt       0x0000000020000a44        0x0 load address 0x000000000c007614
 .igot.plt      0x0000000020000a44        0x0 build/ga53keb_PartB.o

.bss            0x0000000020000a44       0x7c load address 0x000000000c007614
                0x0000000020000a44                . = ALIGN (0x4)
                0x0000000020000a44                __bss_start = .
 *(.bss)
 .bss           0x0000000020000a44        0xe build/ga53keb_PartB.o
 .bss           0x0000000020000a52        0x0 lib_build/xmc_gpio.o
 .bss           0x0000000020000a52        0x0 lib_build/xmc4_gpio.o
 .bss           0x0000000020000a52        0x0 lib_build/startup_XMC4500.o
 .bss           0x0000000020000a52        0x0 lib_build/system_XMC4500.o
 *fill*         0x0000000020000a52        0x2 
 .bss           0x0000000020000a54        0x8 lib_build/syscalls.o
                0x0000000020000a54                __dso_handle
 .bss           0x0000000020000a5c        0x0 /usr/bin/../lib/gcc/arm-none-eabi/6.3.1/../../../../arm-none-eabi/lib/thumb/v7e-m/libg.a(lib_a-errno.o)
 .bss           0x0000000020000a5c        0x0 /usr/bin/../lib/gcc/arm-none-eabi/6.3.1/../../../../arm-none-eabi/lib/thumb/v7e-m/libg.a(lib_a-impure.o)
 .bss           0x0000000020000a5c        0x0 /usr/bin/../lib/gcc/arm-none-eabi/6.3.1/../../../../arm-none-eabi/lib/thumb/v7e-m/libg.a(lib_a-init.o)
 .bss           0x0000000020000a5c        0x0 /usr/bin/../lib/gcc/arm-none-eabi/6.3.1/../../../../arm-none-eabi/lib/thumb/v7e-m/libg.a(lib_a-sprintf.o)
 .bss           0x0000000020000a5c        0x0 /usr/bin/../lib/gcc/arm-none-eabi/6.3.1/../../../../arm-none-eabi/lib/thumb/v7e-m/libg.a(lib_a-svfprintf.o)
 .bss           0x0000000020000a5c        0x0 /usr/bin/../lib/gcc/arm-none-eabi/6.3.1/../../../../arm-none-eabi/lib/thumb/v7e-m/libg.a(lib_a-dtoa.o)
 .bss           0x0000000020000a5c        0x0 /usr/bin/../lib/gcc/arm-none-eabi/6.3.1/../../../../arm-none-eabi/lib/thumb/v7e-m/libg.a(lib_a-localeconv.o)
 .bss           0x0000000020000a5c        0x0 /usr/bin/../lib/gcc/arm-none-eabi/6.3.1/../../../../arm-none-eabi/lib/thumb/v7e-m/libg.a(lib_a-mallocr.o)
 .bss           0x0000000020000a5c        0x0 /usr/bin/../lib/gcc/arm-none-eabi/6.3.1/../../../../arm-none-eabi/lib/thumb/v7e-m/libg.a(lib_a-memchr.o)
 .bss           0x0000000020000a5c        0x0 /usr/bin/../lib/gcc/arm-none-eabi/6.3.1/../../../../arm-none-eabi/lib/thumb/v7e-m/libg.a(lib_a-memcpy.o)
 .bss           0x0000000020000a5c        0x0 /usr/bin/../lib/gcc/arm-none-eabi/6.3.1/../../../../arm-none-eabi/lib/thumb/v7e-m/libg.a(lib_a-mlock.o)
 .bss           0x0000000020000a5c        0x0 /usr/bin/../lib/gcc/arm-none-eabi/6.3.1/../../../../arm-none-eabi/lib/thumb/v7e-m/libg.a(lib_a-mprec.o)
 .bss           0x0000000020000a5c        0x0 /usr/bin/../lib/gcc/arm-none-eabi/6.3.1/../../../../arm-none-eabi/lib/thumb/v7e-m/libg.a(lib_a-sbrkr.o)
 .bss           0x0000000020000a5c        0x0 /usr/bin/../lib/gcc/arm-none-eabi/6.3.1/../../../../arm-none-eabi/lib/thumb/v7e-m/libg.a(lib_a-strlen.o)
 .bss           0x0000000020000a5c        0x0 /usr/bin/../lib/gcc/arm-none-eabi/6.3.1/../../../../arm-none-eabi/lib/thumb/v7e-m/libg.a(lib_a-svfiprintf.o)
 .bss           0x0000000020000a5c        0x0 /usr/bin/../lib/gcc/arm-none-eabi/6.3.1/../../../../arm-none-eabi/lib/thumb/v7e-m/libg.a(lib_a-callocr.o)
 .bss           0x0000000020000a5c        0x0 /usr/bin/../lib/gcc/arm-none-eabi/6.3.1/../../../../arm-none-eabi/lib/thumb/v7e-m/libg.a(lib_a-freer.o)
 .bss           0x0000000020000a5c        0x0 /usr/bin/../lib/gcc/arm-none-eabi/6.3.1/../../../../arm-none-eabi/lib/thumb/v7e-m/libg.a(lib_a-locale.o)
 .bss           0x0000000020000a5c        0x0 /usr/bin/../lib/gcc/arm-none-eabi/6.3.1/../../../../arm-none-eabi/lib/thumb/v7e-m/libg.a(lib_a-lock.o)
 .bss           0x0000000020000a5c        0x0 /usr/bin/../lib/gcc/arm-none-eabi/6.3.1/../../../../arm-none-eabi/lib/thumb/v7e-m/libg.a(lib_a-mbtowc_r.o)
 .bss           0x0000000020000a5c        0x0 /usr/bin/../lib/gcc/arm-none-eabi/6.3.1/../../../../arm-none-eabi/lib/thumb/v7e-m/libg.a(lib_a-memmove.o)
 .bss           0x0000000020000a5c        0x0 /usr/bin/../lib/gcc/arm-none-eabi/6.3.1/../../../../arm-none-eabi/lib/thumb/v7e-m/libg.a(lib_a-memset.o)
 .bss           0x0000000020000a5c        0x0 /usr/bin/../lib/gcc/arm-none-eabi/6.3.1/../../../../arm-none-eabi/lib/thumb/v7e-m/libg.a(lib_a-reallocr.o)
 .bss           0x0000000020000a5c        0x0 /usr/bin/../lib/gcc/arm-none-eabi/6.3.1/../../../../arm-none-eabi/lib/thumb/v7e-m/libg.a(lib_a-reent.o)
 .bss           0x0000000020000a5c        0x0 /usr/bin/../lib/gcc/arm-none-eabi/6.3.1/../../../../arm-none-eabi/lib/thumb/v7e-m/libg.a(lib_a-strcmp.o)
 .bss           0x0000000020000a5c        0x0 /usr/bin/../lib/gcc/arm-none-eabi/6.3.1/../../../../arm-none-eabi/lib/thumb/v7e-m/libg.a(lib_a-wctomb_r.o)
 .bss           0x0000000020000a5c        0x0 /usr/bin/../lib/gcc/arm-none-eabi/6.3.1/../../../../arm-none-eabi/lib/thumb/v7e-m/libg.a(lib_a-ctype_.o)
 .bss           0x0000000020000a5c        0x0 /usr/bin/../lib/gcc/arm-none-eabi/6.3.1/thumb/v7e-m/libgcc.a(_arm_addsubdf3.o)
 .bss           0x0000000020000a5c        0x0 /usr/bin/../lib/gcc/arm-none-eabi/6.3.1/thumb/v7e-m/libgcc.a(_arm_muldivdf3.o)
 .bss           0x0000000020000a5c        0x0 /usr/bin/../lib/gcc/arm-none-eabi/6.3.1/thumb/v7e-m/libgcc.a(_arm_cmpdf2.o)
 .bss           0x0000000020000a5c        0x0 /usr/bin/../lib/gcc/arm-none-eabi/6.3.1/thumb/v7e-m/libgcc.a(_arm_unorddf2.o)
 .bss           0x0000000020000a5c        0x0 /usr/bin/../lib/gcc/arm-none-eabi/6.3.1/thumb/v7e-m/libgcc.a(_arm_fixdfsi.o)
 .bss           0x0000000020000a5c        0x0 /usr/bin/../lib/gcc/arm-none-eabi/6.3.1/thumb/v7e-m/libgcc.a(_aeabi_uldivmod.o)
 .bss           0x0000000020000a5c        0x0 /usr/bin/../lib/gcc/arm-none-eabi/6.3.1/thumb/v7e-m/libgcc.a(_udivmoddi4.o)
 .bss           0x0000000020000a5c        0x0 /usr/bin/../lib/gcc/arm-none-eabi/6.3.1/thumb/v7e-m/libgcc.a(_dvmd_tls.o)
 *(.bss*)
 .bss.__malloc_current_mallinfo
                0x0000000020000a5c       0x28 /usr/bin/../lib/gcc/arm-none-eabi/6.3.1/../../../../arm-none-eabi/lib/thumb/v7e-m/libg.a(lib_a-mallocr.o)
                0x0000000020000a5c                __malloc_current_mallinfo
 .bss.__malloc_max_sbrked_mem
                0x0000000020000a84        0x4 /usr/bin/../lib/gcc/arm-none-eabi/6.3.1/../../../../arm-none-eabi/lib/thumb/v7e-m/libg.a(lib_a-mallocr.o)
                0x0000000020000a84                __malloc_max_sbrked_mem
 .bss.__malloc_max_total_mem
                0x0000000020000a88        0x4 /usr/bin/../lib/gcc/arm-none-eabi/6.3.1/../../../../arm-none-eabi/lib/thumb/v7e-m/libg.a(lib_a-mallocr.o)
                0x0000000020000a88                __malloc_max_total_mem
 .bss.__malloc_top_pad
                0x0000000020000a8c        0x4 /usr/bin/../lib/gcc/arm-none-eabi/6.3.1/../../../../arm-none-eabi/lib/thumb/v7e-m/libg.a(lib_a-mallocr.o)
                0x0000000020000a8c                __malloc_top_pad
 .bss._PathLocale
                0x0000000020000a90        0x4 /usr/bin/../lib/gcc/arm-none-eabi/6.3.1/../../../../arm-none-eabi/lib/thumb/v7e-m/libg.a(lib_a-locale.o)
                0x0000000020000a90                _PathLocale
 *(COMMON)
 COMMON         0x0000000020000a94        0x4 build/ga53keb_PartB.o
                0x0000000020000a94                temp_ticks
 COMMON         0x0000000020000a98       0x21 /usr/bin/../lib/gcc/arm-none-eabi/6.3.1/../../../../arm-none-eabi/lib/thumb/v7e-m/libg.a(lib_a-lock.o)
                0x0000000020000a98                __lock___atexit_recursive_mutex
                0x0000000020000a9c                __lock___arc4random_mutex
                0x0000000020000aa0                __lock___env_recursive_mutex
                0x0000000020000aa4                __lock___sinit_recursive_mutex
                0x0000000020000aa8                __lock___malloc_recursive_mutex
                0x0000000020000aac                __lock___at_quick_exit_mutex
                0x0000000020000ab0                __lock___dd_hash_mutex
                0x0000000020000ab4                __lock___tz_mutex
                0x0000000020000ab8                __lock___sfp_recursive_mutex
 *fill*         0x0000000020000ab9        0x3 
 COMMON         0x0000000020000abc        0x4 /usr/bin/../lib/gcc/arm-none-eabi/6.3.1/../../../../arm-none-eabi/lib/thumb/v7e-m/libg.a(lib_a-reent.o)
                0x0000000020000abc                errno
 *(.gnu.linkonce.b*)
                0x0000000020000ac0                . = ALIGN (0x4)
                0x0000000020000ac0                __bss_end = .
                0x0000000020000ac0                . = ALIGN (0x8)
                0x0000000020000ac0                Heap_Bank1_Start = .
                0x000000000000007c                __bss_size = (__bss_end - __bss_start)

.no_init        0x000000002000ffc0       0x14
                0x000000002000ffc0                Heap_Bank1_End = .
 *(.no_init)
 .no_init       0x000000002000ffc0       0x14 lib_build/system_XMC4500.o
                0x000000002000ffc0                SystemCoreClock
                0x000000002000ffc4                g_chipid

DSRAM2_DATA     0x0000000030000000        0x0 load address 0x000000000c007614
                0x0000000030000000                . = ALIGN (0x4)
                0x0000000030000000                __data2_start = .
 *(DSRAM2_DATA)
                0x0000000030000000                . = ALIGN (0x4)
                0x0000000030000000                __data2_end = .
                0x000000000c007614                __data2_load = LOADADDR (DSRAM2_DATA)
                0x0000000000000000                __data2_size = (__data2_end - __data2_start)
                0x0000000000007614                __text_size = (((((__exidx_end - sText) + __data_size) + __ram_code_size) + __data2_size) + __data3_size)
                0x0000000008007614                eText = (sText + __text_size)

DSRAM2_BSS      0x0000000030000000        0x0 load address 0x000000000c007614
                0x0000000030000000                . = ALIGN (0x4)
                0x0000000030000000                __bss2_start = .
 *(ETH_RAM)
 *(USB_RAM)
 *(DSRAM2_BSS)
                0x0000000030000000                . = ALIGN (0x4)
                0x0000000030000000                __bss2_end = .
                0x0000000030000000                . = ALIGN (0x8)
                0x0000000030000000                Heap_Bank2_Start = .
                0x0000000000000000                __bss2_size = (__bss2_end - __bss2_start)
                0x000000000000f500                Heap_Bank1_Size = (Heap_Bank1_End - Heap_Bank1_Start)
                0x0000000000008000                Heap_Bank2_Size = (LENGTH (DSRAM_2_comm) - (Heap_Bank2_Start - ORIGIN (DSRAM_2_comm)))
                0x000000000000f800                Heap_Bank3_Size = (LENGTH (PSRAM_1) - (Heap_Bank3_Start - ORIGIN (PSRAM_1)))
                0x0000000000000001                ASSERT ((Heap_Bank1_Start <= Heap_Bank1_End), region SRAM_combined overflowed no_init section)

/DISCARD/
 *(.comment)

.stab
 *(.stab)

.stabstr
 *(.stabstr)

.debug
 *(.debug)

.line
 *(.line)

.debug_srcinfo
 *(.debug_srcinfo)

.debug_sfnames
 *(.debug_sfnames)

.debug_aranges  0x0000000000000000      0x150
 *(.debug_aranges)
 .debug_aranges
                0x0000000000000000       0x70 build/ga53keb_PartB.o
 .debug_aranges
                0x0000000000000070       0x28 lib_build/xmc_gpio.o
 .debug_aranges
                0x0000000000000098       0x28 lib_build/xmc4_gpio.o
 .debug_aranges
                0x00000000000000c0       0x20 lib_build/startup_XMC4500.o
 .debug_aranges
                0x00000000000000e0       0x48 lib_build/system_XMC4500.o
 .debug_aranges
                0x0000000000000128       0x28 lib_build/syscalls.o

.debug_pubnames
 *(.debug_pubnames)

.debug_pubtypes
 *(.debug_pubtypes)

.debug_info     0x0000000000000000     0x4d09
 *(.debug_info .gnu.linkonce.wi.*)
 .debug_info    0x0000000000000000     0x162b build/ga53keb_PartB.o
 .debug_info    0x000000000000162b      0xcc7 lib_build/xmc_gpio.o
 .debug_info    0x00000000000022f2      0xd55 lib_build/xmc4_gpio.o
 .debug_info    0x0000000000003047       0xb8 lib_build/startup_XMC4500.o
 .debug_info    0x00000000000030ff     0x11cd lib_build/system_XMC4500.o
 .debug_info    0x00000000000042cc      0xa3d lib_build/syscalls.o

.debug_abbrev   0x0000000000000000      0xbac
 *(.debug_abbrev)
 .debug_abbrev  0x0000000000000000      0x360 build/ga53keb_PartB.o
 .debug_abbrev  0x0000000000000360      0x1f4 lib_build/xmc_gpio.o
 .debug_abbrev  0x0000000000000554      0x1e5 lib_build/xmc4_gpio.o
 .debug_abbrev  0x0000000000000739       0x14 lib_build/startup_XMC4500.o
 .debug_abbrev  0x000000000000074d      0x285 lib_build/system_XMC4500.o
 .debug_abbrev  0x00000000000009d2      0x1da lib_build/syscalls.o

.debug_line     0x0000000000000000     0x1332
 *(.debug_line)
 .debug_line    0x0000000000000000      0x4c0 build/ga53keb_PartB.o
 .debug_line    0x00000000000004c0      0x37f lib_build/xmc_gpio.o
 .debug_line    0x000000000000083f      0x391 lib_build/xmc4_gpio.o
 .debug_line    0x0000000000000bd0       0xd1 lib_build/startup_XMC4500.o
 .debug_line    0x0000000000000ca1      0x3f7 lib_build/system_XMC4500.o
 .debug_line    0x0000000000001098      0x29a lib_build/syscalls.o

.debug_frame    0x0000000000000000      0xf50
 *(.debug_frame)
 .debug_frame   0x0000000000000000      0x1b8 build/ga53keb_PartB.o
 .debug_frame   0x00000000000001b8       0x60 lib_build/xmc_gpio.o
 .debug_frame   0x0000000000000218       0x60 lib_build/xmc4_gpio.o
 .debug_frame   0x0000000000000278       0xec lib_build/system_XMC4500.o
 .debug_frame   0x0000000000000364       0x5c lib_build/syscalls.o
 .debug_frame   0x00000000000003c0       0x20 /usr/bin/../lib/gcc/arm-none-eabi/6.3.1/../../../../arm-none-eabi/lib/thumb/v7e-m/libg.a(lib_a-errno.o)
 .debug_frame   0x00000000000003e0       0x2c /usr/bin/../lib/gcc/arm-none-eabi/6.3.1/../../../../arm-none-eabi/lib/thumb/v7e-m/libg.a(lib_a-init.o)
 .debug_frame   0x000000000000040c       0x84 /usr/bin/../lib/gcc/arm-none-eabi/6.3.1/../../../../arm-none-eabi/lib/thumb/v7e-m/libg.a(lib_a-sprintf.o)
 .debug_frame   0x0000000000000490       0x40 /usr/bin/../lib/gcc/arm-none-eabi/6.3.1/../../../../arm-none-eabi/lib/thumb/v7e-m/libg.a(lib_a-svfprintf.o)
 .debug_frame   0x00000000000004d0       0x88 /usr/bin/../lib/gcc/arm-none-eabi/6.3.1/../../../../arm-none-eabi/lib/thumb/v7e-m/libg.a(lib_a-dtoa.o)
 .debug_frame   0x0000000000000558       0x40 /usr/bin/../lib/gcc/arm-none-eabi/6.3.1/../../../../arm-none-eabi/lib/thumb/v7e-m/libg.a(lib_a-localeconv.o)
 .debug_frame   0x0000000000000598       0x58 /usr/bin/../lib/gcc/arm-none-eabi/6.3.1/../../../../arm-none-eabi/lib/thumb/v7e-m/libg.a(lib_a-mallocr.o)
 .debug_frame   0x00000000000005f0       0x30 /usr/bin/../lib/gcc/arm-none-eabi/6.3.1/../../../../arm-none-eabi/lib/thumb/v7e-m/libg.a(lib_a-mlock.o)
 .debug_frame   0x0000000000000620      0x25c /usr/bin/../lib/gcc/arm-none-eabi/6.3.1/../../../../arm-none-eabi/lib/thumb/v7e-m/libg.a(lib_a-mprec.o)
 .debug_frame   0x000000000000087c       0x2c /usr/bin/../lib/gcc/arm-none-eabi/6.3.1/../../../../arm-none-eabi/lib/thumb/v7e-m/libg.a(lib_a-sbrkr.o)
 .debug_frame   0x00000000000008a8       0x78 /usr/bin/../lib/gcc/arm-none-eabi/6.3.1/../../../../arm-none-eabi/lib/thumb/v7e-m/libg.a(lib_a-svfiprintf.o)
 .debug_frame   0x0000000000000920       0x28 /usr/bin/../lib/gcc/arm-none-eabi/6.3.1/../../../../arm-none-eabi/lib/thumb/v7e-m/libg.a(lib_a-callocr.o)
 .debug_frame   0x0000000000000948       0x74 /usr/bin/../lib/gcc/arm-none-eabi/6.3.1/../../../../arm-none-eabi/lib/thumb/v7e-m/libg.a(lib_a-freer.o)
 .debug_frame   0x00000000000009bc       0x6c /usr/bin/../lib/gcc/arm-none-eabi/6.3.1/../../../../arm-none-eabi/lib/thumb/v7e-m/libg.a(lib_a-locale.o)
 .debug_frame   0x0000000000000a28       0xb0 /usr/bin/../lib/gcc/arm-none-eabi/6.3.1/../../../../arm-none-eabi/lib/thumb/v7e-m/libg.a(lib_a-lock.o)
 .debug_frame   0x0000000000000ad8       0x4c /usr/bin/../lib/gcc/arm-none-eabi/6.3.1/../../../../arm-none-eabi/lib/thumb/v7e-m/libg.a(lib_a-mbtowc_r.o)
 .debug_frame   0x0000000000000b24       0x30 /usr/bin/../lib/gcc/arm-none-eabi/6.3.1/../../../../arm-none-eabi/lib/thumb/v7e-m/libg.a(lib_a-memmove.o)
 .debug_frame   0x0000000000000b54       0x34 /usr/bin/../lib/gcc/arm-none-eabi/6.3.1/../../../../arm-none-eabi/lib/thumb/v7e-m/libg.a(lib_a-memset.o)
 .debug_frame   0x0000000000000b88       0x68 /usr/bin/../lib/gcc/arm-none-eabi/6.3.1/../../../../arm-none-eabi/lib/thumb/v7e-m/libg.a(lib_a-reallocr.o)
 .debug_frame   0x0000000000000bf0       0x58 /usr/bin/../lib/gcc/arm-none-eabi/6.3.1/../../../../arm-none-eabi/lib/thumb/v7e-m/libg.a(lib_a-reent.o)
 .debug_frame   0x0000000000000c48       0x68 /usr/bin/../lib/gcc/arm-none-eabi/6.3.1/../../../../arm-none-eabi/lib/thumb/v7e-m/libg.a(lib_a-strcmp.o)
 .debug_frame   0x0000000000000cb0       0x3c /usr/bin/../lib/gcc/arm-none-eabi/6.3.1/../../../../arm-none-eabi/lib/thumb/v7e-m/libg.a(lib_a-wctomb_r.o)
 .debug_frame   0x0000000000000cec       0xac /usr/bin/../lib/gcc/arm-none-eabi/6.3.1/thumb/v7e-m/libgcc.a(_arm_addsubdf3.o)
 .debug_frame   0x0000000000000d98       0x50 /usr/bin/../lib/gcc/arm-none-eabi/6.3.1/thumb/v7e-m/libgcc.a(_arm_muldivdf3.o)
 .debug_frame   0x0000000000000de8       0xc4 /usr/bin/../lib/gcc/arm-none-eabi/6.3.1/thumb/v7e-m/libgcc.a(_arm_cmpdf2.o)
 .debug_frame   0x0000000000000eac       0x20 /usr/bin/../lib/gcc/arm-none-eabi/6.3.1/thumb/v7e-m/libgcc.a(_arm_unorddf2.o)
 .debug_frame   0x0000000000000ecc       0x24 /usr/bin/../lib/gcc/arm-none-eabi/6.3.1/thumb/v7e-m/libgcc.a(_arm_fixdfsi.o)
 .debug_frame   0x0000000000000ef0       0x2c /usr/bin/../lib/gcc/arm-none-eabi/6.3.1/thumb/v7e-m/libgcc.a(_aeabi_uldivmod.o)
 .debug_frame   0x0000000000000f1c       0x34 /usr/bin/../lib/gcc/arm-none-eabi/6.3.1/thumb/v7e-m/libgcc.a(_udivmoddi4.o)

.debug_str      0x0000000000000000    0x756e4
 *(.debug_str)
 .debug_str     0x0000000000000000    0x7372a build/ga53keb_PartB.o
                                      0x73a01 (size before relaxing)
 .debug_str     0x000000000007372a       0xe8 lib_build/xmc_gpio.o
                                      0x731ef (size before relaxing)
 .debug_str     0x0000000000073812      0x162 lib_build/xmc4_gpio.o
                                      0x73374 (size before relaxing)
 .debug_str     0x0000000000073974      0xe02 lib_build/system_XMC4500.o
                                      0x6fa60 (size before relaxing)
 .debug_str     0x0000000000074776      0xf6e lib_build/syscalls.o
                                       0x72ed (size before relaxing)

.debug_loc      0x0000000000000000      0x718
 *(.debug_loc)
 .debug_loc     0x0000000000000000      0x370 build/ga53keb_PartB.o
 .debug_loc     0x0000000000000370       0xb8 lib_build/xmc_gpio.o
 .debug_loc     0x0000000000000428       0xb8 lib_build/xmc4_gpio.o
 .debug_loc     0x00000000000004e0      0x1a4 lib_build/system_XMC4500.o
 .debug_loc     0x0000000000000684       0x94 lib_build/syscalls.o

.debug_macinfo
 *(.debug_macinfo)

.debug_ranges   0x0000000000000000       0xf8
 *(.debug_ranges)
 .debug_ranges  0x0000000000000000       0x78 build/ga53keb_PartB.o
 .debug_ranges  0x0000000000000078       0x18 lib_build/xmc_gpio.o
 .debug_ranges  0x0000000000000090       0x18 lib_build/xmc4_gpio.o
 .debug_ranges  0x00000000000000a8       0x38 lib_build/system_XMC4500.o
 .debug_ranges  0x00000000000000e0       0x18 lib_build/syscalls.o

.debug_weaknames
 *(.debug_weaknames)

.debug_funcnames
 *(.debug_funcnames)

.debug_typenames
 *(.debug_typenames)

.debug_varnames
 *(.debug_varnames)

.build_attributes
                0x0000000000000000      0x6ca
 *(.ARM.attributes)
 .ARM.attributes
                0x0000000000000000       0x37 build/ga53keb_PartB.o
 .ARM.attributes
                0x0000000000000037       0x37 lib_build/xmc_gpio.o
 .ARM.attributes
                0x000000000000006e       0x37 lib_build/xmc4_gpio.o
 .ARM.attributes
                0x00000000000000a5       0x25 lib_build/startup_XMC4500.o
 .ARM.attributes
                0x00000000000000ca       0x37 lib_build/system_XMC4500.o
 .ARM.attributes
                0x0000000000000101       0x37 lib_build/syscalls.o
 .ARM.attributes
                0x0000000000000138       0x2e /usr/bin/../lib/gcc/arm-none-eabi/6.3.1/../../../../arm-none-eabi/lib/thumb/v7e-m/libg.a(lib_a-errno.o)
 .ARM.attributes
                0x0000000000000166       0x2e /usr/bin/../lib/gcc/arm-none-eabi/6.3.1/../../../../arm-none-eabi/lib/thumb/v7e-m/libg.a(lib_a-impure.o)
 .ARM.attributes
                0x0000000000000194       0x2e /usr/bin/../lib/gcc/arm-none-eabi/6.3.1/../../../../arm-none-eabi/lib/thumb/v7e-m/libg.a(lib_a-init.o)
 .ARM.attributes
                0x00000000000001c2       0x2e /usr/bin/../lib/gcc/arm-none-eabi/6.3.1/../../../../arm-none-eabi/lib/thumb/v7e-m/libg.a(lib_a-sprintf.o)
 .ARM.attributes
                0x00000000000001f0       0x2e /usr/bin/../lib/gcc/arm-none-eabi/6.3.1/../../../../arm-none-eabi/lib/thumb/v7e-m/libg.a(lib_a-svfprintf.o)
 .ARM.attributes
                0x000000000000021e       0x2e /usr/bin/../lib/gcc/arm-none-eabi/6.3.1/../../../../arm-none-eabi/lib/thumb/v7e-m/libg.a(lib_a-dtoa.o)
 .ARM.attributes
                0x000000000000024c       0x2e /usr/bin/../lib/gcc/arm-none-eabi/6.3.1/../../../../arm-none-eabi/lib/thumb/v7e-m/libg.a(lib_a-localeconv.o)
 .ARM.attributes
                0x000000000000027a       0x2e /usr/bin/../lib/gcc/arm-none-eabi/6.3.1/../../../../arm-none-eabi/lib/thumb/v7e-m/libg.a(lib_a-mallocr.o)
 .ARM.attributes
                0x00000000000002a8       0x1c /usr/bin/../lib/gcc/arm-none-eabi/6.3.1/../../../../arm-none-eabi/lib/thumb/v7e-m/libg.a(lib_a-memchr.o)
 .ARM.attributes
                0x00000000000002c4       0x1c /usr/bin/../lib/gcc/arm-none-eabi/6.3.1/../../../../arm-none-eabi/lib/thumb/v7e-m/libg.a(lib_a-memcpy.o)
 .ARM.attributes
                0x00000000000002e0       0x2e /usr/bin/../lib/gcc/arm-none-eabi/6.3.1/../../../../arm-none-eabi/lib/thumb/v7e-m/libg.a(lib_a-mlock.o)
 .ARM.attributes
                0x000000000000030e       0x2e /usr/bin/../lib/gcc/arm-none-eabi/6.3.1/../../../../arm-none-eabi/lib/thumb/v7e-m/libg.a(lib_a-mprec.o)
 .ARM.attributes
                0x000000000000033c       0x2e /usr/bin/../lib/gcc/arm-none-eabi/6.3.1/../../../../arm-none-eabi/lib/thumb/v7e-m/libg.a(lib_a-sbrkr.o)
 .ARM.attributes
                0x000000000000036a       0x1c /usr/bin/../lib/gcc/arm-none-eabi/6.3.1/../../../../arm-none-eabi/lib/thumb/v7e-m/libg.a(lib_a-strlen.o)
 .ARM.attributes
                0x0000000000000386       0x2e /usr/bin/../lib/gcc/arm-none-eabi/6.3.1/../../../../arm-none-eabi/lib/thumb/v7e-m/libg.a(lib_a-svfiprintf.o)
 .ARM.attributes
                0x00000000000003b4       0x2e /usr/bin/../lib/gcc/arm-none-eabi/6.3.1/../../../../arm-none-eabi/lib/thumb/v7e-m/libg.a(lib_a-callocr.o)
 .ARM.attributes
                0x00000000000003e2       0x2e /usr/bin/../lib/gcc/arm-none-eabi/6.3.1/../../../../arm-none-eabi/lib/thumb/v7e-m/libg.a(lib_a-freer.o)
 .ARM.attributes
                0x0000000000000410       0x2e /usr/bin/../lib/gcc/arm-none-eabi/6.3.1/../../../../arm-none-eabi/lib/thumb/v7e-m/libg.a(lib_a-locale.o)
 .ARM.attributes
                0x000000000000043e       0x2e /usr/bin/../lib/gcc/arm-none-eabi/6.3.1/../../../../arm-none-eabi/lib/thumb/v7e-m/libg.a(lib_a-lock.o)
 .ARM.attributes
                0x000000000000046c       0x2e /usr/bin/../lib/gcc/arm-none-eabi/6.3.1/../../../../arm-none-eabi/lib/thumb/v7e-m/libg.a(lib_a-mbtowc_r.o)
 .ARM.attributes
                0x000000000000049a       0x2e /usr/bin/../lib/gcc/arm-none-eabi/6.3.1/../../../../arm-none-eabi/lib/thumb/v7e-m/libg.a(lib_a-memmove.o)
 .ARM.attributes
                0x00000000000004c8       0x2e /usr/bin/../lib/gcc/arm-none-eabi/6.3.1/../../../../arm-none-eabi/lib/thumb/v7e-m/libg.a(lib_a-memset.o)
 .ARM.attributes
                0x00000000000004f6       0x2e /usr/bin/../lib/gcc/arm-none-eabi/6.3.1/../../../../arm-none-eabi/lib/thumb/v7e-m/libg.a(lib_a-reallocr.o)
 .ARM.attributes
                0x0000000000000524       0x2e /usr/bin/../lib/gcc/arm-none-eabi/6.3.1/../../../../arm-none-eabi/lib/thumb/v7e-m/libg.a(lib_a-reent.o)
 .ARM.attributes
                0x0000000000000552       0x1c /usr/bin/../lib/gcc/arm-none-eabi/6.3.1/../../../../arm-none-eabi/lib/thumb/v7e-m/libg.a(lib_a-strcmp.o)
 .ARM.attributes
                0x000000000000056e       0x2e /usr/bin/../lib/gcc/arm-none-eabi/6.3.1/../../../../arm-none-eabi/lib/thumb/v7e-m/libg.a(lib_a-wctomb_r.o)
 .ARM.attributes
                0x000000000000059c       0x2e /usr/bin/../lib/gcc/arm-none-eabi/6.3.1/../../../../arm-none-eabi/lib/thumb/v7e-m/libg.a(lib_a-ctype_.o)
 .ARM.attributes
                0x00000000000005ca       0x1e /usr/bin/../lib/gcc/arm-none-eabi/6.3.1/thumb/v7e-m/libgcc.a(_arm_addsubdf3.o)
 .ARM.attributes
                0x00000000000005e8       0x1e /usr/bin/../lib/gcc/arm-none-eabi/6.3.1/thumb/v7e-m/libgcc.a(_arm_muldivdf3.o)
 .ARM.attributes
                0x0000000000000606       0x1e /usr/bin/../lib/gcc/arm-none-eabi/6.3.1/thumb/v7e-m/libgcc.a(_arm_cmpdf2.o)
 .ARM.attributes
                0x0000000000000624       0x1e /usr/bin/../lib/gcc/arm-none-eabi/6.3.1/thumb/v7e-m/libgcc.a(_arm_unorddf2.o)
 .ARM.attributes
                0x0000000000000642       0x1e /usr/bin/../lib/gcc/arm-none-eabi/6.3.1/thumb/v7e-m/libgcc.a(_arm_fixdfsi.o)
 .ARM.attributes
                0x0000000000000660       0x1e /usr/bin/../lib/gcc/arm-none-eabi/6.3.1/thumb/v7e-m/libgcc.a(_aeabi_uldivmod.o)
 .ARM.attributes
                0x000000000000067e       0x2e /usr/bin/../lib/gcc/arm-none-eabi/6.3.1/thumb/v7e-m/libgcc.a(_udivmoddi4.o)
 .ARM.attributes
                0x00000000000006ac       0x1e /usr/bin/../lib/gcc/arm-none-eabi/6.3.1/thumb/v7e-m/libgcc.a(_dvmd_tls.o)
OUTPUT(build/main.elf elf32-littlearm)

.debug_macro    0x0000000000000000    0x18809
 .debug_macro   0x0000000000000000      0x1d3 build/ga53keb_PartB.o
 .debug_macro   0x00000000000001d3      0x8aa build/ga53keb_PartB.o
 .debug_macro   0x0000000000000a7d      0x16d build/ga53keb_PartB.o
 .debug_macro   0x0000000000000bea       0x22 build/ga53keb_PartB.o
 .debug_macro   0x0000000000000c0c       0x87 build/ga53keb_PartB.o
 .debug_macro   0x0000000000000c93       0x51 build/ga53keb_PartB.o
 .debug_macro   0x0000000000000ce4       0xef build/ga53keb_PartB.o
 .debug_macro   0x0000000000000dd3       0x6a build/ga53keb_PartB.o
 .debug_macro   0x0000000000000e3d      0x1df build/ga53keb_PartB.o
 .debug_macro   0x000000000000101c       0x22 build/ga53keb_PartB.o
 .debug_macro   0x000000000000103e       0x58 build/ga53keb_PartB.o
 .debug_macro   0x0000000000001096       0x35 build/ga53keb_PartB.o
 .debug_macro   0x00000000000010cb       0x9c build/ga53keb_PartB.o
 .debug_macro   0x0000000000001167       0x58 build/ga53keb_PartB.o
 .debug_macro   0x00000000000011bf       0x1f build/ga53keb_PartB.o
 .debug_macro   0x00000000000011de       0x43 build/ga53keb_PartB.o
 .debug_macro   0x0000000000001221       0x20 build/ga53keb_PartB.o
 .debug_macro   0x0000000000001241      0x187 build/ga53keb_PartB.o
 .debug_macro   0x00000000000013c8      0x353 build/ga53keb_PartB.o
 .debug_macro   0x000000000000171b       0x10 build/ga53keb_PartB.o
 .debug_macro   0x000000000000172b       0x35 build/ga53keb_PartB.o
 .debug_macro   0x0000000000001760      0x167 build/ga53keb_PartB.o
 .debug_macro   0x00000000000018c7       0x2d build/ga53keb_PartB.o
 .debug_macro   0x00000000000018f4       0x28 build/ga53keb_PartB.o
 .debug_macro   0x000000000000191c       0xaf build/ga53keb_PartB.o
 .debug_macro   0x00000000000019cb      0xfe7 build/ga53keb_PartB.o
 .debug_macro   0x00000000000029b2       0x16 build/ga53keb_PartB.o
 .debug_macro   0x00000000000029c8    0x1474b build/ga53keb_PartB.o
 .debug_macro   0x0000000000017113       0x12 build/ga53keb_PartB.o
 .debug_macro   0x0000000000017125       0x4c build/ga53keb_PartB.o
 .debug_macro   0x0000000000017171       0x22 build/ga53keb_PartB.o
 .debug_macro   0x0000000000017193      0x861 build/ga53keb_PartB.o
 .debug_macro   0x00000000000179f4       0xa5 build/ga53keb_PartB.o
 .debug_macro   0x0000000000017a99      0x1af lib_build/xmc_gpio.o
 .debug_macro   0x0000000000017c48      0x1bb lib_build/xmc4_gpio.o
 .debug_macro   0x0000000000017e03      0x2fa lib_build/system_XMC4500.o
 .debug_macro   0x00000000000180fd       0x52 lib_build/system_XMC4500.o
 .debug_macro   0x000000000001814f       0x8d lib_build/system_XMC4500.o
 .debug_macro   0x00000000000181dc       0x57 lib_build/system_XMC4500.o
 .debug_macro   0x0000000000018233       0x22 lib_build/system_XMC4500.o
 .debug_macro   0x0000000000018255      0x184 lib_build/syscalls.o
 .debug_macro   0x00000000000183d9       0x10 lib_build/syscalls.o
 .debug_macro   0x00000000000183e9      0x23b lib_build/syscalls.o
 .debug_macro   0x0000000000018624       0x10 lib_build/syscalls.o
 .debug_macro   0x0000000000018634       0x1c lib_build/syscalls.o
 .debug_macro   0x0000000000018650       0x52 lib_build/syscalls.o
 .debug_macro   0x00000000000186a2       0x40 lib_build/syscalls.o
 .debug_macro   0x00000000000186e2       0x10 lib_build/syscalls.o
 .debug_macro   0x00000000000186f2       0x40 lib_build/syscalls.o
 .debug_macro   0x0000000000018732       0xd7 lib_build/syscalls.o
