Archive member included to satisfy reference by file (symbol)

../../sodium/lib//libsodium.a(libsodium_la-crypto_secretbox_easy.o)
                              build/main.o (crypto_secretbox_easy)
../../sodium/lib//libsodium.a(libsodium_la-stream_salsa20.o)
                              ../../sodium/lib//libsodium.a(libsodium_la-crypto_secretbox_easy.o) (crypto_stream_salsa20)
../../sodium/lib//libsodium.a(libsodium_la-randombytes.o)
                              ../../sodium/lib//libsodium.a(libsodium_la-stream_salsa20.o) (randombytes_buf)
../../sodium/lib//libsodium.a(libsodium_la-core.o)
                              ../../sodium/lib//libsodium.a(libsodium_la-crypto_secretbox_easy.o) (sodium_misuse)
../../sodium/lib//libsodium.a(libsodium_la-runtime.o)
                              ../../sodium/lib//libsodium.a(libsodium_la-core.o) (_sodium_runtime_get_cpu_features)
../../sodium/lib//libsodium.a(libsodium_la-utils.o)
                              ../../sodium/lib//libsodium.a(libsodium_la-crypto_secretbox_easy.o) (sodium_memzero)
../../sodium/lib//libsodium.a(libsodium_la-randombytes_sysrandom.o)
                              ../../sodium/lib//libsodium.a(libsodium_la-randombytes.o) (randombytes_sysrandom_implementation)
../../sodium/lib//libsodium.a(libsodium_la-salsa20_ref.o)
                              ../../sodium/lib//libsodium.a(libsodium_la-stream_salsa20.o) (crypto_stream_salsa20_ref_implementation)
../../sodium/lib//libsodium.a(libsodium_la-core_hsalsa20_ref2.o)
                              ../../sodium/lib//libsodium.a(libsodium_la-crypto_secretbox_easy.o) (crypto_core_hsalsa20)
../../sodium/lib//libsodium.a(libsodium_la-core_salsa_ref.o)
                              ../../sodium/lib//libsodium.a(libsodium_la-salsa20_ref.o) (crypto_core_salsa20)
../../sodium/lib//libsodium.a(libsodium_la-onetimeauth_poly1305.o)
                              ../../sodium/lib//libsodium.a(libsodium_la-crypto_secretbox_easy.o) (crypto_onetimeauth_poly1305_verify)
../../sodium/lib//libsodium.a(libsodium_la-poly1305_donna.o)
                              ../../sodium/lib//libsodium.a(libsodium_la-onetimeauth_poly1305.o) (crypto_onetimeauth_poly1305_donna_implementation)
../../sodium/lib//libsodium.a(libsodium_la-stream_chacha20.o)
                              ../../sodium/lib//libsodium.a(libsodium_la-randombytes.o) (crypto_stream_chacha20_ietf)
../../sodium/lib//libsodium.a(libsodium_la-chacha20_ref.o)
                              ../../sodium/lib//libsodium.a(libsodium_la-stream_chacha20.o) (crypto_stream_chacha20_ref_implementation)
../../sodium/lib//libsodium.a(libsodium_la-verify.o)
                              ../../sodium/lib//libsodium.a(libsodium_la-poly1305_donna.o) (crypto_verify_16)
/usr/bin/../lib/gcc/arm-none-eabi/6.3.1/../../../../arm-none-eabi/lib/thumb/v7e-m/libg.a(lib_a-abort.o)
                              ../../sodium/lib//libsodium.a(libsodium_la-core.o) (abort)
/usr/bin/../lib/gcc/arm-none-eabi/6.3.1/../../../../arm-none-eabi/lib/thumb/v7e-m/libg.a(lib_a-assert.o)
                              ../../sodium/lib//libsodium.a(libsodium_la-randombytes.o) (__assert_func)
/usr/bin/../lib/gcc/arm-none-eabi/6.3.1/../../../../arm-none-eabi/lib/thumb/v7e-m/libg.a(lib_a-calloc.o)
                              build/main.o (calloc)
/usr/bin/../lib/gcc/arm-none-eabi/6.3.1/../../../../arm-none-eabi/lib/thumb/v7e-m/libg.a(lib_a-callocr.o)
                              /usr/bin/../lib/gcc/arm-none-eabi/6.3.1/../../../../arm-none-eabi/lib/thumb/v7e-m/libg.a(lib_a-calloc.o) (_calloc_r)
/usr/bin/../lib/gcc/arm-none-eabi/6.3.1/../../../../arm-none-eabi/lib/thumb/v7e-m/libg.a(lib_a-errno.o)
                              lib_build/syscalls.o (__errno)
/usr/bin/../lib/gcc/arm-none-eabi/6.3.1/../../../../arm-none-eabi/lib/thumb/v7e-m/libg.a(lib_a-explicit_bzero.o)
                              ../../sodium/lib//libsodium.a(libsodium_la-utils.o) (explicit_bzero)
/usr/bin/../lib/gcc/arm-none-eabi/6.3.1/../../../../arm-none-eabi/lib/thumb/v7e-m/libg.a(lib_a-fiprintf.o)
                              /usr/bin/../lib/gcc/arm-none-eabi/6.3.1/../../../../arm-none-eabi/lib/thumb/v7e-m/libg.a(lib_a-assert.o) (fiprintf)
/usr/bin/../lib/gcc/arm-none-eabi/6.3.1/../../../../arm-none-eabi/lib/thumb/v7e-m/libg.a(lib_a-impure.o)
                              /usr/bin/../lib/gcc/arm-none-eabi/6.3.1/../../../../arm-none-eabi/lib/thumb/v7e-m/libg.a(lib_a-assert.o) (_impure_ptr)
/usr/bin/../lib/gcc/arm-none-eabi/6.3.1/../../../../arm-none-eabi/lib/thumb/v7e-m/libg.a(lib_a-init.o)
                              lib_build/startup_XMC4500.o (__libc_init_array)
/usr/bin/../lib/gcc/arm-none-eabi/6.3.1/../../../../arm-none-eabi/lib/thumb/v7e-m/libg.a(lib_a-malloc.o)
                              ../../sodium/lib//libsodium.a(libsodium_la-utils.o) (malloc)
/usr/bin/../lib/gcc/arm-none-eabi/6.3.1/../../../../arm-none-eabi/lib/thumb/v7e-m/libg.a(lib_a-mallocr.o)
[...]
Memory Configuration

Name             Origin             Length             Attributes
FLASH_1_cached   0x0000000008000000 0x0000000000100000 xr
FLASH_1_uncached 0x000000000c000000 0x0000000000100000 xr
PSRAM_1          0x0000000010000000 0x0000000000010000 !xr
DSRAM_1_system   0x0000000020000000 0x0000000000010000 !xr
DSRAM_2_comm     0x0000000030000000 0x0000000000008000 !xr
*default*        0x0000000000000000 0xffffffffffffffff

Linker script and memory map

LOAD build/main.o
LOAD build/VirtualSerial.o
LOAD build/Descriptors.o
LOAD build/base64.o
LOAD lib_build/USBController_XMC4000.o
LOAD lib_build/xmc_usbd.o
LOAD lib_build/CDCClassDevice.o
LOAD lib_build/USBTask.o
LOAD lib_build/Endpoint_XMC4000.o
LOAD lib_build/xmc4_scu.o
LOAD lib_build/EndpointStream_XMC4000.o
LOAD lib_build/memcpy.o
LOAD lib_build/startup_XMC4500.o
LOAD lib_build/system_XMC4500.o
LOAD lib_build/syscalls.o
LOAD ../../sodium/lib//libsodium.a
START GROUP
LOAD /usr/bin/../lib/gcc/arm-none-eabi/6.3.1/thumb/v7e-m/libgcc.a
LOAD /usr/bin/../lib/gcc/arm-none-eabi/6.3.1/../../../../arm-none-eabi/lib/thumb/v7e-m/libg.a
LOAD /usr/bin/../lib/gcc/arm-none-eabi/6.3.1/../../../../arm-none-eabi/lib/thumb/v7e-m/libc.a
END GROUP
START GROUP
LOAD /usr/bin/../lib/gcc/arm-none-eabi/6.3.1/thumb/v7e-m/libgcc.a
LOAD /usr/bin/../lib/gcc/arm-none-eabi/6.3.1/../../../../arm-none-eabi/lib/thumb/v7e-m/libc.a
LOAD /usr/bin/../lib/gcc/arm-none-eabi/6.3.1/../../../../arm-none-eabi/lib/thumb/v7e-m/libnosys.a
END GROUP
                0x0000000000000800                stack_size = DEFINED (stack_size)?stack_size:0x800
                0x0000000000000040                no_init_size = 0x40

.text           0x0000000008000000     0xc40c load address 0x000000000c000000
                0x0000000008000000                sText = .
 *(.reset)
 .reset         0x0000000008000000      0x2b2 lib_build/startup_XMC4500.o
                0x0000000008000000                __Vectors
                0x0000000008000200                Reset_Handler
                0x00000000080002b0                VADC0_C0_3_IRQHandler
                0x00000000080002b0                DSD0_7_IRQHandler
                0x00000000080002b0                DebugMon_Handler
                0x00000000080002b0                VADC0_C0_0_IRQHandler
                0x00000000080002b0                CAN0_4_IRQHandler
                0x00000000080002b0                VADC0_G2_0_IRQHandler
                0x00000000080002b0                USIC0_5_IRQHandler
                0x00000000080002b0                POSIF0_0_IRQHandler
                0x00000000080002b0                POSIF1_0_IRQHandler
                0x00000000080002b0                HardFault_Handler
                0x00000000080002b0                VADC0_G1_1_IRQHandler
                0x00000000080002b0                SysTick_Handler
                0x00000000080002b0                PendSV_Handler
                0x00000000080002b0                NMI_Handler
                0x00000000080002b0                USIC1_3_IRQHandler
                0x00000000080002b0                CCU40_2_IRQHandler
                0x00000000080002b0                SCU_0_IRQHandler
                0x00000000080002b0                ERU0_0_IRQHandler
                0x00000000080002b0                CCU41_0_IRQHandler
                0x00000000080002b0                USIC1_5_IRQHandler
                0x00000000080002b0                DSD0_4_IRQHandler
                0x00000000080002b0                CCU80_1_IRQHandler
                0x00000000080002b0                CCU81_0_IRQHandler
                0x00000000080002b0                UsageFault_Handler
                0x00000000080002b0                USIC0_0_IRQHandler
                0x00000000080002b0                POSIF1_1_IRQHandler
                0x00000000080002b0                ERU0_2_IRQHandler
                0x00000000080002b0                CCU81_1_IRQHandler
                0x00000000080002b0                ERU1_1_IRQHandler
                0x00000000080002b0                VADC0_G2_3_IRQHandler
                0x00000000080002b0                VADC0_G2_2_IRQHandler
                0x00000000080002b0                CCU42_3_IRQHandler
                0x00000000080002b0                ERU0_3_IRQHandler
                0x00000000080002b0                DSD0_5_IRQHandler
                0x00000000080002b0                CAN0_6_IRQHandler
                0x00000000080002b0                CCU43_0_IRQHandler
                0x00000000080002b0                VADC0_G0_1_IRQHandler
                0x00000000080002b0                CCU81_2_IRQHandler
                0x00000000080002b0                USIC2_4_IRQHandler
                0x00000000080002b0                CCU81_3_IRQHandler
                0x00000000080002b0                CCU42_1_IRQHandler
                0x00000000080002b0                USIC1_1_IRQHandler
                0x00000000080002b0                USIC2_5_IRQHandler
                0x00000000080002b0                CCU40_0_IRQHandler
                0x00000000080002b0                CAN0_0_IRQHandler
                0x00000000080002b0                ERU1_0_IRQHandler
                0x00000000080002b0                CCU42_2_IRQHandler
                0x00000000080002b0                Default_Handler
                0x00000000080002b0                USIC1_4_IRQHandler
                0x00000000080002b0                ERU1_3_IRQHandler
                0x00000000080002b0                USIC1_0_IRQHandler
                0x00000000080002b0                POSIF0_1_IRQHandler
                0x00000000080002b0                VADC0_G0_0_IRQHandler
                0x00000000080002b0                DSD0_2_IRQHandler
                0x00000000080002b0                CCU80_3_IRQHandler
                0x00000000080002b0                CCU41_3_IRQHandler
                0x00000000080002b0                CCU80_2_IRQHandler
                0x00000000080002b0                VADC0_G1_3_IRQHandler
                0x00000000080002b0                VADC0_G0_3_IRQHandler
                0x00000000080002b0                GPDMA0_0_IRQHandler
                0x00000000080002b0                PMU0_0_IRQHandler
                0x00000000080002b0                CAN0_7_IRQHandler
                0x00000000080002b0                DSD0_1_IRQHandler
                0x00000000080002b0                CCU41_2_IRQHandler
                0x00000000080002b0                VADC0_C0_1_IRQHandler
                0x00000000080002b0                CCU43_2_IRQHandler
                0x00000000080002b0                USIC2_2_IRQHandler
                0x00000000080002b0                MemManage_Handler
                0x00000000080002b0                VADC0_G3_1_IRQHandler
                0x00000000080002b0                DAC0_0_IRQHandler
                0x00000000080002b0                SVC_Handler
                0x00000000080002b0                VADC0_G3_3_IRQHandler
                0x00000000080002b0                ERU1_2_IRQHandler
                0x00000000080002b0                CCU41_1_IRQHandler
                0x00000000080002b0                DSD0_6_IRQHandler
                0x00000000080002b0                CCU43_1_IRQHandler
                0x00000000080002b0                VADC0_G1_2_IRQHandler
                0x00000000080002b0                USIC2_3_IRQHandler
                0x00000000080002b0                CAN0_2_IRQHandler
                0x00000000080002b0                USIC2_0_IRQHandler
                0x00000000080002b0                VADC0_G0_2_IRQHandler
                0x00000000080002b0                VADC0_G2_1_IRQHandler
                0x00000000080002b0                CAN0_3_IRQHandler
                0x00000000080002b0                ETH0_0_IRQHandler
                0x00000000080002b0                USIC0_3_IRQHandler
                0x00000000080002b0                DSD0_0_IRQHandler
                0x00000000080002b0                VADC0_C0_2_IRQHandler
                0x00000000080002b0                CCU42_0_IRQHandler
                0x00000000080002b0                FCE0_0_IRQHandler
                0x00000000080002b0                VADC0_G1_0_IRQHandler
                0x00000000080002b0                CAN0_5_IRQHandler
                0x00000000080002b0                CCU80_0_IRQHandler
                0x00000000080002b0                CCU40_1_IRQHandler
                0x00000000080002b0                USIC2_1_IRQHandler
                0x00000000080002b0                USIC0_1_IRQHandler
                0x00000000080002b0                VADC0_G3_2_IRQHandler
                0x00000000080002b0                CCU40_3_IRQHandler
                0x00000000080002b0                BusFault_Handler
                0x00000000080002b0                LEDTS0_0_IRQHandler
                0x00000000080002b0                USIC0_4_IRQHandler
                0x00000000080002b0                CCU43_3_IRQHandler
                0x00000000080002b0                ERU0_1_IRQHandler
                0x00000000080002b0                VADC0_G3_0_IRQHandler
                0x00000000080002b0                USIC1_2_IRQHandler
                0x00000000080002b0                DSD0_3_IRQHandler
                0x00000000080002b0                SDMMC0_0_IRQHandler
                0x00000000080002b0                CAN0_1_IRQHandler
                0x00000000080002b0                USIC0_2_IRQHandler
                0x00000000080002b0                DAC0_1_IRQHandler
                0x00000000080002b0                GPDMA1_0_IRQHandler
 *(.text .text.* .gnu.linkonce.t.*)
 .text          0x00000000080002b2        0x0 build/main.o
 *fill*         0x00000000080002b2        0x2 
 .text.SystemCoreClockSetup
                0x00000000080002b4       0x34 build/main.o
                0x00000000080002b4                SystemCoreClockSetup
 .text.write_text
                0x00000000080002e8       0x80 build/main.o
                0x00000000080002e8                write_text
 .text.uchar_to_int
                0x0000000008000368       0x30 build/main.o
                0x0000000008000368                uchar_to_int
 .text.get_chipid
                0x0000000008000398       0x50 build/main.o
                0x0000000008000398                get_chipid
 .text.Clear_USB
                0x00000000080003e8       0x2c build/main.o
                0x00000000080003e8                Clear_USB
 .text.Complete_Encrypted_Packet
                0x0000000008000414       0x46 build/main.o
                0x0000000008000414                Complete_Encrypted_Packet
 *fill*         0x000000000800045a        0x2 
 .text.Send_Package
                0x000000000800045c       0x9c build/main.o
                0x000000000800045c                Send_Package
 .text.Clear_Package
                0x00000000080004f8       0xce build/main.o
                0x00000000080004f8                Clear_Package
 .text.Clear_Crypto_Package
                0x00000000080005c6       0x5e build/main.o
                0x00000000080005c6                Clear_Crypto_Package
 .text.main     0x0000000008000624      0x2d8 build/main.o
                0x0000000008000624                main
 .text          0x00000000080008fc        0x0 build/VirtualSerial.o
 .text.__NVIC_GetPriorityGrouping
                0x00000000080008fc       0x1c build/VirtualSerial.o
 .text.__NVIC_EnableIRQ
                0x0000000008000918       0x3c build/VirtualSerial.o
 .text.__NVIC_ClearPendingIRQ
                0x0000000008000954       0x3c build/VirtualSerial.o
 .text.__NVIC_SetPriority
                0x0000000008000990       0x54 build/VirtualSerial.o
 .text.NVIC_EncodePriority
                0x00000000080009e4       0x62 build/VirtualSerial.o
 *fill*         0x0000000008000a46        0x2 
 .text.USB0_0_IRQHandler
                0x0000000008000a48       0x14 build/VirtualSerial.o
                0x0000000008000a48                USB0_0_IRQHandler
 .text.USB_Init
                0x0000000008000a5c       0x58 build/VirtualSerial.o
                0x0000000008000a5c                USB_Init
 .text.EVENT_USB_Device_Connect
                0x0000000008000ab4        0xe build/VirtualSerial.o
                0x0000000008000ab4                EVENT_USB_Device_Connect
 .text.EVENT_USB_Device_Disconnect
                0x0000000008000ac2        0xe build/VirtualSerial.o
                0x0000000008000ac2                EVENT_USB_Device_Disconnect
 .text.EVENT_USB_Device_Reset
                0x0000000008000ad0       0x30 build/VirtualSerial.o
                0x0000000008000ad0                EVENT_USB_Device_Reset
 .text.EVENT_USB_Device_ConfigurationChanged
                0x0000000008000b00       0x50 build/VirtualSerial.o
                0x0000000008000b00                EVENT_USB_Device_ConfigurationChanged
 .text.EVENT_USB_Device_ControlRequest
                0x0000000008000b50       0x14 build/VirtualSerial.o
                0x0000000008000b50                EVENT_USB_Device_ControlRequest
 .text.EVENT_USB_Device_StartOfFrame
                0x0000000008000b64        0xe build/VirtualSerial.o
                0x0000000008000b64                EVENT_USB_Device_StartOfFrame
 .text.EVENT_USB_Device_WakeUp
                0x0000000008000b72        0xe build/VirtualSerial.o
                0x0000000008000b72                EVENT_USB_Device_WakeUp
 .text.EVENT_USB_Device_Suspend
                0x0000000008000b80        0xe build/VirtualSerial.o
                0x0000000008000b80                EVENT_USB_Device_Suspend
 .text          0x0000000008000b8e        0x0 build/Descriptors.o
 *fill*         0x0000000008000b8e        0x2 
 .text.CALLBACK_USB_GetDescriptor
                0x0000000008000b90       0xa0 build/Descriptors.o
                0x0000000008000b90                CALLBACK_USB_GetDescriptor
 .text          0x0000000008000c30        0x0 build/base64.o
 .text.b64e_size
                0x0000000008000c30       0x50 build/base64.o
                0x0000000008000c30                b64e_size
 .text.b64d_size
                0x0000000008000c80       0x1e build/base64.o
                0x0000000008000c80                b64d_size
 .text.to_uchar
                0x0000000008000c9e       0x18 build/base64.o
 *fill*         0x0000000008000cb6        0x2 
 .text.base64_encode
                0x0000000008000cb8      0x168 build/base64.o
                0x0000000008000cb8                base64_encode
 .text.base64_encode_alloc
                0x0000000008000e20       0x6c build/base64.o
                0x0000000008000e20                base64_encode_alloc
 .text.isbase64
                0x0000000008000e8c       0x30 build/base64.o
                0x0000000008000e8c                isbase64
 .text.base64_decode
                0x0000000008000ebc      0x1e8 build/base64.o
                0x0000000008000ebc                base64_decode
 .text.base64_decode_alloc
                0x00000000080010a4       0x80 build/base64.o
                0x00000000080010a4                base64_decode_alloc
 .text          0x0000000008001124        0x0 lib_build/USBController_XMC4000.o
 .text.USBD_HandleEP0_Stall
                0x0000000008001124       0x2c lib_build/USBController_XMC4000.o
                0x0000000008001124                USBD_HandleEP0_Stall
 .text.USB_Device_ProcessControlRequest
                0x0000000008001150      0x43c lib_build/USBController_XMC4000.o
                0x0000000008001150                USB_Device_ProcessControlRequest
 .text.USBD_HandleEP0_IN
                0x000000000800158c       0x4c lib_build/USBController_XMC4000.o
                0x000000000800158c                USBD_HandleEP0_IN
 .text.USBD_HandleEP0_OUT
                0x00000000080015d8       0x54 lib_build/USBController_XMC4000.o
                0x00000000080015d8                USBD_HandleEP0_OUT
 .text.USBD_HandleEP0_SETUP
                0x000000000800162c       0x94 lib_build/USBController_XMC4000.o
                0x000000000800162c                USBD_HandleEP0_SETUP
 .text.USBD_SignalDeviceEventHandler
                0x00000000080016c0      0x228 lib_build/USBController_XMC4000.o
                0x00000000080016c0                USBD_SignalDeviceEventHandler
 .text.USBD_SignalEndpointEvent_Handler
                0x00000000080018e8      0x19c lib_build/USBController_XMC4000.o
                0x00000000080018e8                USBD_SignalEndpointEvent_Handler
 .text.USBD_Initialize
                0x0000000008001a84       0xcc lib_build/USBController_XMC4000.o
                0x0000000008001a84                USBD_Initialize
 .text.USB_IsEnumDone
                0x0000000008001b50       0x20 lib_build/USBController_XMC4000.o
                0x0000000008001b50                USB_IsEnumDone
 .text.USBD_SetEndpointBuffer
                0x0000000008001b70       0x7c lib_build/USBController_XMC4000.o
                0x0000000008001b70                USBD_SetEndpointBuffer
 .text          0x0000000008001bec        0x0 lib_build/xmc_usbd.o
 .text.XMC_USBD_lDeviceActive
                0x0000000008001bec       0x68 lib_build/xmc_usbd.o
                0x0000000008001bec                XMC_USBD_lDeviceActive
 .text.XMC_USBD_lReadFifo
                0x0000000008001c54       0xe8 lib_build/xmc_usbd.o
 .text.XMC_USBD_lWriteFifo
                0x0000000008001d3c       0xa4 lib_build/xmc_usbd.o
 .text.XMC_USBD_lFlushTXFifo
                0x0000000008001de0       0x7c lib_build/xmc_usbd.o
 .text.XMC_USBD_lFlushRXFifo
                0x0000000008001e5c       0x68 lib_build/xmc_usbd.o
 .text.XMC_USBD_lAssignTXFifo
                0x0000000008001ec4       0x70 lib_build/xmc_usbd.o
 .text.XMC_USBD_lUnassignFifo
                0x0000000008001f34       0x38 lib_build/xmc_usbd.o
 .text.XMC_USBD_lStartReadXfer
                0x0000000008001f6c      0x178 lib_build/xmc_usbd.o
 .text.XMC_USBD_lStartWriteXfer
                0x00000000080020e4      0x198 lib_build/xmc_usbd.o
 .text.XMC_USBD_lHandleUSBReset
                0x000000000800227c      0x150 lib_build/xmc_usbd.o
 .text.XMC_USBD_lHandleOTGInt
                0x00000000080023cc       0x48 lib_build/xmc_usbd.o
 .text.XMC_USBD_lHandleEnumDone
                0x0000000008002414       0x78 lib_build/xmc_usbd.o
 .text.XMC_USBD_lHandleOEPInt
                0x000000000800248c      0x1bc lib_build/xmc_usbd.o
 .text.XMC_USBD_lHandleIEPInt
                0x0000000008002648      0x1bc lib_build/xmc_usbd.o
 .text.XMC_USBD_lHandleRxFLvl
                0x0000000008002804       0x84 lib_build/xmc_usbd.o
 .text.XMC_USBD_IRQHandler
                0x0000000008002888      0x150 lib_build/xmc_usbd.o
                0x0000000008002888                XMC_USBD_IRQHandler
 .text.XMC_USBD_Enable
                0x00000000080029d8       0x18 lib_build/xmc_usbd.o
                0x00000000080029d8                XMC_USBD_Enable
 .text.XMC_USBD_Disable
                0x00000000080029f0       0x18 lib_build/xmc_usbd.o
                0x00000000080029f0                XMC_USBD_Disable
 .text.XMC_USBD_ClearEvent
                0x0000000008002a08       0xcc lib_build/xmc_usbd.o
                0x0000000008002a08                XMC_USBD_ClearEvent
 .text.XMC_USBD_lClearEventOTG
                0x0000000008002ad4       0x2c lib_build/xmc_usbd.o
 .text.XMC_USBD_ClearEventINEP
                0x0000000008002b00       0x30 lib_build/xmc_usbd.o
                0x0000000008002b00                XMC_USBD_ClearEventINEP
 .text.XMC_USBD_ClearEventOUTEP
                0x0000000008002b30       0x30 lib_build/xmc_usbd.o
                0x0000000008002b30                XMC_USBD_ClearEventOUTEP
 .text.XMC_USBD_EnableEventOUTEP
                0x0000000008002b60       0x30 lib_build/xmc_usbd.o
                0x0000000008002b60                XMC_USBD_EnableEventOUTEP
 .text.XMC_USBD_EnableEventINEP
                0x0000000008002b90       0x30 lib_build/xmc_usbd.o
                0x0000000008002b90                XMC_USBD_EnableEventINEP
 .text.XMC_USBD_GetCapabilities
                0x0000000008002bc0       0x68 lib_build/xmc_usbd.o
                0x0000000008002bc0                XMC_USBD_GetCapabilities
 .text.XMC_USBD_Init
                0x0000000008002c28      0x23c lib_build/xmc_usbd.o
                0x0000000008002c28                XMC_USBD_Init
 .text.XMC_USBD_Uninitialize
                0x0000000008002e64       0x3c lib_build/xmc_usbd.o
                0x0000000008002e64                XMC_USBD_Uninitialize
 .text.XMC_USBD_DeviceConnect
                0x0000000008002ea0       0x34 lib_build/xmc_usbd.o
                0x0000000008002ea0                XMC_USBD_DeviceConnect
 .text.XMC_USBD_DeviceDisconnect
                0x0000000008002ed4       0x34 lib_build/xmc_usbd.o
                0x0000000008002ed4                XMC_USBD_DeviceDisconnect
 .text.XMC_USBD_DeviceGetState
                0x0000000008002f08       0x64 lib_build/xmc_usbd.o
                0x0000000008002f08                XMC_USBD_DeviceGetState
 .text.XMC_USBD_EndpointReadStart
                0x0000000008002f6c       0x88 lib_build/xmc_usbd.o
                0x0000000008002f6c                XMC_USBD_EndpointReadStart
 .text.XMC_USBD_EndpointRead
                0x0000000008002ff4       0x78 lib_build/xmc_usbd.o
                0x0000000008002ff4                XMC_USBD_EndpointRead
 .text.XMC_USBD_EndpointWrite
                0x000000000800306c       0xa4 lib_build/xmc_usbd.o
                0x000000000800306c                XMC_USBD_EndpointWrite
 .text.XMC_USBD_DeviceSetAddress
                0x0000000008003110       0x4c lib_build/xmc_usbd.o
                0x0000000008003110                XMC_USBD_DeviceSetAddress
 .text.XMC_USBD_EndpointStall
                0x000000000800315c      0x14c lib_build/xmc_usbd.o
                0x000000000800315c                XMC_USBD_EndpointStall
 .text.XMC_USBD_EndpointAbort
                0x00000000080032a8       0x88 lib_build/xmc_usbd.o
                0x00000000080032a8                XMC_USBD_EndpointAbort
 .text.XMC_USBD_EndpointConfigure
                0x0000000008003330      0x2f0 lib_build/xmc_usbd.o
                0x0000000008003330                XMC_USBD_EndpointConfigure
 .text.XMC_USBD_EndpointUnconfigure
                0x0000000008003620      0x170 lib_build/xmc_usbd.o
                0x0000000008003620                XMC_USBD_EndpointUnconfigure
 .text.XMC_USBD_GetFrameNumber
                0x0000000008003790       0x2c lib_build/xmc_usbd.o
                0x0000000008003790                XMC_USBD_GetFrameNumber
 .text.XMC_USBD_IsEnumDone
                0x00000000080037bc       0x38 lib_build/xmc_usbd.o
                0x00000000080037bc                XMC_USBD_IsEnumDone
 .text          0x00000000080037f4        0x0 lib_build/CDCClassDevice.o
 .text.CDC_Device_ProcessControlRequest
                0x00000000080037f4      0x200 lib_build/CDCClassDevice.o
                0x00000000080037f4                CDC_Device_ProcessControlRequest
 .text.CDC_Device_ConfigureEndpoints
                0x00000000080039f4       0x86 lib_build/CDCClassDevice.o
                0x00000000080039f4                CDC_Device_ConfigureEndpoints
 *fill*         0x0000000008003a7a        0x2 
 .text.CDC_Device_USBTask
                0x0000000008003a7c       0x98 lib_build/CDCClassDevice.o
                0x0000000008003a7c                CDC_Device_USBTask
 .text.CDC_Device_SendString
                0x0000000008003b14       0x68 lib_build/CDCClassDevice.o
                0x0000000008003b14                CDC_Device_SendString
 .text.CDC_Device_SendData
                0x0000000008003b7c       0x64 lib_build/CDCClassDevice.o
                0x0000000008003b7c                CDC_Device_SendData
 .text.CDC_Device_SendByte
                0x0000000008003be0       0x84 lib_build/CDCClassDevice.o
                0x0000000008003be0                CDC_Device_SendByte
 .text.CDC_Device_Flush
                0x0000000008003c64       0xcc lib_build/CDCClassDevice.o
                0x0000000008003c64                CDC_Device_Flush
 .text.CDC_Device_BytesReceived
                0x0000000008003d30       0xf4 lib_build/CDCClassDevice.o
                0x0000000008003d30                CDC_Device_BytesReceived
 .text.CDC_Device_ReceiveByte
                0x0000000008003e24      0x104 lib_build/CDCClassDevice.o
                0x0000000008003e24                CDC_Device_ReceiveByte
 .text.CDC_Device_SendControlLineStateChange
                0x0000000008003f28       0x80 lib_build/CDCClassDevice.o
                0x0000000008003f28                CDC_Device_SendControlLineStateChange
 .text.EVENT_CDC_Device_LineEncodingChanged
                0x0000000008003fa8       0x14 lib_build/CDCClassDevice.o
                0x0000000008003fa8                EVENT_CDC_Device_LineEncodingChanged
 .text.EVENT_CDC_Device_ControLineStateChanged
                0x0000000008003fbc       0x14 lib_build/CDCClassDevice.o
                0x0000000008003fbc                EVENT_CDC_Device_ControLineStateChanged
 .text.EVENT_CDC_Device_BreakSent
                0x0000000008003fd0       0x18 lib_build/CDCClassDevice.o
                0x0000000008003fd0                EVENT_CDC_Device_BreakSent
 .text          0x0000000008003fe8        0x0 lib_build/USBTask.o
 .text.USB_USBTask
                0x0000000008003fe8        0xc lib_build/USBTask.o
                0x0000000008003fe8                USB_USBTask
 .text.USB_DeviceTask
                0x0000000008003ff4       0x84 lib_build/USBTask.o
 .text          0x0000000008004078        0x0 lib_build/Endpoint_XMC4000.o
 .text.__NVIC_EnableIRQ
                0x0000000008004078       0x3c lib_build/Endpoint_XMC4000.o
 .text.__NVIC_DisableIRQ
                0x00000000080040b4       0x44 lib_build/Endpoint_XMC4000.o
 .text.Endpoint_WaitUntilReady
                0x00000000080040f8      0x124 lib_build/Endpoint_XMC4000.o
                0x00000000080040f8                Endpoint_WaitUntilReady
 .text.Endpoint_ClearOUT
                0x000000000800421c       0x98 lib_build/Endpoint_XMC4000.o
                0x000000000800421c                Endpoint_ClearOUT
 .text.Endpoint_ClearIN
                0x00000000080042b4       0xf0 lib_build/Endpoint_XMC4000.o
                0x00000000080042b4                Endpoint_ClearIN
 .text.Endpoint_IsReadWriteAllowed
                0x00000000080043a4       0x64 lib_build/Endpoint_XMC4000.o
                0x00000000080043a4                Endpoint_IsReadWriteAllowed
 .text.Endpoint_Write_8
                0x0000000008004408       0x68 lib_build/Endpoint_XMC4000.o
                0x0000000008004408                Endpoint_Write_8
 .text.Endpoint_Read_8
                0x0000000008004470       0x70 lib_build/Endpoint_XMC4000.o
                0x0000000008004470                Endpoint_Read_8
 .text.Endpoint_Write_32_LE
                0x00000000080044e0       0x68 lib_build/Endpoint_XMC4000.o
                0x00000000080044e0                Endpoint_Write_32_LE
 .text.Endpoint_Read_32_LE
                0x0000000008004548       0x70 lib_build/Endpoint_XMC4000.o
                0x0000000008004548                Endpoint_Read_32_LE
 .text.Endpoint_ConfigureEndpointTable
                0x00000000080045b8      0x150 lib_build/Endpoint_XMC4000.o
                0x00000000080045b8                Endpoint_ConfigureEndpointTable
 .text          0x0000000008004708        0x0 lib_build/xmc4_scu.o
 .text.XMC_SCU_CLOCK_GetUsbClockSource
                0x0000000008004708       0x1c lib_build/xmc4_scu.o
 .text.XMC_SCU_CLOCK_GetWdtClockSource
                0x0000000008004724       0x1c lib_build/xmc4_scu.o
 .text.XMC_SCU_CLOCK_GetExternalOutputClockSource
                0x0000000008004740       0x20 lib_build/xmc4_scu.o
 .text.XMC_SCU_CLOCK_GetSystemClockFrequency
                0x0000000008004760       0x28 lib_build/xmc4_scu.o
 .text.XMC_SCU_CLOCK_GetCpuClockFrequency
                0x0000000008004788       0x18 lib_build/xmc4_scu.o
 .text.XMC_SCU_GetMirrorStatus
                0x00000000080047a0       0x18 lib_build/xmc4_scu.o
 .text.XMC_SCU_lDelay
                0x00000000080047b8       0x48 lib_build/xmc4_scu.o
 .text.XMC_SCU_INTERRUPT_EnableEvent
                0x0000000008004800       0x24 lib_build/xmc4_scu.o
                0x0000000008004800                XMC_SCU_INTERRUPT_EnableEvent
 .text.XMC_SCU_INTERRUPT_DisableEvent
                0x0000000008004824       0x28 lib_build/xmc4_scu.o
                0x0000000008004824                XMC_SCU_INTERRUPT_DisableEvent
 .text.XMC_SCU_INTERRUPT_TriggerEvent
                0x000000000800484c       0x24 lib_build/xmc4_scu.o
                0x000000000800484c                XMC_SCU_INTERRUPT_TriggerEvent
 .text.XMC_SCU_INTERUPT_GetEventStatus
                0x0000000008004870       0x18 lib_build/xmc4_scu.o
                0x0000000008004870                XMC_SCU_INTERUPT_GetEventStatus
 .text.XMC_SCU_INTERRUPT_ClearEventStatus
                0x0000000008004888       0x20 lib_build/xmc4_scu.o
                0x0000000008004888                XMC_SCU_INTERRUPT_ClearEventStatus
 .text.XMC_SCU_GetBootMode
                0x00000000080048a8       0x1c lib_build/xmc4_scu.o
                0x00000000080048a8                XMC_SCU_GetBootMode
 .text.XMC_SCU_SetBootMode
                0x00000000080048c4       0x20 lib_build/xmc4_scu.o
                0x00000000080048c4                XMC_SCU_SetBootMode
 .text.XMC_SCU_ReadGPR
                0x00000000080048e4       0x24 lib_build/xmc4_scu.o
                0x00000000080048e4                XMC_SCU_ReadGPR
 .text.XMC_SCU_WriteGPR
                0x0000000008004908       0x28 lib_build/xmc4_scu.o
                0x0000000008004908                XMC_SCU_WriteGPR
 .text.XMC_SCU_EnableOutOfRangeComparator
                0x0000000008004930       0x38 lib_build/xmc4_scu.o
                0x0000000008004930                XMC_SCU_EnableOutOfRangeComparator
 .text.XMC_SCU_DisableOutOfRangeComparator
                0x0000000008004968       0x3c lib_build/xmc4_scu.o
                0x0000000008004968                XMC_SCU_DisableOutOfRangeComparator
 .text.XMC_SCU_CalibrateTemperatureSensor
                0x00000000080049a4       0x30 lib_build/xmc4_scu.o
                0x00000000080049a4                XMC_SCU_CalibrateTemperatureSensor
 .text.XMC_SCU_EnableTemperatureSensor
                0x00000000080049d4       0x24 lib_build/xmc4_scu.o
                0x00000000080049d4                XMC_SCU_EnableTemperatureSensor
 .text.XMC_SCU_DisableTemperatureSensor
                0x00000000080049f8       0x24 lib_build/xmc4_scu.o
                0x00000000080049f8                XMC_SCU_DisableTemperatureSensor
 .text.XMC_SCU_IsTemperatureSensorEnabled
                0x0000000008004a1c       0x28 lib_build/xmc4_scu.o
                0x0000000008004a1c                XMC_SCU_IsTemperatureSensorEnabled
 .text.XMC_SCU_IsTemperatureSensorReady
                0x0000000008004a44       0x28 lib_build/xmc4_scu.o
                0x0000000008004a44                XMC_SCU_IsTemperatureSensorReady
 .text.XMC_SCU_StartTemperatureMeasurement
                0x0000000008004a6c       0x4c lib_build/xmc4_scu.o
                0x0000000008004a6c                XMC_SCU_StartTemperatureMeasurement
 .text.XMC_SCU_GetTemperatureMeasurement
                0x0000000008004ab8       0x38 lib_build/xmc4_scu.o
                0x0000000008004ab8                XMC_SCU_GetTemperatureMeasurement
 .text.XMC_SCU_IsTemperatureSensorBusy
                0x0000000008004af0       0x28 lib_build/xmc4_scu.o
                0x0000000008004af0                XMC_SCU_IsTemperatureSensorBusy
 .text.XMC_SCU_WriteToRetentionMemory
                0x0000000008004b18       0x4c lib_build/xmc4_scu.o
                0x0000000008004b18                XMC_SCU_WriteToRetentionMemory
 .text.XMC_SCU_ReadFromRetentionMemory
                0x0000000008004b64       0x48 lib_build/xmc4_scu.o
                0x0000000008004b64                XMC_SCU_ReadFromRetentionMemory
 .text.XMC_SCU_CLOCK_Init
                0x0000000008004bac       0xe6 lib_build/xmc4_scu.o
                0x0000000008004bac                XMC_SCU_CLOCK_Init
 *fill*         0x0000000008004c92        0x2 
 .text.XMC_SCU_TRAP_Enable
                0x0000000008004c94       0x28 lib_build/xmc4_scu.o
                0x0000000008004c94                XMC_SCU_TRAP_Enable
 .text.XMC_SCU_TRAP_Disable
                0x0000000008004cbc       0x24 lib_build/xmc4_scu.o
                0x0000000008004cbc                XMC_SCU_TRAP_Disable
 .text.XMC_SCU_TRAP_GetStatus
                0x0000000008004ce0       0x18 lib_build/xmc4_scu.o
                0x0000000008004ce0                XMC_SCU_TRAP_GetStatus
 .text.XMC_SCU_TRAP_Trigger
                0x0000000008004cf8       0x20 lib_build/xmc4_scu.o
                0x0000000008004cf8                XMC_SCU_TRAP_Trigger
 .text.XMC_SCU_TRAP_ClearStatus
                0x0000000008004d18       0x20 lib_build/xmc4_scu.o
                0x0000000008004d18                XMC_SCU_TRAP_ClearStatus
 .text.XMC_SCU_PARITY_ClearStatus
                0x0000000008004d38       0x24 lib_build/xmc4_scu.o
                0x0000000008004d38                XMC_SCU_PARITY_ClearStatus
 .text.XMC_SCU_PARITY_GetStatus
                0x0000000008004d5c       0x18 lib_build/xmc4_scu.o
                0x0000000008004d5c                XMC_SCU_PARITY_GetStatus
 .text.XMC_SCU_PARITY_Enable
                0x0000000008004d74       0x24 lib_build/xmc4_scu.o
                0x0000000008004d74                XMC_SCU_PARITY_Enable
 .text.XMC_SCU_PARITY_Disable
                0x0000000008004d98       0x28 lib_build/xmc4_scu.o
                0x0000000008004d98                XMC_SCU_PARITY_Disable
 .text.XMC_SCU_PARITY_EnableTrapGeneration
                0x0000000008004dc0       0x24 lib_build/xmc4_scu.o
                0x0000000008004dc0                XMC_SCU_PARITY_EnableTrapGeneration
 .text.XMC_SCU_PARITY_DisableTrapGeneration
                0x0000000008004de4       0x28 lib_build/xmc4_scu.o
                0x0000000008004de4                XMC_SCU_PARITY_DisableTrapGeneration
 .text.XMC_SCU_INTERRUPT_EnableNmiRequest
                0x0000000008004e0c       0x24 lib_build/xmc4_scu.o
                0x0000000008004e0c                XMC_SCU_INTERRUPT_EnableNmiRequest
 .text.XMC_SCU_INTERRUPT_DisableNmiRequest
                0x0000000008004e30       0x28 lib_build/xmc4_scu.o
                0x0000000008004e30                XMC_SCU_INTERRUPT_DisableNmiRequest
 .text.XMC_SCU_RESET_AssertPeripheralReset
                0x0000000008004e58       0x3c lib_build/xmc4_scu.o
                0x0000000008004e58                XMC_SCU_RESET_AssertPeripheralReset
 .text.XMC_SCU_RESET_DeassertPeripheralReset
                0x0000000008004e94       0x3c lib_build/xmc4_scu.o
                0x0000000008004e94                XMC_SCU_RESET_DeassertPeripheralReset
 .text.XMC_SCU_RESET_IsPeripheralResetAsserted
                0x0000000008004ed0       0x48 lib_build/xmc4_scu.o
                0x0000000008004ed0                XMC_SCU_RESET_IsPeripheralResetAsserted
 .text.XMC_SCU_CLOCK_GetSystemPllClockFrequency
                0x0000000008004f18       0x7c lib_build/xmc4_scu.o
                0x0000000008004f18                XMC_SCU_CLOCK_GetSystemPllClockFrequency
 .text.XMC_SCU_CLOCK_GetSystemPllClockSourceFrequency
                0x0000000008004f94       0x30 lib_build/xmc4_scu.o
                0x0000000008004f94                XMC_SCU_CLOCK_GetSystemPllClockSourceFrequency
 .text.XMC_SCU_CLOCK_GetUsbPllClockFrequency
                0x0000000008004fc4       0x54 lib_build/xmc4_scu.o
                0x0000000008004fc4                XMC_SCU_CLOCK_GetUsbPllClockFrequency
 .text.XMC_SCU_CLOCK_GetCcuClockFrequency
                0x0000000008005018       0x2c lib_build/xmc4_scu.o
                0x0000000008005018                XMC_SCU_CLOCK_GetCcuClockFrequency
 .text.XMC_SCU_CLOCK_GetUsbClockFrequency
                0x0000000008005044       0x48 lib_build/xmc4_scu.o
                0x0000000008005044                XMC_SCU_CLOCK_GetUsbClockFrequency
 .text.XMC_SCU_CLOCK_GetEbuClockFrequency
                0x000000000800508c       0x28 lib_build/xmc4_scu.o
                0x000000000800508c                XMC_SCU_CLOCK_GetEbuClockFrequency
 .text.XMC_SCU_CLOCK_GetWdtClockFrequency
                0x00000000080050b4       0x58 lib_build/xmc4_scu.o
                0x00000000080050b4                XMC_SCU_CLOCK_GetWdtClockFrequency
 .text.XMC_SCU_CLOCK_GetExternalOutputClockFrequency
                0x000000000800510c       0x70 lib_build/xmc4_scu.o
                0x000000000800510c                XMC_SCU_CLOCK_GetExternalOutputClockFrequency
 .text.XMC_SCU_CLOCK_GetPeripheralClockFrequency
                0x000000000800517c       0x20 lib_build/xmc4_scu.o
                0x000000000800517c                XMC_SCU_CLOCK_GetPeripheralClockFrequency
 .text.XMC_SCU_CLOCK_SetSystemClockSource
                0x000000000800519c       0x28 lib_build/xmc4_scu.o
                0x000000000800519c                XMC_SCU_CLOCK_SetSystemClockSource
 .text.XMC_SCU_CLOCK_SetUsbClockSource
                0x00000000080051c4       0x28 lib_build/xmc4_scu.o
                0x00000000080051c4                XMC_SCU_CLOCK_SetUsbClockSource
 .text.XMC_SCU_CLOCK_SetWdtClockSource
                0x00000000080051ec       0x28 lib_build/xmc4_scu.o
                0x00000000080051ec                XMC_SCU_CLOCK_SetWdtClockSource
 .text.XMC_SCU_CLOCK_SetExternalOutputClockSource
                0x0000000008005214       0x2c lib_build/xmc4_scu.o
                0x0000000008005214                XMC_SCU_CLOCK_SetExternalOutputClockSource
 .text.XMC_SCU_CLOCK_SetSystemPllClockSource
                0x0000000008005240       0x44 lib_build/xmc4_scu.o
                0x0000000008005240                XMC_SCU_CLOCK_SetSystemPllClockSource
 .text.XMC_SCU_HIB_SetRtcClockSource
                0x0000000008005284       0x40 lib_build/xmc4_scu.o
                0x0000000008005284                XMC_SCU_HIB_SetRtcClockSource
 .text.XMC_SCU_HIB_SetStandbyClockSource
                0x00000000080052c4       0x40 lib_build/xmc4_scu.o
                0x00000000080052c4                XMC_SCU_HIB_SetStandbyClockSource
 .text.XMC_SCU_CLOCK_SetSystemClockDivider
                0x0000000008005304       0x2c lib_build/xmc4_scu.o
                0x0000000008005304                XMC_SCU_CLOCK_SetSystemClockDivider
 .text.XMC_SCU_CLOCK_SetCcuClockDivider
                0x0000000008005330       0x2c lib_build/xmc4_scu.o
                0x0000000008005330                XMC_SCU_CLOCK_SetCcuClockDivider
 .text.XMC_SCU_CLOCK_SetCpuClockDivider
                0x000000000800535c       0x2c lib_build/xmc4_scu.o
                0x000000000800535c                XMC_SCU_CLOCK_SetCpuClockDivider
 .text.XMC_SCU_CLOCK_SetPeripheralClockDivider
                0x0000000008005388       0x2c lib_build/xmc4_scu.o
                0x0000000008005388                XMC_SCU_CLOCK_SetPeripheralClockDivider
 .text.XMC_SCU_CLOCK_SetUsbClockDivider
                0x00000000080053b4       0x2c lib_build/xmc4_scu.o
                0x00000000080053b4                XMC_SCU_CLOCK_SetUsbClockDivider
 .text.XMC_SCU_CLOCK_SetEbuClockDivider
                0x00000000080053e0       0x2c lib_build/xmc4_scu.o
                0x00000000080053e0                XMC_SCU_CLOCK_SetEbuClockDivider
 .text.XMC_SCU_CLOCK_SetWdtClockDivider
                0x000000000800540c       0x2c lib_build/xmc4_scu.o
                0x000000000800540c                XMC_SCU_CLOCK_SetWdtClockDivider
 .text.XMC_SCU_CLOCK_SetExternalOutputClockDivider
                0x0000000008005438       0x30 lib_build/xmc4_scu.o
                0x0000000008005438                XMC_SCU_CLOCK_SetExternalOutputClockDivider
 .text.XMC_SCU_CLOCK_EnableClock
                0x0000000008005468       0x20 lib_build/xmc4_scu.o
                0x0000000008005468                XMC_SCU_CLOCK_EnableClock
 .text.XMC_SCU_CLOCK_DisableClock
                0x0000000008005488       0x20 lib_build/xmc4_scu.o
                0x0000000008005488                XMC_SCU_CLOCK_DisableClock
 .text.XMC_SCU_CLOCK_IsClockEnabled
                0x00000000080054a8       0x2c lib_build/xmc4_scu.o
                0x00000000080054a8                XMC_SCU_CLOCK_IsClockEnabled
 .text.XMC_SCU_POWER_GetEVR13Voltage
                0x00000000080054d4       0x30 lib_build/xmc4_scu.o
                0x00000000080054d4                XMC_SCU_POWER_GetEVR13Voltage
 .text.XMC_SCU_POWER_GetEVR33Voltage
                0x0000000008005504       0x34 lib_build/xmc4_scu.o
                0x0000000008005504                XMC_SCU_POWER_GetEVR33Voltage
 .text.XMC_SCU_CLOCK_EnableUsbPll
                0x0000000008005538       0x24 lib_build/xmc4_scu.o
                0x0000000008005538                XMC_SCU_CLOCK_EnableUsbPll
 .text.XMC_SCU_CLOCK_DisableUsbPll
                0x000000000800555c       0x24 lib_build/xmc4_scu.o
                0x000000000800555c                XMC_SCU_CLOCK_DisableUsbPll
 .text.XMC_SCU_CLOCK_StartUsbPll
                0x0000000008005580       0x78 lib_build/xmc4_scu.o
                0x0000000008005580                XMC_SCU_CLOCK_StartUsbPll
 .text.XMC_SCU_CLOCK_StopUsbPll
                0x00000000080055f8       0x1c lib_build/xmc4_scu.o
                0x00000000080055f8                XMC_SCU_CLOCK_StopUsbPll
 .text.XMC_SCU_CLOCK_SetBackupClockCalibrationMode
                0x0000000008005614       0x4c lib_build/xmc4_scu.o
                0x0000000008005614                XMC_SCU_CLOCK_SetBackupClockCalibrationMode
 .text.XMC_SCU_POWER_EnableUsb
                0x0000000008005660       0x1c lib_build/xmc4_scu.o
                0x0000000008005660                XMC_SCU_POWER_EnableUsb
 .text.XMC_SCU_POWER_DisableUsb
                0x000000000800567c       0x1c lib_build/xmc4_scu.o
                0x000000000800567c                XMC_SCU_POWER_DisableUsb
 .text.XMC_SCU_CLOCK_IsUsbPllLocked
                0x0000000008005698       0x24 lib_build/xmc4_scu.o
                0x0000000008005698                XMC_SCU_CLOCK_IsUsbPllLocked
 .text.XMC_SCU_HIB_EnableHibernateDomain
                0x00000000080056bc       0x58 lib_build/xmc4_scu.o
                0x00000000080056bc                XMC_SCU_HIB_EnableHibernateDomain
 .text.XMC_SCU_HIB_DisableHibernateDomain
                0x0000000008005714       0x24 lib_build/xmc4_scu.o
                0x0000000008005714                XMC_SCU_HIB_DisableHibernateDomain
 .text.XMC_SCU_HIB_IsHibernateDomainEnabled
                0x0000000008005738       0x3c lib_build/xmc4_scu.o
                0x0000000008005738                XMC_SCU_HIB_IsHibernateDomainEnabled
 .text.XMC_SCU_HIB_EnableInternalSlowClock
                0x0000000008005774       0x34 lib_build/xmc4_scu.o
                0x0000000008005774                XMC_SCU_HIB_EnableInternalSlowClock
 .text.XMC_SCU_HIB_DisableInternalSlowClock
                0x00000000080057a8       0x34 lib_build/xmc4_scu.o
                0x00000000080057a8                XMC_SCU_HIB_DisableInternalSlowClock
 .text.XMC_SCU_HIB_ClearEventStatus
                0x00000000080057dc       0x34 lib_build/xmc4_scu.o
                0x00000000080057dc                XMC_SCU_HIB_ClearEventStatus
 .text.XMC_SCU_HIB_TriggerEvent
                0x0000000008005810       0x34 lib_build/xmc4_scu.o
                0x0000000008005810                XMC_SCU_HIB_TriggerEvent
 .text.XMC_SCU_HIB_EnableEvent
                0x0000000008005844       0x38 lib_build/xmc4_scu.o
                0x0000000008005844                XMC_SCU_HIB_EnableEvent
 .text.XMC_SCU_HIB_DisableEvent
                0x000000000800587c       0x3c lib_build/xmc4_scu.o
                0x000000000800587c                XMC_SCU_HIB_DisableEvent
 .text.XMC_SCU_HIB_EnterHibernateState
                0x00000000080058b8       0x34 lib_build/xmc4_scu.o
                0x00000000080058b8                XMC_SCU_HIB_EnterHibernateState
 .text.XMC_SCU_HIB_EnterHibernateStateEx
                0x00000000080058ec       0x1c lib_build/xmc4_scu.o
                0x00000000080058ec                XMC_SCU_HIB_EnterHibernateStateEx
 .text.XMC_SCU_HIB_SetWakeupTriggerInput
                0x0000000008005908       0x50 lib_build/xmc4_scu.o
                0x0000000008005908                XMC_SCU_HIB_SetWakeupTriggerInput
 .text.XMC_SCU_HIB_SetPinMode
                0x0000000008005958       0x54 lib_build/xmc4_scu.o
                0x0000000008005958                XMC_SCU_HIB_SetPinMode
 .text.XMC_SCU_HIB_SetPinOutputLevel
                0x00000000080059ac       0x54 lib_build/xmc4_scu.o
                0x00000000080059ac                XMC_SCU_HIB_SetPinOutputLevel
 .text.XMC_SCU_HIB_SetInput0
                0x0000000008005a00       0x50 lib_build/xmc4_scu.o
                0x0000000008005a00                XMC_SCU_HIB_SetInput0
 .text.XMC_SCU_HIB_SetSR0Input
                0x0000000008005a50       0x40 lib_build/xmc4_scu.o
                0x0000000008005a50                XMC_SCU_HIB_SetSR0Input
 .text.XMC_SCU_CLOCK_IsLowPowerOscillatorStable
                0x0000000008005a90       0x24 lib_build/xmc4_scu.o
                0x0000000008005a90                XMC_SCU_CLOCK_IsLowPowerOscillatorStable
 .text.XMC_SCU_CLOCK_EnableLowPowerOscillator
                0x0000000008005ab4       0x6c lib_build/xmc4_scu.o
                0x0000000008005ab4                XMC_SCU_CLOCK_EnableLowPowerOscillator
 .text.XMC_SCU_CLOCK_DisableLowPowerOscillator
                0x0000000008005b20       0x34 lib_build/xmc4_scu.o
                0x0000000008005b20                XMC_SCU_CLOCK_DisableLowPowerOscillator
 .text.XMC_SCU_CLOCK_EnableLowPowerOscillatorGeneralPurposeInput
                0x0000000008005b54       0x34 lib_build/xmc4_scu.o
                0x0000000008005b54                XMC_SCU_CLOCK_EnableLowPowerOscillatorGeneralPurposeInput
 .text.XMC_SCU_CLOCK_DisableLowPowerOscillatorGeneralPurposeInput
                0x0000000008005b88       0x38 lib_build/xmc4_scu.o
                0x0000000008005b88                XMC_SCU_CLOCK_DisableLowPowerOscillatorGeneralPurposeInput
 .text.XMC_SCU_CLOCK_GetLowPowerOscillatorGeneralPurposeInputStatus
                0x0000000008005bc0       0x1c lib_build/xmc4_scu.o
                0x0000000008005bc0                XMC_SCU_CLOCK_GetLowPowerOscillatorGeneralPurposeInputStatus
 .text.XMC_SCU_CLOCK_EnableHighPerformanceOscillator
                0x0000000008005bdc       0x50 lib_build/xmc4_scu.o
                0x0000000008005bdc                XMC_SCU_CLOCK_EnableHighPerformanceOscillator
 .text.XMC_SCU_CLOCK_IsHighPerformanceOscillatorStable
                0x0000000008005c2c       0x28 lib_build/xmc4_scu.o
                0x0000000008005c2c                XMC_SCU_CLOCK_IsHighPerformanceOscillatorStable
 .text.XMC_SCU_CLOCK_DisableHighPerformanceOscillator
                0x0000000008005c54       0x20 lib_build/xmc4_scu.o
                0x0000000008005c54                XMC_SCU_CLOCK_DisableHighPerformanceOscillator
 .text.XMC_SCU_CLOCK_EnableHighPerformanceOscillatorGeneralPurposeInput
                0x0000000008005c74       0x20 lib_build/xmc4_scu.o
                0x0000000008005c74                XMC_SCU_CLOCK_EnableHighPerformanceOscillatorGeneralPurposeInput
 .text.XMC_SCU_CLOCK_DisableHighPerformanceOscillatorGeneralPurposeInput
                0x0000000008005c94       0x20 lib_build/xmc4_scu.o
                0x0000000008005c94                XMC_SCU_CLOCK_DisableHighPerformanceOscillatorGeneralPurposeInput
 .text.XMC_SCU_CLOCK_GetHighPerformanceOscillatorGeneralPurposeInputStatus
                0x0000000008005cb4       0x1c lib_build/xmc4_scu.o
                0x0000000008005cb4                XMC_SCU_CLOCK_GetHighPerformanceOscillatorGeneralPurposeInputStatus
 .text.XMC_SCU_CLOCK_EnableSystemPll
                0x0000000008005cd0       0x24 lib_build/xmc4_scu.o
                0x0000000008005cd0                XMC_SCU_CLOCK_EnableSystemPll
 .text.XMC_SCU_CLOCK_DisableSystemPll
                0x0000000008005cf4       0x24 lib_build/xmc4_scu.o
                0x0000000008005cf4                XMC_SCU_CLOCK_DisableSystemPll
 .text.XMC_SCU_CLOCK_StartSystemPll
                0x0000000008005d18      0x178 lib_build/xmc4_scu.o
                0x0000000008005d18                XMC_SCU_CLOCK_StartSystemPll
 .text.XMC_SCU_CLOCK_StopSystemPll
                0x0000000008005e90       0x20 lib_build/xmc4_scu.o
                0x0000000008005e90                XMC_SCU_CLOCK_StopSystemPll
 .text.XMC_SCU_CLOCK_StepSystemPllFrequency
                0x0000000008005eb0       0x30 lib_build/xmc4_scu.o
                0x0000000008005eb0                XMC_SCU_CLOCK_StepSystemPllFrequency
 .text.XMC_SCU_CLOCK_IsSystemPllLocked
                0x0000000008005ee0       0x24 lib_build/xmc4_scu.o
                0x0000000008005ee0                XMC_SCU_CLOCK_IsSystemPllLocked
 .text.XMC_SCU_INTERRUPT_SetEventHandler
                0x0000000008005f04       0x58 lib_build/xmc4_scu.o
                0x0000000008005f04                XMC_SCU_INTERRUPT_SetEventHandler
 .text.XMC_SCU_IRQHandler
                0x0000000008005f5c       0x60 lib_build/xmc4_scu.o
                0x0000000008005f5c                XMC_SCU_IRQHandler
 .text          0x0000000008005fbc        0x0 lib_build/EndpointStream_XMC4000.o
 .text.Endpoint_Write_Stream_LE
                0x0000000008005fbc      0x114 lib_build/EndpointStream_XMC4000.o
                0x0000000008005fbc                Endpoint_Write_Stream_LE
 .text.SwapCopy
                0x00000000080060d0       0x44 lib_build/EndpointStream_XMC4000.o
                0x00000000080060d0                SwapCopy
 .text.Endpoint_Write_Stream_BE
                0x0000000008006114       0xe8 lib_build/EndpointStream_XMC4000.o
                0x0000000008006114                Endpoint_Write_Stream_BE
 .text.Endpoint_Read_Stream_LE
                0x00000000080061fc       0xf0 lib_build/EndpointStream_XMC4000.o
                0x00000000080061fc                Endpoint_Read_Stream_LE
 .text.Endpoint_Read_Stream_BE
                0x00000000080062ec       0xf0 lib_build/EndpointStream_XMC4000.o
                0x00000000080062ec                Endpoint_Read_Stream_BE
 .text.Endpoint_Write_Control_Stream_LE
                0x00000000080063dc       0x70 lib_build/EndpointStream_XMC4000.o
                0x00000000080063dc                Endpoint_Write_Control_Stream_LE
 .text.Endpoint_Write_Control_Stream_BE
                0x000000000800644c       0x20 lib_build/EndpointStream_XMC4000.o
                0x000000000800644c                Endpoint_Write_Control_Stream_BE
 .text.Endpoint_Read_Control_Stream_LE
                0x000000000800646c       0x68 lib_build/EndpointStream_XMC4000.o
                0x000000000800646c                Endpoint_Read_Control_Stream_LE
 .text.Endpoint_Read_Control_Stream_BE
                0x00000000080064d4       0x20 lib_build/EndpointStream_XMC4000.o
                0x00000000080064d4                Endpoint_Read_Control_Stream_BE
 .text.Endpoint_Null_Stream
                0x00000000080064f4       0xdc lib_build/EndpointStream_XMC4000.o
                0x00000000080064f4                Endpoint_Null_Stream
 .text          0x00000000080065d0        0x0 lib_build/memcpy.o
 .text.thumb2_memcpy
                0x00000000080065d0       0x3e lib_build/memcpy.o
                0x00000000080065d0                thumb2_memcpy
 .text          0x000000000800660e        0x0 lib_build/startup_XMC4500.o
 .text          0x000000000800660e        0x0 lib_build/system_XMC4500.o
 .text.delay    0x000000000800660e       0x2a lib_build/system_XMC4500.o
 .text.SystemInit
                0x0000000008006638       0x24 lib_build/system_XMC4500.o
                0x0000000008006638                SystemInit
 .text.SystemCoreSetup
                0x000000000800665c       0x70 lib_build/system_XMC4500.o
                0x000000000800665c                SystemCoreSetup
 .text.SystemCoreClockSetup
                0x00000000080066cc      0x208 lib_build/system_XMC4500.o
 .text.SystemCoreClockUpdate
                0x00000000080068d4       0xd4 lib_build/system_XMC4500.o
                0x00000000080068d4                SystemCoreClockUpdate
 .text.OSCHP_GetFrequency
                0x00000000080069a8       0x14 lib_build/system_XMC4500.o
                0x00000000080069a8                OSCHP_GetFrequency
 .text          0x00000000080069bc        0x0 lib_build/syscalls.o
 .text._sbrk    0x00000000080069bc       0x68 lib_build/syscalls.o
                0x00000000080069bc                _sbrk
 .text._init    0x0000000008006a24        0xe lib_build/syscalls.o
                0x0000000008006a24                _init
 .text          0x0000000008006a32        0x0 ../../sodium/lib//libsodium.a(libsodium_la-crypto_secretbox_easy.o)
 .text.crypto_secretbox_detached
                0x0000000008006a32      0x15a ../../sodium/lib//libsodium.a(libsodium_la-crypto_secretbox_easy.o)
                0x0000000008006a32                crypto_secretbox_detached
 .text.crypto_secretbox_easy
                0x0000000008006b8c       0x30 ../../sodium/lib//libsodium.a(libsodium_la-crypto_secretbox_easy.o)
                0x0000000008006b8c                crypto_secretbox_easy
 .text.crypto_secretbox_open_detached
                0x0000000008006bbc      0x13a ../../sodium/lib//libsodium.a(libsodium_la-crypto_secretbox_easy.o)
                0x0000000008006bbc                crypto_secretbox_open_detached
 .text.crypto_secretbox_open_easy
                0x0000000008006cf6       0x2e ../../sodium/lib//libsodium.a(libsodium_la-crypto_secretbox_easy.o)
                0x0000000008006cf6                crypto_secretbox_open_easy
 .text          0x0000000008006d24        0x0 ../../sodium/lib//libsodium.a(libsodium_la-stream_salsa20.o)
 .text.crypto_stream_salsa20_keybytes
                0x0000000008006d24        0x4 ../../sodium/lib//libsodium.a(libsodium_la-stream_salsa20.o)
                0x0000000008006d24                crypto_stream_salsa20_keybytes
 .text.crypto_stream_salsa20_noncebytes
                0x0000000008006d28        0x4 ../../sodium/lib//libsodium.a(libsodium_la-stream_salsa20.o)
                0x0000000008006d28                crypto_stream_salsa20_noncebytes
 .text.crypto_stream_salsa20_messagebytes_max
                0x0000000008006d2c        0x6 ../../sodium/lib//libsodium.a(libsodium_la-stream_salsa20.o)
                0x0000000008006d2c                crypto_stream_salsa20_messagebytes_max
 *fill*         0x0000000008006d32        0x2 
 .text.crypto_stream_salsa20
                0x0000000008006d34       0x14 ../../sodium/lib//libsodium.a(libsodium_la-stream_salsa20.o)
                0x0000000008006d34                crypto_stream_salsa20
 .text.crypto_stream_salsa20_xor_ic
                0x0000000008006d48       0x14 ../../sodium/lib//libsodium.a(libsodium_la-stream_salsa20.o)
                0x0000000008006d48                crypto_stream_salsa20_xor_ic
 .text.crypto_stream_salsa20_xor
                0x0000000008006d5c       0x28 ../../sodium/lib//libsodium.a(libsodium_la-stream_salsa20.o)
                0x0000000008006d5c                crypto_stream_salsa20_xor
 .text.crypto_stream_salsa20_keygen
                0x0000000008006d84        0x6 ../../sodium/lib//libsodium.a(libsodium_la-stream_salsa20.o)
                0x0000000008006d84                crypto_stream_salsa20_keygen
 *fill*         0x0000000008006d8a        0x2 
 .text._crypto_stream_salsa20_pick_best_implementation
                0x0000000008006d8c       0x20 ../../sodium/lib//libsodium.a(libsodium_la-stream_salsa20.o)
                0x0000000008006d8c                _crypto_stream_salsa20_pick_best_implementation
 .text          0x0000000008006dac        0x0 ../../sodium/lib//libsodium.a(libsodium_la-randombytes.o)
 .text.randombytes_set_implementation
                0x0000000008006dac       0x10 ../../sodium/lib//libsodium.a(libsodium_la-randombytes.o)
                0x0000000008006dac                randombytes_set_implementation
 .text.randombytes_stir
                0x0000000008006dbc       0x1c ../../sodium/lib//libsodium.a(libsodium_la-randombytes.o)
                0x0000000008006dbc                randombytes_stir
 .text.randombytes_init_if_needed
                0x0000000008006dd8       0x24 ../../sodium/lib//libsodium.a(libsodium_la-randombytes.o)
 .text.randombytes_implementation_name
                0x0000000008006dfc       0x18 ../../sodium/lib//libsodium.a(libsodium_la-randombytes.o)
                0x0000000008006dfc                randombytes_implementation_name
 .text.randombytes_random
                0x0000000008006e14       0x18 ../../sodium/lib//libsodium.a(libsodium_la-randombytes.o)
                0x0000000008006e14                randombytes_random
 .text.randombytes_uniform
                0x0000000008006e2c       0x44 ../../sodium/lib//libsodium.a(libsodium_la-randombytes.o)
                0x0000000008006e2c                randombytes_uniform
 .text.randombytes_buf
                0x0000000008006e70       0x24 ../../sodium/lib//libsodium.a(libsodium_la-randombytes.o)
                0x0000000008006e70                randombytes_buf
 .text.randombytes_buf_deterministic
                0x0000000008006e94       0x1c ../../sodium/lib//libsodium.a(libsodium_la-randombytes.o)
                0x0000000008006e94                randombytes_buf_deterministic
 .text.randombytes_seedbytes
                0x0000000008006eb0        0x4 ../../sodium/lib//libsodium.a(libsodium_la-randombytes.o)
                0x0000000008006eb0                randombytes_seedbytes
 .text.randombytes_close
                0x0000000008006eb4       0x18 ../../sodium/lib//libsodium.a(libsodium_la-randombytes.o)
                0x0000000008006eb4                randombytes_close
 .text.randombytes
                0x0000000008006ecc       0x34 ../../sodium/lib//libsodium.a(libsodium_la-randombytes.o)
                0x0000000008006ecc                randombytes
 .text          0x0000000008006f00        0x0 ../../sodium/lib//libsodium.a(libsodium_la-core.o)
 .text.sodium_crit_enter
                0x0000000008006f00       0x20 ../../sodium/lib//libsodium.a(libsodium_la-core.o)
                0x0000000008006f00                sodium_crit_enter
 .text.sodium_init
                0x0000000008006f20       0x40 ../../sodium/lib//libsodium.a(libsodium_la-core.o)
                0x0000000008006f20                sodium_init
 .text.sodium_crit_leave
                0x0000000008006f60       0x14 ../../sodium/lib//libsodium.a(libsodium_la-core.o)
                0x0000000008006f60                sodium_crit_leave
 .text.sodium_misuse
                0x0000000008006f74       0x20 ../../sodium/lib//libsodium.a(libsodium_la-core.o)
                0x0000000008006f74                sodium_misuse
 .text.sodium_set_misuse_handler
                0x0000000008006f94       0x24 ../../sodium/lib//libsodium.a(libsodium_la-core.o)
                0x0000000008006f94                sodium_set_misuse_handler
 .text          0x0000000008006fb8        0x0 ../../sodium/lib//libsodium.a(libsodium_la-runtime.o)
 .text._sodium_runtime_get_cpu_features
                0x0000000008006fb8       0x14 ../../sodium/lib//libsodium.a(libsodium_la-runtime.o)
                0x0000000008006fb8                _sodium_runtime_get_cpu_features
 .text.sodium_runtime_has_neon
                0x0000000008006fcc        0xc ../../sodium/lib//libsodium.a(libsodium_la-runtime.o)
                0x0000000008006fcc                sodium_runtime_has_neon
 .text.sodium_runtime_has_sse2
                0x0000000008006fd8        0xc ../../sodium/lib//libsodium.a(libsodium_la-runtime.o)
                0x0000000008006fd8                sodium_runtime_has_sse2
 .text.sodium_runtime_has_sse3
                0x0000000008006fe4        0xc ../../sodium/lib//libsodium.a(libsodium_la-runtime.o)
                0x0000000008006fe4                sodium_runtime_has_sse3
 .text.sodium_runtime_has_ssse3
                0x0000000008006ff0        0xc ../../sodium/lib//libsodium.a(libsodium_la-runtime.o)
                0x0000000008006ff0                sodium_runtime_has_ssse3
 .text.sodium_runtime_has_sse41
                0x0000000008006ffc        0xc ../../sodium/lib//libsodium.a(libsodium_la-runtime.o)
                0x0000000008006ffc                sodium_runtime_has_sse41
 .text.sodium_runtime_has_avx
                0x0000000008007008        0xc ../../sodium/lib//libsodium.a(libsodium_la-runtime.o)
                0x0000000008007008                sodium_runtime_has_avx
 .text.sodium_runtime_has_avx2
                0x0000000008007014        0xc ../../sodium/lib//libsodium.a(libsodium_la-runtime.o)
                0x0000000008007014                sodium_runtime_has_avx2
 .text.sodium_runtime_has_avx512f
                0x0000000008007020        0xc ../../sodium/lib//libsodium.a(libsodium_la-runtime.o)
                0x0000000008007020                sodium_runtime_has_avx512f
 .text.sodium_runtime_has_pclmul
                0x000000000800702c        0xc ../../sodium/lib//libsodium.a(libsodium_la-runtime.o)
                0x000000000800702c                sodium_runtime_has_pclmul
 .text.sodium_runtime_has_aesni
                0x0000000008007038        0xc ../../sodium/lib//libsodium.a(libsodium_la-runtime.o)
                0x0000000008007038                sodium_runtime_has_aesni
 .text          0x0000000008007044        0x0 ../../sodium/lib//libsodium.a(libsodium_la-utils.o)
 .text._sodium_dummy_symbol_to_prevent_memzero_lto
                0x0000000008007044        0x2 ../../sodium/lib//libsodium.a(libsodium_la-utils.o)
                0x0000000008007044                _sodium_dummy_symbol_to_prevent_memzero_lto
 .text.sodium_memzero
                0x0000000008007046        0x4 ../../sodium/lib//libsodium.a(libsodium_la-utils.o)
                0x0000000008007046                sodium_memzero
 .text._sodium_dummy_symbol_to_prevent_memcmp_lto
                0x000000000800704a        0x2 ../../sodium/lib//libsodium.a(libsodium_la-utils.o)
                0x000000000800704a                _sodium_dummy_symbol_to_prevent_memcmp_lto
 .text.sodium_memcmp
                0x000000000800704c       0x3a ../../sodium/lib//libsodium.a(libsodium_la-utils.o)
                0x000000000800704c                sodium_memcmp
 .text._sodium_dummy_symbol_to_prevent_compare_lto
                0x0000000008007086        0x2 ../../sodium/lib//libsodium.a(libsodium_la-utils.o)
                0x0000000008007086                _sodium_dummy_symbol_to_prevent_compare_lto
 .text.sodium_compare
                0x0000000008007088       0x64 ../../sodium/lib//libsodium.a(libsodium_la-utils.o)
                0x0000000008007088                sodium_compare
 .text.sodium_is_zero
                0x00000000080070ec       0x2a ../../sodium/lib//libsodium.a(libsodium_la-utils.o)
                0x00000000080070ec                sodium_is_zero
 .text.sodium_increment
                0x0000000008007116       0x16 ../../sodium/lib//libsodium.a(libsodium_la-utils.o)
                0x0000000008007116                sodium_increment
 .text.sodium_add
                0x000000000800712c       0x20 ../../sodium/lib//libsodium.a(libsodium_la-utils.o)
                0x000000000800712c                sodium_add
 .text._sodium_alloc_init
                0x000000000800714c       0x14 ../../sodium/lib//libsodium.a(libsodium_la-utils.o)
                0x000000000800714c                _sodium_alloc_init
 .text.sodium_mlock
                0x0000000008007160       0x10 ../../sodium/lib//libsodium.a(libsodium_la-utils.o)
                0x0000000008007160                sodium_mlock
 .text.sodium_munlock
                0x0000000008007170       0x14 ../../sodium/lib//libsodium.a(libsodium_la-utils.o)
                0x0000000008007170                sodium_munlock
 .text.sodium_malloc
                0x0000000008007184       0x1e ../../sodium/lib//libsodium.a(libsodium_la-utils.o)
                0x0000000008007184                sodium_malloc
 .text.sodium_allocarray
                0x00000000080071a2       0x26 ../../sodium/lib//libsodium.a(libsodium_la-utils.o)
                0x00000000080071a2                sodium_allocarray
 .text.sodium_free
                0x00000000080071c8        0x4 ../../sodium/lib//libsodium.a(libsodium_la-utils.o)
                0x00000000080071c8                sodium_free
 .text.sodium_mprotect_noaccess
                0x00000000080071cc       0x10 ../../sodium/lib//libsodium.a(libsodium_la-utils.o)
                0x00000000080071cc                sodium_mprotect_noaccess
 .text.sodium_mprotect_readonly
                0x00000000080071dc       0x10 ../../sodium/lib//libsodium.a(libsodium_la-utils.o)
                0x00000000080071dc                sodium_mprotect_readonly
 .text.sodium_mprotect_readwrite
                0x00000000080071ec       0x10 ../../sodium/lib//libsodium.a(libsodium_la-utils.o)
                0x00000000080071ec                sodium_mprotect_readwrite
 .text.sodium_pad
                0x00000000080071fc       0x70 ../../sodium/lib//libsodium.a(libsodium_la-utils.o)
                0x00000000080071fc                sodium_pad
 .text.sodium_unpad
                0x000000000800726c       0x5e ../../sodium/lib//libsodium.a(libsodium_la-utils.o)
                0x000000000800726c                sodium_unpad
 .text          0x00000000080072ca        0x0 ../../sodium/lib//libsodium.a(libsodium_la-randombytes_sysrandom.o)
 *fill*         0x00000000080072ca        0x2 
 .text.randombytes_sysrandom_implementation_name
                0x00000000080072cc        0xc ../../sodium/lib//libsodium.a(libsodium_la-randombytes_sysrandom.o)
 .text.randombytes_sysrandom_close
                0x00000000080072d8       0x28 ../../sodium/lib//libsodium.a(libsodium_la-randombytes_sysrandom.o)
 .text.randombytes_sysrandom_stir
                0x0000000008007300       0xa0 ../../sodium/lib//libsodium.a(libsodium_la-randombytes_sysrandom.o)
 .text.randombytes_sysrandom_buf
                0x00000000080073a0       0xb0 ../../sodium/lib//libsodium.a(libsodium_la-randombytes_sysrandom.o)
 .text.randombytes_sysrandom
                0x0000000008007450       0x14 ../../sodium/lib//libsodium.a(libsodium_la-randombytes_sysrandom.o)
 .text          0x0000000008007464        0x0 ../../sodium/lib//libsodium.a(libsodium_la-salsa20_ref.o)
 .text.stream_ref_xor_ic
                0x0000000008007464      0x112 ../../sodium/lib//libsodium.a(libsodium_la-salsa20_ref.o)
 .text.stream_ref
                0x0000000008007576       0xda ../../sodium/lib//libsodium.a(libsodium_la-salsa20_ref.o)
 .text          0x0000000008007650        0x0 ../../sodium/lib//libsodium.a(libsodium_la-core_hsalsa20_ref2.o)
 .text.crypto_core_hsalsa20
                0x0000000008007650      0x1a8 ../../sodium/lib//libsodium.a(libsodium_la-core_hsalsa20_ref2.o)
                0x0000000008007650                crypto_core_hsalsa20
 .text          0x00000000080077f8        0x0 ../../sodium/lib//libsodium.a(libsodium_la-core_salsa_ref.o)
 .text.crypto_core_salsa
                0x00000000080077f8      0x254 ../../sodium/lib//libsodium.a(libsodium_la-core_salsa_ref.o)
 .text.crypto_core_salsa20
                0x0000000008007a4c       0x10 ../../sodium/lib//libsodium.a(libsodium_la-core_salsa_ref.o)
                0x0000000008007a4c                crypto_core_salsa20
 .text.crypto_core_salsa20_outputbytes
                0x0000000008007a5c        0x4 ../../sodium/lib//libsodium.a(libsodium_la-core_salsa_ref.o)
                0x0000000008007a5c                crypto_core_salsa20_outputbytes
 .text.crypto_core_salsa20_inputbytes
                0x0000000008007a60        0x4 ../../sodium/lib//libsodium.a(libsodium_la-core_salsa_ref.o)
                0x0000000008007a60                crypto_core_salsa20_inputbytes
 .text.crypto_core_salsa20_keybytes
                0x0000000008007a64        0x4 ../../sodium/lib//libsodium.a(libsodium_la-core_salsa_ref.o)
                0x0000000008007a64                crypto_core_salsa20_keybytes
 .text.crypto_core_salsa20_constbytes
                0x0000000008007a68        0x4 ../../sodium/lib//libsodium.a(libsodium_la-core_salsa_ref.o)
                0x0000000008007a68                crypto_core_salsa20_constbytes
 .text.crypto_core_salsa2012
                0x0000000008007a6c       0x10 ../../sodium/lib//libsodium.a(libsodium_la-core_salsa_ref.o)
                0x0000000008007a6c                crypto_core_salsa2012
 .text.crypto_core_salsa2012_outputbytes
                0x0000000008007a7c        0x4 ../../sodium/lib//libsodium.a(libsodium_la-core_salsa_ref.o)
                0x0000000008007a7c                crypto_core_salsa2012_outputbytes
 .text.crypto_core_salsa2012_inputbytes
                0x0000000008007a80        0x4 ../../sodium/lib//libsodium.a(libsodium_la-core_salsa_ref.o)
                0x0000000008007a80                crypto_core_salsa2012_inputbytes
 .text.crypto_core_salsa2012_keybytes
                0x0000000008007a84        0x4 ../../sodium/lib//libsodium.a(libsodium_la-core_salsa_ref.o)
                0x0000000008007a84                crypto_core_salsa2012_keybytes
 .text.crypto_core_salsa2012_constbytes
                0x0000000008007a88        0x4 ../../sodium/lib//libsodium.a(libsodium_la-core_salsa_ref.o)
                0x0000000008007a88                crypto_core_salsa2012_constbytes
 .text.crypto_core_salsa208
                0x0000000008007a8c       0x10 ../../sodium/lib//libsodium.a(libsodium_la-core_salsa_ref.o)
                0x0000000008007a8c                crypto_core_salsa208
 .text.crypto_core_salsa208_outputbytes
                0x0000000008007a9c        0x4 ../../sodium/lib//libsodium.a(libsodium_la-core_salsa_ref.o)
                0x0000000008007a9c                crypto_core_salsa208_outputbytes
 .text.crypto_core_salsa208_inputbytes
                0x0000000008007aa0        0x4 ../../sodium/lib//libsodium.a(libsodium_la-core_salsa_ref.o)
                0x0000000008007aa0                crypto_core_salsa208_inputbytes
 .text.crypto_core_salsa208_keybytes
                0x0000000008007aa4        0x4 ../../sodium/lib//libsodium.a(libsodium_la-core_salsa_ref.o)
                0x0000000008007aa4                crypto_core_salsa208_keybytes
 .text.crypto_core_salsa208_constbytes
                0x0000000008007aa8        0x4 ../../sodium/lib//libsodium.a(libsodium_la-core_salsa_ref.o)
                0x0000000008007aa8                crypto_core_salsa208_constbytes
 .text          0x0000000008007aac        0x0 ../../sodium/lib//libsodium.a(libsodium_la-onetimeauth_poly1305.o)
 .text.crypto_onetimeauth_poly1305
                0x0000000008007aac       0x18 ../../sodium/lib//libsodium.a(libsodium_la-onetimeauth_poly1305.o)
                0x0000000008007aac                crypto_onetimeauth_poly1305
 .text.crypto_onetimeauth_poly1305_verify
                0x0000000008007ac4       0x18 ../../sodium/lib//libsodium.a(libsodium_la-onetimeauth_poly1305.o)
                0x0000000008007ac4                crypto_onetimeauth_poly1305_verify
 .text.crypto_onetimeauth_poly1305_init
                0x0000000008007adc       0x10 ../../sodium/lib//libsodium.a(libsodium_la-onetimeauth_poly1305.o)
                0x0000000008007adc                crypto_onetimeauth_poly1305_init
 .text.crypto_onetimeauth_poly1305_update
                0x0000000008007aec       0x18 ../../sodium/lib//libsodium.a(libsodium_la-onetimeauth_poly1305.o)
                0x0000000008007aec                crypto_onetimeauth_poly1305_update
 .text.crypto_onetimeauth_poly1305_final
                0x0000000008007b04       0x10 ../../sodium/lib//libsodium.a(libsodium_la-onetimeauth_poly1305.o)
                0x0000000008007b04                crypto_onetimeauth_poly1305_final
 .text.crypto_onetimeauth_poly1305_bytes
                0x0000000008007b14        0x4 ../../sodium/lib//libsodium.a(libsodium_la-onetimeauth_poly1305.o)
                0x0000000008007b14                crypto_onetimeauth_poly1305_bytes
 .text.crypto_onetimeauth_poly1305_keybytes
                0x0000000008007b18        0x4 ../../sodium/lib//libsodium.a(libsodium_la-onetimeauth_poly1305.o)
                0x0000000008007b18                crypto_onetimeauth_poly1305_keybytes
 .text.crypto_onetimeauth_poly1305_statebytes
                0x0000000008007b1c        0x6 ../../sodium/lib//libsodium.a(libsodium_la-onetimeauth_poly1305.o)
                0x0000000008007b1c                crypto_onetimeauth_poly1305_statebytes
 .text.crypto_onetimeauth_poly1305_keygen
                0x0000000008007b22        0x6 ../../sodium/lib//libsodium.a(libsodium_la-onetimeauth_poly1305.o)
                0x0000000008007b22                crypto_onetimeauth_poly1305_keygen
 .text._crypto_onetimeauth_poly1305_pick_best_implementation
                0x0000000008007b28       0x20 ../../sodium/lib//libsodium.a(libsodium_la-onetimeauth_poly1305.o)
                0x0000000008007b28                _crypto_onetimeauth_poly1305_pick_best_implementation
 .text          0x0000000008007b48        0x0 ../../sodium/lib//libsodium.a(libsodium_la-poly1305_donna.o)
 .text.poly1305_blocks
                0x0000000008007b48      0x1be ../../sodium/lib//libsodium.a(libsodium_la-poly1305_donna.o)
 .text.poly1305_update
                0x0000000008007d06       0xdc ../../sodium/lib//libsodium.a(libsodium_la-poly1305_donna.o)
 .text.crypto_onetimeauth_poly1305_donna_update
                0x0000000008007de2        0xa ../../sodium/lib//libsodium.a(libsodium_la-poly1305_donna.o)
 .text.poly1305_finish
                0x0000000008007dec      0x170 ../../sodium/lib//libsodium.a(libsodium_la-poly1305_donna.o)
 .text.crypto_onetimeauth_poly1305_donna_final
                0x0000000008007f5c        0xa ../../sodium/lib//libsodium.a(libsodium_la-poly1305_donna.o)
 *fill*         0x0000000008007f66        0x2 
 .text.crypto_onetimeauth_poly1305_donna
                0x0000000008007f68       0xa4 ../../sodium/lib//libsodium.a(libsodium_la-poly1305_donna.o)
 .text.crypto_onetimeauth_poly1305_donna_verify
                0x000000000800800c       0x1e ../../sodium/lib//libsodium.a(libsodium_la-poly1305_donna.o)
 *fill*         0x000000000800802a        0x2 
 .text.crypto_onetimeauth_poly1305_donna_init
                0x000000000800802c       0x70 ../../sodium/lib//libsodium.a(libsodium_la-poly1305_donna.o)
 .text          0x000000000800809c        0x0 ../../sodium/lib//libsodium.a(libsodium_la-stream_chacha20.o)
 .text.crypto_stream_chacha20_keybytes
                0x000000000800809c        0x4 ../../sodium/lib//libsodium.a(libsodium_la-stream_chacha20.o)
                0x000000000800809c                crypto_stream_chacha20_keybytes
 .text.crypto_stream_chacha20_noncebytes
                0x00000000080080a0        0x4 ../../sodium/lib//libsodium.a(libsodium_la-stream_chacha20.o)
                0x00000000080080a0                crypto_stream_chacha20_noncebytes
 .text.crypto_stream_chacha20_messagebytes_max
                0x00000000080080a4        0x6 ../../sodium/lib//libsodium.a(libsodium_la-stream_chacha20.o)
                0x00000000080080a4                crypto_stream_chacha20_messagebytes_max
 .text.crypto_stream_chacha20_ietf_keybytes
                0x00000000080080aa        0x4 ../../sodium/lib//libsodium.a(libsodium_la-stream_chacha20.o)
                0x00000000080080aa                crypto_stream_chacha20_ietf_keybytes
 .text.crypto_stream_chacha20_ietf_noncebytes
                0x00000000080080ae        0x4 ../../sodium/lib//libsodium.a(libsodium_la-stream_chacha20.o)
                0x00000000080080ae                crypto_stream_chacha20_ietf_noncebytes
 .text.crypto_stream_chacha20_ietf_messagebytes_max
                0x00000000080080b2        0x6 ../../sodium/lib//libsodium.a(libsodium_la-stream_chacha20.o)
                0x00000000080080b2                crypto_stream_chacha20_ietf_messagebytes_max
 .text.crypto_stream_chacha20
                0x00000000080080b8       0x14 ../../sodium/lib//libsodium.a(libsodium_la-stream_chacha20.o)
                0x00000000080080b8                crypto_stream_chacha20
 .text.crypto_stream_chacha20_ietf
                0x00000000080080cc       0x14 ../../sodium/lib//libsodium.a(libsodium_la-stream_chacha20.o)
                0x00000000080080cc                crypto_stream_chacha20_ietf
 .text.crypto_stream_chacha20_xor_ic
                0x00000000080080e0       0x14 ../../sodium/lib//libsodium.a(libsodium_la-stream_chacha20.o)
                0x00000000080080e0                crypto_stream_chacha20_xor_ic
 .text.crypto_stream_chacha20_ietf_xor_ic
                0x00000000080080f4       0x14 ../../sodium/lib//libsodium.a(libsodium_la-stream_chacha20.o)
                0x00000000080080f4                crypto_stream_chacha20_ietf_xor_ic
 .text.crypto_stream_chacha20_xor
                0x0000000008008108       0x28 ../../sodium/lib//libsodium.a(libsodium_la-stream_chacha20.o)
                0x0000000008008108                crypto_stream_chacha20_xor
 .text.crypto_stream_chacha20_ietf_xor
                0x0000000008008130       0x24 ../../sodium/lib//libsodium.a(libsodium_la-stream_chacha20.o)
                0x0000000008008130                crypto_stream_chacha20_ietf_xor
 .text.crypto_stream_chacha20_keygen
                0x0000000008008154        0x6 ../../sodium/lib//libsodium.a(libsodium_la-stream_chacha20.o)
                0x0000000008008154                crypto_stream_chacha20_keygen
 .text.crypto_stream_chacha20_ietf_keygen
                0x000000000800815a        0x4 ../../sodium/lib//libsodium.a(libsodium_la-stream_chacha20.o)
                0x000000000800815a                crypto_stream_chacha20_ietf_keygen
 *fill*         0x000000000800815e        0x2 
 .text._crypto_stream_chacha20_pick_best_implementation
                0x0000000008008160       0x20 ../../sodium/lib//libsodium.a(libsodium_la-stream_chacha20.o)
                0x0000000008008160                _crypto_stream_chacha20_pick_best_implementation
 .text          0x0000000008008180        0x0 ../../sodium/lib//libsodium.a(libsodium_la-chacha20_ref.o)
 .text.chacha_keysetup
                0x0000000008008180       0x48 ../../sodium/lib//libsodium.a(libsodium_la-chacha20_ref.o)
 .text.chacha20_encrypt_bytes.part.0
                0x00000000080081c8      0x3d0 ../../sodium/lib//libsodium.a(libsodium_la-chacha20_ref.o)
 .text.stream_ietf_ref
                0x0000000008008598       0x54 ../../sodium/lib//libsodium.a(libsodium_la-chacha20_ref.o)
 .text.stream_ref_xor_ic
                0x00000000080085ec       0x56 ../../sodium/lib//libsodium.a(libsodium_la-chacha20_ref.o)
 .text.stream_ietf_ref_xor_ic
                0x0000000008008642       0x4e ../../sodium/lib//libsodium.a(libsodium_la-chacha20_ref.o)
 .text.stream_ref
                0x0000000008008690       0x58 ../../sodium/lib//libsodium.a(libsodium_la-chacha20_ref.o)
 .text          0x00000000080086e8        0x0 ../../sodium/lib//libsodium.a(libsodium_la-verify.o)
 .text.crypto_verify_n
                0x00000000080086e8       0x30 ../../sodium/lib//libsodium.a(libsodium_la-verify.o)
 .text.crypto_verify_16_bytes
                0x0000000008008718        0x4 ../../sodium/lib//libsodium.a(libsodium_la-verify.o)
                0x0000000008008718                crypto_verify_16_bytes
 .text.crypto_verify_32_bytes
                0x000000000800871c        0x4 ../../sodium/lib//libsodium.a(libsodium_la-verify.o)
                0x000000000800871c                crypto_verify_32_bytes
 .text.crypto_verify_64_bytes
                0x0000000008008720        0x4 ../../sodium/lib//libsodium.a(libsodium_la-verify.o)
                0x0000000008008720                crypto_verify_64_bytes
 .text.crypto_verify_16
                0x0000000008008724        0x6 ../../sodium/lib//libsodium.a(libsodium_la-verify.o)
                0x0000000008008724                crypto_verify_16
 .text.crypto_verify_32
                0x000000000800872a        0x6 ../../sodium/lib//libsodium.a(libsodium_la-verify.o)
                0x000000000800872a                crypto_verify_32
 .text.crypto_verify_64
                0x0000000008008730        0x6 ../../sodium/lib//libsodium.a(libsodium_la-verify.o)
                0x0000000008008730                crypto_verify_64
 .text          0x0000000008008736        0x0 /usr/bin/../lib/gcc/arm-none-eabi/6.3.1/../../../../arm-none-eabi/lib/thumb/v7e-m/libg.a(lib_a-abort.o)
 *fill*         0x0000000008008736        0x2 
 .text.abort    0x0000000008008738       0x10 /usr/bin/../lib/gcc/arm-none-eabi/6.3.1/../../../../arm-none-eabi/lib/thumb/v7e-m/libg.a(lib_a-abort.o)
                0x0000000008008738                abort
 .text          0x0000000008008748        0x0 /usr/bin/../lib/gcc/arm-none-eabi/6.3.1/../../../../arm-none-eabi/lib/thumb/v7e-m/libg.a(lib_a-assert.o)
 .text.__assert_func
                0x0000000008008748       0x3c /usr/bin/../lib/gcc/arm-none-eabi/6.3.1/../../../../arm-none-eabi/lib/thumb/v7e-m/libg.a(lib_a-assert.o)
                0x0000000008008748                __assert_func
 .text.__assert
                0x0000000008008784        0xc /usr/bin/../lib/gcc/arm-none-eabi/6.3.1/../../../../arm-none-eabi/lib/thumb/v7e-m/libg.a(lib_a-assert.o)
                0x0000000008008784                __assert
 .text          0x0000000008008790        0x0 /usr/bin/../lib/gcc/arm-none-eabi/6.3.1/../../../../arm-none-eabi/lib/thumb/v7e-m/libg.a(lib_a-calloc.o)
 .text.calloc   0x0000000008008790       0x10 /usr/bin/../lib/gcc/arm-none-eabi/6.3.1/../../../../arm-none-eabi/lib/thumb/v7e-m/libg.a(lib_a-calloc.o)
                0x0000000008008790                calloc
 .text          0x00000000080087a0        0x0 /usr/bin/../lib/gcc/arm-none-eabi/6.3.1/../../../../arm-none-eabi/lib/thumb/v7e-m/libg.a(lib_a-callocr.o)
 .text._calloc_r
                0x00000000080087a0       0x60 /usr/bin/../lib/gcc/arm-none-eabi/6.3.1/../../../../arm-none-eabi/lib/thumb/v7e-m/libg.a(lib_a-callocr.o)
                0x00000000080087a0                _calloc_r
 .text          0x0000000008008800        0x0 /usr/bin/../lib/gcc/arm-none-eabi/6.3.1/../../../../arm-none-eabi/lib/thumb/v7e-m/libg.a(lib_a-errno.o)
 .text.__errno  0x0000000008008800        0xc /usr/bin/../lib/gcc/arm-none-eabi/6.3.1/../../../../arm-none-eabi/lib/thumb/v7e-m/libg.a(lib_a-errno.o)
                0x0000000008008800                __errno
 .text          0x000000000800880c        0x0 /usr/bin/../lib/gcc/arm-none-eabi/6.3.1/../../../../arm-none-eabi/lib/thumb/v7e-m/libg.a(lib_a-explicit_bzero.o)
 .text.explicit_bzero
                0x000000000800880c        0x4 /usr/bin/../lib/gcc/arm-none-eabi/6.3.1/../../../../arm-none-eabi/lib/thumb/v7e-m/libg.a(lib_a-explicit_bzero.o)
                0x000000000800880c                explicit_bzero
 .text          0x0000000008008810        0x0 /usr/bin/../lib/gcc/arm-none-eabi/6.3.1/../../../../arm-none-eabi/lib/thumb/v7e-m/libg.a(lib_a-fiprintf.o)
 .text._fiprintf_r
                0x0000000008008810       0x1c /usr/bin/../lib/gcc/arm-none-eabi/6.3.1/../../../../arm-none-eabi/lib/thumb/v7e-m/libg.a(lib_a-fiprintf.o)
                0x0000000008008810                _fiprintf_r
 .text.fiprintf
                0x000000000800882c       0x28 /usr/bin/../lib/gcc/arm-none-eabi/6.3.1/../../../../arm-none-eabi/lib/thumb/v7e-m/libg.a(lib_a-fiprintf.o)
                0x000000000800882c                fiprintf
 .text          0x0000000008008854        0x0 /usr/bin/../lib/gcc/arm-none-eabi/6.3.1/../../../../arm-none-eabi/lib/thumb/v7e-m/libg.a(lib_a-impure.o)
 .text          0x0000000008008854        0x0 /usr/bin/../lib/gcc/arm-none-eabi/6.3.1/../../../../arm-none-eabi/lib/thumb/v7e-m/libg.a(lib_a-init.o)
 .text.__libc_init_array
                0x0000000008008854       0x50 /usr/bin/../lib/gcc/arm-none-eabi/6.3.1/../../../../arm-none-eabi/lib/thumb/v7e-m/libg.a(lib_a-init.o)
                0x0000000008008854                __libc_init_array
 .text          0x00000000080088a4        0x0 /usr/bin/../lib/gcc/arm-none-eabi/6.3.1/../../../../arm-none-eabi/lib/thumb/v7e-m/libg.a(lib_a-malloc.o)
 .text.malloc   0x00000000080088a4       0x10 /usr/bin/../lib/gcc/arm-none-eabi/6.3.1/../../../../arm-none-eabi/lib/thumb/v7e-m/libg.a(lib_a-malloc.o)
                0x00000000080088a4                malloc
 .text.free     0x00000000080088b4       0x10 /usr/bin/../lib/gcc/arm-none-eabi/6.3.1/../../../../arm-none-eabi/lib/thumb/v7e-m/libg.a(lib_a-malloc.o)
                0x00000000080088b4                free
 .text          0x00000000080088c4        0x0 /usr/bin/../lib/gcc/arm-none-eabi/6.3.1/../../../../arm-none-eabi/lib/thumb/v7e-m/libg.a(lib_a-mallocr.o)
 .text._malloc_r
                0x00000000080088c4      0x560 /usr/bin/../lib/gcc/arm-none-eabi/6.3.1/../../../../arm-none-eabi/lib/thumb/v7e-m/libg.a(lib_a-mallocr.o)
                0x00000000080088c4                _malloc_r
 .text          0x0000000008008e24      0x134 /usr/bin/../lib/gcc/arm-none-eabi/6.3.1/../../../../arm-none-eabi/lib/thumb/v7e-m/libg.a(lib_a-memcpy.o)
                0x0000000008008e24                memcpy
 .text          0x0000000008008f58        0x0 /usr/bin/../lib/gcc/arm-none-eabi/6.3.1/../../../../arm-none-eabi/lib/thumb/v7e-m/libg.a(lib_a-memmove.o)
 .text.memmove  0x0000000008008f58       0xc8 /usr/bin/../lib/gcc/arm-none-eabi/6.3.1/../../../../arm-none-eabi/lib/thumb/v7e-m/libg.a(lib_a-memmove.o)
                0x0000000008008f58                memmove
 .text          0x0000000008009020        0x0 /usr/bin/../lib/gcc/arm-none-eabi/6.3.1/../../../../arm-none-eabi/lib/thumb/v7e-m/libg.a(lib_a-memset.o)
 .text.memset   0x0000000008009020       0x9c /usr/bin/../lib/gcc/arm-none-eabi/6.3.1/../../../../arm-none-eabi/lib/thumb/v7e-m/libg.a(lib_a-memset.o)
                0x0000000008009020                memset
 .text          0x00000000080090bc        0x0 /usr/bin/../lib/gcc/arm-none-eabi/6.3.1/../../../../arm-none-eabi/lib/thumb/v7e-m/libg.a(lib_a-mlock.o)
 .text.__malloc_lock
                0x00000000080090bc        0xc /usr/bin/../lib/gcc/arm-none-eabi/6.3.1/../../../../arm-none-eabi/lib/thumb/v7e-m/libg.a(lib_a-mlock.o)
                0x00000000080090bc                __malloc_lock
 .text.__malloc_unlock
                0x00000000080090c8        0xc /usr/bin/../lib/gcc/arm-none-eabi/6.3.1/../../../../arm-none-eabi/lib/thumb/v7e-m/libg.a(lib_a-mlock.o)
                0x00000000080090c8                __malloc_unlock
 .text          0x00000000080090d4        0x0 /usr/bin/../lib/gcc/arm-none-eabi/6.3.1/../../../../arm-none-eabi/lib/thumb/v7e-m/libg.a(lib_a-sbrkr.o)
 .text._sbrk_r  0x00000000080090d4       0x24 /usr/bin/../lib/gcc/arm-none-eabi/6.3.1/../../../../arm-none-eabi/lib/thumb/v7e-m/libg.a(lib_a-sbrkr.o)
                0x00000000080090d4                _sbrk_r
 .text          0x00000000080090f8        0x0 /usr/bin/../lib/gcc/arm-none-eabi/6.3.1/../../../../arm-none-eabi/lib/thumb/v7e-m/libg.a(lib_a-signal.o)
 .text._init_signal_r.part.0
                0x00000000080090f8       0x28 /usr/bin/../lib/gcc/arm-none-eabi/6.3.1/../../../../arm-none-eabi/lib/thumb/v7e-m/libg.a(lib_a-signal.o)
 .text._init_signal_r
                0x0000000008009120       0x10 /usr/bin/../lib/gcc/arm-none-eabi/6.3.1/../../../../arm-none-eabi/lib/thumb/v7e-m/libg.a(lib_a-signal.o)
                0x0000000008009120                _init_signal_r
 .text._signal_r
                0x0000000008009130       0x44 /usr/bin/../lib/gcc/arm-none-eabi/6.3.1/../../../../arm-none-eabi/lib/thumb/v7e-m/libg.a(lib_a-signal.o)
                0x0000000008009130                _signal_r
 .text._raise_r
                0x0000000008009174       0x60 /usr/bin/../lib/gcc/arm-none-eabi/6.3.1/../../../../arm-none-eabi/lib/thumb/v7e-m/libg.a(lib_a-signal.o)
                0x0000000008009174                _raise_r
 .text.__sigtramp_r
                0x00000000080091d4       0x5c /usr/bin/../lib/gcc/arm-none-eabi/6.3.1/../../../../arm-none-eabi/lib/thumb/v7e-m/libg.a(lib_a-signal.o)
                0x00000000080091d4                __sigtramp_r
 .text.raise    0x0000000008009230       0x10 /usr/bin/../lib/gcc/arm-none-eabi/6.3.1/../../../../arm-none-eabi/lib/thumb/v7e-m/libg.a(lib_a-signal.o)
                0x0000000008009230                raise
 .text.signal   0x0000000008009240       0x10 /usr/bin/../lib/gcc/arm-none-eabi/6.3.1/../../../../arm-none-eabi/lib/thumb/v7e-m/libg.a(lib_a-signal.o)
                0x0000000008009240                signal
 .text._init_signal
                0x0000000008009250       0x18 /usr/bin/../lib/gcc/arm-none-eabi/6.3.1/../../../../arm-none-eabi/lib/thumb/v7e-m/libg.a(lib_a-signal.o)
                0x0000000008009250                _init_signal
 .text.__sigtramp
                0x0000000008009268       0x10 /usr/bin/../lib/gcc/arm-none-eabi/6.3.1/../../../../arm-none-eabi/lib/thumb/v7e-m/libg.a(lib_a-signal.o)
                0x0000000008009268                __sigtramp
 .text          0x0000000008009278        0x0 /usr/bin/../lib/gcc/arm-none-eabi/6.3.1/../../../../arm-none-eabi/lib/thumb/v7e-m/libg.a(lib_a-signalr.o)
 .text._kill_r  0x0000000008009278       0x28 /usr/bin/../lib/gcc/arm-none-eabi/6.3.1/../../../../arm-none-eabi/lib/thumb/v7e-m/libg.a(lib_a-signalr.o)
                0x0000000008009278                _kill_r
 .text._getpid_r
                0x00000000080092a0        0x4 /usr/bin/../lib/gcc/arm-none-eabi/6.3.1/../../../../arm-none-eabi/lib/thumb/v7e-m/libg.a(lib_a-signalr.o)
                0x00000000080092a0                _getpid_r
 *fill*         0x00000000080092a4       0x1c 
 .text          0x00000000080092c0       0xdc /usr/bin/../lib/gcc/arm-none-eabi/6.3.1/../../../../arm-none-eabi/lib/thumb/v7e-m/libg.a(lib_a-strlen.o)
                0x00000000080092c0                strlen
 .text          0x000000000800939c        0x0 /usr/bin/../lib/gcc/arm-none-eabi/6.3.1/../../../../arm-none-eabi/lib/thumb/v7e-m/libg.a(lib_a-sysclose.o)
 .text.close    0x000000000800939c       0x10 /usr/bin/../lib/gcc/arm-none-eabi/6.3.1/../../../../arm-none-eabi/lib/thumb/v7e-m/libg.a(lib_a-sysclose.o)
                0x000000000800939c                close
 .text          0x00000000080093ac        0x0 /usr/bin/../lib/gcc/arm-none-eabi/6.3.1/../../../../arm-none-eabi/lib/thumb/v7e-m/libg.a(lib_a-sysfcntl.o)
 .text.fcntl    0x00000000080093ac       0x10 /usr/bin/../lib/gcc/arm-none-eabi/6.3.1/../../../../arm-none-eabi/lib/thumb/v7e-m/libg.a(lib_a-sysfcntl.o)
                0x00000000080093ac                fcntl
 .text          0x00000000080093bc        0x0 /usr/bin/../lib/gcc/arm-none-eabi/6.3.1/../../../../arm-none-eabi/lib/thumb/v7e-m/libg.a(lib_a-sysfstat.o)
 .text.fstat    0x00000000080093bc       0x10 /usr/bin/../lib/gcc/arm-none-eabi/6.3.1/../../../../arm-none-eabi/lib/thumb/v7e-m/libg.a(lib_a-sysfstat.o)
                0x00000000080093bc                fstat
 .text          0x00000000080093cc        0x0 /usr/bin/../lib/gcc/arm-none-eabi/6.3.1/../../../../arm-none-eabi/lib/thumb/v7e-m/libg.a(lib_a-sysopen.o)
 .text.open     0x00000000080093cc       0x28 /usr/bin/../lib/gcc/arm-none-eabi/6.3.1/../../../../arm-none-eabi/lib/thumb/v7e-m/libg.a(lib_a-sysopen.o)
                0x00000000080093cc                open
 .text          0x00000000080093f4        0x0 /usr/bin/../lib/gcc/arm-none-eabi/6.3.1/../../../../arm-none-eabi/lib/thumb/v7e-m/libg.a(lib_a-sysread.o)
 .text.read     0x00000000080093f4       0x18 /usr/bin/../lib/gcc/arm-none-eabi/6.3.1/../../../../arm-none-eabi/lib/thumb/v7e-m/libg.a(lib_a-sysread.o)
                0x00000000080093f4                read
 .text          0x000000000800940c        0x0 /usr/bin/../lib/gcc/arm-none-eabi/6.3.1/../../../../arm-none-eabi/lib/thumb/v7e-m/libg.a(lib_a-vfiprintf.o)
 .text.__sprint_r.part.0
                0x000000000800940c       0x80 /usr/bin/../lib/gcc/arm-none-eabi/6.3.1/../../../../arm-none-eabi/lib/thumb/v7e-m/libg.a(lib_a-vfiprintf.o)
 .text.__sprint_r
                0x000000000800948c       0x14 /usr/bin/../lib/gcc/arm-none-eabi/6.3.1/../../../../arm-none-eabi/lib/thumb/v7e-m/libg.a(lib_a-vfiprintf.o)
                0x000000000800948c                __sprint_r
 .text._vfiprintf_r
                0x00000000080094a0      0xc90 /usr/bin/../lib/gcc/arm-none-eabi/6.3.1/../../../../arm-none-eabi/lib/thumb/v7e-m/libg.a(lib_a-vfiprintf.o)
                0x00000000080094a0                _vfiprintf_r
 .text.vfiprintf
                0x000000000800a130       0x18 /usr/bin/../lib/gcc/arm-none-eabi/6.3.1/../../../../arm-none-eabi/lib/thumb/v7e-m/libg.a(lib_a-vfiprintf.o)
                0x000000000800a130                vfiprintf
 .text.__sbprintf
                0x000000000800a148       0x84 /usr/bin/../lib/gcc/arm-none-eabi/6.3.1/../../../../arm-none-eabi/lib/thumb/v7e-m/libg.a(lib_a-vfiprintf.o)
 .text          0x000000000800a1cc        0x0 /usr/bin/../lib/gcc/arm-none-eabi/6.3.1/../../../../arm-none-eabi/lib/thumb/v7e-m/libg.a(lib_a-wsetup.o)
 .text.__swsetup_r
                0x000000000800a1cc       0xc8 /usr/bin/../lib/gcc/arm-none-eabi/6.3.1/../../../../arm-none-eabi/lib/thumb/v7e-m/libg.a(lib_a-wsetup.o)
                0x000000000800a1cc                __swsetup_r
 .text          0x000000000800a294        0x0 /usr/bin/../lib/gcc/arm-none-eabi/6.3.1/../../../../arm-none-eabi/lib/thumb/v7e-m/libg.a(lib_a-bzero.o)
 .text.bzero    0x000000000800a294       0x10 /usr/bin/../lib/gcc/arm-none-eabi/6.3.1/../../../../arm-none-eabi/lib/thumb/v7e-m/libg.a(lib_a-bzero.o)
                0x000000000800a294                bzero
 .text          0x000000000800a2a4        0x0 /usr/bin/../lib/gcc/arm-none-eabi/6.3.1/../../../../arm-none-eabi/lib/thumb/v7e-m/libg.a(lib_a-closer.o)
 .text._close_r
                0x000000000800a2a4       0x24 /usr/bin/../lib/gcc/arm-none-eabi/6.3.1/../../../../arm-none-eabi/lib/thumb/v7e-m/libg.a(lib_a-closer.o)
                0x000000000800a2a4                _close_r
 .text          0x000000000800a2c8        0x0 /usr/bin/../lib/gcc/arm-none-eabi/6.3.1/../../../../arm-none-eabi/lib/thumb/v7e-m/libg.a(lib_a-fflush.o)
 .text.__sflush_r
                0x000000000800a2c8      0x140 /usr/bin/../lib/gcc/arm-none-eabi/6.3.1/../../../../arm-none-eabi/lib/thumb/v7e-m/libg.a(lib_a-fflush.o)
                0x000000000800a2c8                __sflush_r
 .text._fflush_r
                0x000000000800a408       0x54 /usr/bin/../lib/gcc/arm-none-eabi/6.3.1/../../../../arm-none-eabi/lib/thumb/v7e-m/libg.a(lib_a-fflush.o)